6699  select(12, [6], [7 9 11], NULL, NULL <unfinished ...>
6704  write(1, " with that fair and warlike form"..., 1000 <unfinished ...>
6699  <... select resumed> )            = 2 (in [6], out [11])
6699  write(11, "the land.\nBERNARDO\nI think it be"..., 3000) = 3000
6704  <... write resumed> )             = 1000
6699  read(6,  <unfinished ...>
6704  read(8,  <unfinished ...>
6699  <... read resumed> "S\nGood now, sit down, and tell m"..., 1000) = 1000
6699  select(12, [5], [7 9 10], NULL, NULL) = 2 (in [5], out [10])
6699  read(5, "RUDE, HAMLET, POLONIUS, LAERTES,"..., 3000) = 3000
6699  write(10, "S\nGood now, sit down, and tell m"..., 1000) = 1000
6704  <... read resumed> "S\nGood now, sit down, and tell m"..., 93000) = 1000
6699  select(12, [6], [7 9 11], NULL, NULL <unfinished ...>
6704  write(1, "S\nGood now, sit down, and tell m"..., 1000 <unfinished ...>
6699  <... select resumed> )            = 2 (in [6], out [11])
6699  write(11, "RUDE, HAMLET, POLONIUS, LAERTES,"..., 3000 <unfinished ...>
6704  <... write resumed> )             = 1000
6699  <... write resumed> )             = 3000
6704  read(8,  <unfinished ...>
6699  read(6, "itance of Fortinbras,\nHad he bee"..., 1000) = 1000
6699  select(12, [5], [7 9 10], NULL, NULL) = 2 (in [5], out [10])
6699  read(5, "Aside] A little more than kin, a"..., 3000) = 3000
6699  write(10, "itance of Fortinbras,\nHad he bee"..., 1000) = 1000
6704  <... read resumed> "itance of Fortinbras,\nHad he bee"..., 92000) = 1000
6699  select(12, [6], [7 9 11], NULL, NULL <unfinished ...>
6704  write(1, "itance of Fortinbras,\nHad he bee"..., 1000 <unfinished ...>
6699  <... select resumed> )            = 2 (in [6], out [11])
6699  write(11, "Aside] A little more than kin, a"..., 3000) = 3000
6704  <... write resumed> )             = 1000
6699  read(6,  <unfinished ...>
6704  read(8,  <unfinished ...>
6699  <... read resumed> "d the sheeted dead\nDid squeak an"..., 1000) = 1000
6699  select(12, [5], [7 9 10], NULL, NULL) = 2 (in [5], out [10])
6699  read(5, "canon 'gainst self-slaughter! O "..., 3000) = 3000
6699  write(10, "d the sheeted dead\nDid squeak an"..., 1000) = 1000
6704  <... read resumed> "d the sheeted dead\nDid squeak an"..., 91000) = 1000
6699  select(12, [6], [7 9 11], NULL, NULL <unfinished ...>
6704  write(1, "d the sheeted dead\nDid squeak an"..., 1000 <unfinished ...>
6699  <... select resumed> )            = 2 (in [6], out [11])
6699  write(11, "canon 'gainst self-slaughter! O "..., 3000) = 3000
6704  <... write resumed> )             = 1000
6699  read(6,  <unfinished ...>
6704  read(8,  <unfinished ...>
6699  <... read resumed> " strike at it with my partisan?\n"..., 1000) = 1000
6699  select(12, [5], [7 9 10], NULL, NULL) = 2 (in [5], out [10])
6699  read(5, "ght,\nBeen thus encounter'd. A fi"..., 3000) = 3000
6699  write(10, " strike at it with my partisan?\n"..., 1000) = 1000
6704  <... read resumed> " strike at it with my partisan?\n"..., 90000) = 1000
6699  select(12, [6], [7 9 11], NULL, NULL <unfinished ...>
6704  write(1, " strike at it with my partisan?\n"..., 1000 <unfinished ...>
6699  <... select resumed> )            = 2 (in [6], out [11])
6699  write(11, "ght,\nBeen thus encounter'd. A fi"..., 3000) = 3000
6704  <... write resumed> )             = 1000
6699  read(6,  <unfinished ...>
6704  read(8,  <unfinished ...>
6699  <... read resumed> "kes, nor witch hath power to cha"..., 1000) = 1000
6699  select(12, [5], [7 9 10], NULL, NULL) = 2 (in [5], out [10])
6699  read(5, "ELIA\nDo you doubt that?\nLAERTES\n"..., 3000) = 3000
6699  write(10, "kes, nor witch hath power to cha"..., 1000) = 1000
6704  <... read resumed> "kes, nor witch hath power to cha"..., 89000) = 1000
6699  select(12, [6], [7 9 11], NULL, NULL <unfinished ...>
6704  write(1, "kes, nor witch hath power to cha"..., 1000 <unfinished ...>
6699  <... select resumed> )            = 2 (in [6], out [11])
6699  write(11, "ELIA\nDo you doubt that?\nLAERTES\n"..., 3000) = 3000
6704  <... write resumed> )             = 1000
6699  read(6,  <unfinished ...>
6704  read(8,  <unfinished ...>
6699  <... read resumed> "im,\nTogether with remembrance of"..., 1000) = 1000
6699  select(12, [5], [7 9 10], NULL, NULL) = 2 (in [5], out [10])
6699  read(5, "oft proclaims the man,\nAnd they "..., 3000) = 3000
6699  write(10, "im,\nTogether with remembrance of"..., 1000) = 1000
6704  <... read resumed> "im,\nTogether with remembrance of"..., 88000) = 1000
6699  select(12, [6], [7 9 11], NULL, NULL <unfinished ...>
6704  write(1, "im,\nTogether with remembrance of"..., 1000 <unfinished ...>
6699  <... select resumed> )            = 2 (in [6], out [11])
6699  write(11, "oft proclaims the man,\nAnd they "..., 3000 <unfinished ...>
6704  <... write resumed> )             = 1000
6699  <... write resumed> )             = 3000
6704  read(8,  <unfinished ...>
6699  read(6, "ars\nOf this his nephew's purpose"..., 1000) = 1000
6699  select(12, [5], [7 9 10], NULL, NULL) = 2 (in [5], out [10])
6699  read(5, "d.\nHORATIO\nIt is a nipping and a"..., 3000) = 3000
6699  write(10, "ars\nOf this his nephew's purpose"..., 1000) = 1000
6704  <... read resumed> "ars\nOf this his nephew's purpose"..., 87000) = 1000
6699  select(12, [6], [7 9 11], NULL, NULL <unfinished ...>
6704  write(1, "ars\nOf this his nephew's purpose"..., 1000 <unfinished ...>
6699  <... select resumed> )            = 2 (in [6], out [11])
6699  write(11, "d.\nHORATIO\nIt is a nipping and a"..., 3000 <unfinished ...>
6704  <... write resumed> )             = 1000
6699  <... write resumed> )             = 3000
6704  read(8,  <unfinished ...>
6699  read(6, "leave and favour to return to Fr"..., 1000) = 1000
6699  select(12, [5], [7 9 10], NULL, NULL) = 2 (in [5], out [10])
6699  read(5, " forth again: I'll follow it.\nHO"..., 3000) = 3000
6699  write(10, "leave and favour to return to Fr"..., 1000) = 1000
6704  <... read resumed> "leave and favour to return to Fr"..., 86000) = 1000
6699  select(12, [6], [7 9 11], NULL, NULL <unfinished ...>
6704  write(1, "leave and favour to return to Fr"..., 1000 <unfinished ...>
6699  <... select resumed> )            = 1 (in [6])
6699  read(6, "st 'tis common; all that lives m"..., 1000) = 1000
6704  <... write resumed> )             = 1000
6699  select(12, [], [7 9 10 11], NULL, NULL <unfinished ...>
6704  read(8,  <unfinished ...>
6699  <... select resumed> )            = 1 (out [10])
6699  write(10, "st 'tis common; all that lives m"..., 1000) = 1000
6704  <... read resumed> "st 'tis common; all that lives m"..., 85000) = 1000
6699  select(12, [6], [7 9 11], NULL, NULL <unfinished ...>
6704  write(1, "st 'tis common; all that lives m"..., 1000 <unfinished ...>
6699  <... select resumed> )            = 1 (in [6])
6699  read(6, "s unmanly grief;\nIt shows a will"..., 1000) = 1000
6704  <... write resumed> )             = 1000
6699  select(12, [], [7 9 10 11], NULL, NULL <unfinished ...>
6704  read(8,  <unfinished ...>
6699  <... select resumed> )            = 1 (out [10])
6699  write(10, "s unmanly grief;\nIt shows a will"..., 1000) = 1000
6704  <... read resumed> "s unmanly grief;\nIt shows a will"..., 84000) = 1000
6699  select(12, [6], [7 9 11], NULL, NULL <unfinished ...>
6704  write(1, "s unmanly grief;\nIt shows a will"..., 1000 <unfinished ...>
6699  <... select resumed> )            = 1 (in [6])
6699  read(6,  <unfinished ...>
6704  <... write resumed> )             = 1000
6699  <... read resumed> " not thy mother lose her prayers"..., 1000) = 1000
6704  read(8,  <unfinished ...>
6699  select(12, [], [7 9 10 11], NULL, NULL) = 1 (out [10])
6699  write(10, " not thy mother lose her prayers"..., 1000) = 1000
6704  <... read resumed> " not thy mother lose her prayers"..., 83000) = 1000
6699  select(12, [6], [7 9 11], NULL, NULL <unfinished ...>
6704  write(1, " not thy mother lose her prayers"..., 1000 <unfinished ...>
6699  <... select resumed> )            = 1 (in [6])
6699  read(6,  <unfinished ...>
6704  <... write resumed> )             = 1000
6699  <... read resumed> "\nHyperion to a satyr; so loving "..., 1000) = 1000
6704  read(8,  <unfinished ...>
6699  select(12, [], [7 9 10 11], NULL, NULL) = 1 (out [10])
6699  write(10, "\nHyperion to a satyr; so loving "..., 1000) = 1000
6704  <... read resumed> "\nHyperion to a satyr; so loving "..., 82000) = 1000
6699  select(12, [6], [7 9 11], NULL, NULL <unfinished ...>
6704  write(1, "\nHyperion to a satyr; so loving "..., 1000 <unfinished ...>
6699  <... select resumed> )            = 1 (in [6])
6699  read(6,  <unfinished ...>
6704  <... write resumed> )             = 1000
6699  <... read resumed> "io,--or I do forget myself.\nHORA"..., 1000) = 1000
6704  read(8,  <unfinished ...>
6699  select(12, [], [7 9 10 11], NULL, NULL) = 1 (out [10])
6699  write(10, "io,--or I do forget myself.\nHORA"..., 1000) = 1000
6704  <... read resumed> "io,--or I do forget myself.\nHORA"..., 81000) = 1000
6699  select(12, [6], [7 9 11], NULL, NULL <unfinished ...>
6704  write(1, "io,--or I do forget myself.\nHORA"..., 1000 <unfinished ...>
6699  <... select resumed> )            = 1 (in [6])
6699  read(6, "--methinks I see my father.\nHORA"..., 1000) = 1000
6699  select(12, [], [7 9 10 11], NULL, NULL <unfinished ...>
6704  <... write resumed> )             = 1000
6699  <... select resumed> )            = 1 (out [10])
6704  read(8,  <unfinished ...>
6699  write(10, "--methinks I see my father.\nHORA"..., 1000) = 1000
6704  <... read resumed> "--methinks I see my father.\nHORA"..., 80000) = 1000
6699  select(12, [6], [7 9 11], NULL, NULL <unfinished ...>
6704  write(1, "--methinks I see my father.\nHORA"..., 1000 <unfinished ...>
6699  <... select resumed> )            = 1 (in [6])
6699  read(6,  <unfinished ...>
6704  <... write resumed> )             = 1000
6699  <... read resumed> "s to me\nIn dreadful secrecy impa"..., 1000) = 1000
6704  read(8,  <unfinished ...>
6699  select(12, [], [7 9 10 11], NULL, NULL) = 1 (out [10])
6699  write(10, "s to me\nIn dreadful secrecy impa"..., 1000) = 1000
6704  <... read resumed> "s to me\nIn dreadful secrecy impa"..., 79000) = 1000
6699  select(12, [6], [7 9 11], NULL, NULL <unfinished ...>
6704  write(1, "s to me\nIn dreadful secrecy impa"..., 1000 <unfinished ...>
6699  <... select resumed> )            = 1 (in [6])
6699  read(6,  <unfinished ...>
6704  <... write resumed> )             = 1000
6699  <... read resumed> " from head to foot.\nHAMLET\nThen "..., 1000) = 1000
6704  read(8,  <unfinished ...>
6699  select(12, [], [7 9 10 11], NULL, NULL) = 1 (out [10])
6699  write(10, " from head to foot.\nHAMLET\nThen "..., 1000) = 1000
6704  <... read resumed> " from head to foot.\nHAMLET\nThen "..., 78000) = 1000
6699  select(12, [6], [7 9 11], NULL, NULL <unfinished ...>
6704  write(1, " from head to foot.\nHAMLET\nThen "..., 1000 <unfinished ...>
6699  <... select resumed> )            = 1 (in [6])
6699  read(6, "ing, but no tongue:\nI will requi"..., 1000) = 1000
6704  <... write resumed> )             = 1000
6699  select(12, [], [7 9 10 11], NULL, NULL <unfinished ...>
6704  read(8,  <unfinished ...>
6699  <... select resumed> )            = 1 (out [10])
6699  write(10, "ing, but no tongue:\nI will requi"..., 1000) = 1000
6704  <... read resumed> "ing, but no tongue:\nI will requi"..., 77000) = 1000
6699  select(12, [6], [7 9 11], NULL, NULL <unfinished ...>
6704  write(1, "ing, but no tongue:\nI will requi"..., 1000 <unfinished ...>
6699  <... select resumed> )            = 1 (in [6])
6699  read(6,  <unfinished ...>
6704  <... write resumed> )             = 1000
6699  <... read resumed> "lk, but, as this temple waxes,\nT"..., 1000) = 1000
6704  read(8,  <unfinished ...>
6699  select(12, [], [7 9 10 11], NULL, NULL) = 1 (out [10])
6699  write(10, "lk, but, as this temple waxes,\nT"..., 1000) = 1000
6704  <... read resumed> "lk, but, as this temple waxes,\nT"..., 76000) = 1000
6699  select(12, [6], [7 9 11], NULL, NULL <unfinished ...>
6704  write(1, "lk, but, as this temple waxes,\nT"..., 1000 <unfinished ...>
6699  <... select resumed> )            = 1 (in [6])
6699  read(6,  <unfinished ...>
6704  <... write resumed> )             = 1000
6699  <... read resumed> "danger of desire.\nThe chariest m"..., 1000) = 1000
6704  read(8,  <unfinished ...>
6699  select(12, [], [7 9 10 11], NULL, NULL) = 1 (out [10])
6699  write(10, "danger of desire.\nThe chariest m"..., 1000) = 1000
6704  <... read resumed> "danger of desire.\nThe chariest m"..., 75000) = 1000
6699  select(12, [6], [7 9 11], NULL, NULL <unfinished ...>
6704  write(1, "danger of desire.\nThe chariest m"..., 1000 <unfinished ...>
6699  <... select resumed> )            = 1 (in [6])
6699  read(6, "ng with thee!\nAnd these few prec"..., 1000) = 1000
6704  <... write resumed> )             = 1000
6699  select(12, [], [7 9 10 11], NULL, NULL <unfinished ...>
6704  read(8,  <unfinished ...>
6699  <... select resumed> )            = 1 (out [10])
6699  write(10, "ng with thee!\nAnd these few prec"..., 1000) = 1000
6704  <... read resumed> "ng with thee!\nAnd these few prec"..., 74000) = 1000
6699  select(12, [6], [7 9 11], NULL, NULL <unfinished ...>
6704  write(1, "ng with thee!\nAnd these few prec"..., 1000 <unfinished ...>
6699  <... select resumed> )            = 1 (in [6])
6699  read(6,  <unfinished ...>
6704  <... write resumed> )             = 1000
6699  <... read resumed> "se to any man.\nFarewell: my bles"..., 1000) = 1000
6704  read(8,  <unfinished ...>
6699  select(12, [], [7 9 10 11], NULL, NULL) = 1 (out [10])
6699  write(10, "se to any man.\nFarewell: my bles"..., 1000) = 1000
6704  <... read resumed> "se to any man.\nFarewell: my bles"..., 73000) = 1000
6699  select(12, [6], [7 9 11], NULL, NULL <unfinished ...>
6704  write(1, "se to any man.\nFarewell: my bles"..., 1000 <unfinished ...>
6699  <... select resumed> )            = 1 (in [6])
6699  read(6, "stance.\nDo you believe his tende"..., 1000) = 1000
6704  <... write resumed> )             = 1000
6699  select(12, [], [7 9 10 11], NULL, NULL <unfinished ...>
6704  read(8,  <unfinished ...>
6699  <... select resumed> )            = 1 (out [10])
6699  write(10, "stance.\nDo you believe his tende"..., 1000) = 1000
6704  <... read resumed> "stance.\nDo you believe his tende"..., 72000) = 1000
6699  select(12, [6], [7 9 11], NULL, NULL <unfinished ...>
6704  write(1, "stance.\nDo you believe his tende"..., 1000 <unfinished ...>
6699  <... select resumed> )            = 1 (in [6])
6699  read(6,  <unfinished ...>
6704  <... write resumed> )             = 1000
6699  <... read resumed> "so much in him, that he is young"..., 1000) = 1000
6704  read(8,  <unfinished ...>
6699  select(12, [], [7 9 10 11], NULL, NULL) = 1 (out [10])
6699  write(10, "so much in him, that he is young"..., 1000) = 1000
6704  <... read resumed> "so much in him, that he is young"..., 71000) = 1000
6699  select(12, [6], [7 9 11], NULL, NULL <unfinished ...>
6704  write(1, "so much in him, that he is young"..., 1000 <unfinished ...>
6699  <... select resumed> )            = 1 (in [6])
6699  read(6, "and takes his rouse,\nKeeps wassa"..., 1000) = 1000
6704  <... write resumed> )             = 1000
6699  select(12, [], [7 9 10 11], NULL, NULL <unfinished ...>
6704  read(8,  <unfinished ...>
6699  <... select resumed> )            = 1 (out [10])
6699  write(10, "and takes his rouse,\nKeeps wassa"..., 1000) = 1000
6704  <... read resumed> "and takes his rouse,\nKeeps wassa"..., 70000) = 1000
6699  select(12, [6], [7 9 11], NULL, NULL <unfinished ...>
6704  write(1, "and takes his rouse,\nKeeps wassa"..., 1000 <unfinished ...>
6699  <... select resumed> )            = 1 (in [6])
6699  read(6,  <unfinished ...>
6704  <... write resumed> )             = 1000
6699  <... read resumed> "mp of one defect,\nBeing nature's"..., 1000) = 1000
6704  read(8,  <unfinished ...>
6699  select(12, [], [7 9 10 11], NULL, NULL) = 1 (out [10])
6699  write(10, "mp of one defect,\nBeing nature's"..., 1000) = 1000
6704  <... read resumed> "mp of one defect,\nBeing nature's"..., 69000) = 1000
6699  select(12, [6], [7 9 11], NULL, NULL <unfinished ...>
6704  write(1, "mp of one defect,\nBeing nature's"..., 1000 <unfinished ...>
6699  <... select resumed> )            = 1 (in [6])
6699  read(6,  <unfinished ...>
6704  <... write resumed> )             = 1000
6699  <... read resumed> "ight hideous; and we fools of na"..., 1000) = 1000
6704  read(8,  <unfinished ...>
6699  select(12, [], [7 9 10 11], NULL, NULL) = 1 (out [10])
6699  write(10, "ight hideous; and we fools of na"..., 1000) = 1000
6704  <... read resumed> "ight hideous; and we fools of na"..., 68000) = 1000
6699  select(12, [6], [7 9 11], NULL, NULL <unfinished ...>
6704  write(1, "ight hideous; and we fools of na"..., 1000 <unfinished ...>
6699  <... select resumed> )            = 1 (in [6])
6699  read(6,  <unfinished ...>
6704  <... write resumed> )             = 1000
6699  <... read resumed> "tive, into every brain\nThat look"..., 1000) = 1000
6704  read(8,  <unfinished ...>
6699  select(12, [], [7 9 10 11], NULL, NULL) = 1 (out [10])
6699  write(10, "tive, into every brain\nThat look"..., 1000) = 1000
6704  <... read resumed> "tive, into every brain\nThat look"..., 67000) = 1000
6699  select(12, [6], [7 9 11], NULL, NULL <unfinished ...>
6704  write(1, "tive, into every brain\nThat look"..., 1000 <unfinished ...>
6699  <... select resumed> )            = 1 (in [6])
6699  read(6, "ust render up myself.\nHAMLET\nAla"..., 1000) = 1000
6704  <... write resumed> )             = 1000
6699  select(12, [], [7 9 10 11], NULL, NULL <unfinished ...>
6704  read(8,  <unfinished ...>
6699  <... select resumed> )            = 1 (out [10])
6699  write(10, "ust render up myself.\nHAMLET\nAla"..., 1000) = 1000
6704  <... read resumed> "ust render up myself.\nHAMLET\nAla"..., 66000) = 1000
6699  select(12, [6], [7 9 11], NULL, NULL <unfinished ...>
6704  write(1, "ust render up myself.\nHAMLET\nAla"..., 1000 <unfinished ...>
6699  <... select resumed> )            = 1 (in [6])
6699  read(6,  <unfinished ...>
6704  <... write resumed> )             = 1000
6699  <... read resumed> "this most foul, strange and unna"..., 1000) = 1000
6704  read(8,  <unfinished ...>
6699  select(12, [], [7 9 10 11], NULL, NULL) = 1 (out [10])
6699  write(10, "this most foul, strange and unna"..., 1000) = 1000
6704  <... read resumed> "this most foul, strange and unna"..., 65000) = 1000
6699  select(12, [6], [7 9 11], NULL, NULL <unfinished ...>
6704  write(1, "this most foul, strange and unna"..., 1000 <unfinished ...>
6699  <... select resumed> )            = 1 (in [6])
6699  read(6,  <unfinished ...>
6704  <... write resumed> )             = 1000
6699  <... read resumed> "etch whose natural gifts were po"..., 1000) = 1000
6704  read(8,  <unfinished ...>
6699  select(12, [], [7 9 10 11], NULL, NULL <unfinished ...>
6703  <... write resumed> )             = 32000
6699  <... select resumed> )            = 1 (out [10])
6703  read(10,  <unfinished ...>
6699  write(10, "etch whose natural gifts were po"..., 1000) = 1000
6704  <... read resumed> "etch whose natural gifts were po"..., 64000) = 1000
6699  select(12, [6], [7 9 11], NULL, NULL <unfinished ...>
6704  write(1, "etch whose natural gifts were po"..., 1000 <unfinished ...>
6699  <... select resumed> )            = 2 (in [6], out [11])
6703  <... read resumed> "is choice be circumscribed\nUnto "..., 128000) = 46000
6699  write(11, " forth again: I'll follow it.\nHO"..., 3000 <unfinished ...>
6704  <... write resumed> )             = 1000
6699  <... write resumed> )             = 3000
6704  read(8,  <unfinished ...>
6699  read(6,  <unfinished ...>
6703  write(8, "is choice be circumscribed\nUnto "..., 46000 <unfinished ...>
6699  <... read resumed> " my sin,\nUnhousel'd, disappointe"..., 1000) = 1000
6699  select(12, [5], [7 9 10], NULL, NULL) = 2 (in [5], out [10])
6699  read(5, " witchcraft of his wit, with tra"..., 3000) = 3000
6702  <... write resumed> )             = 58096
6699  write(10, " my sin,\nUnhousel'd, disappointe"..., 1000 <unfinished ...>
6702  read(8,  <unfinished ...>
6699  <... write resumed> )             = 1000
6704  <... read resumed> " my sin,\nUnhousel'd, disappointe"..., 63000) = 1000
6699  select(12, [6], [7 9 11], NULL, NULL <unfinished ...>
6704  write(1, " my sin,\nUnhousel'd, disappointe"..., 1000 <unfinished ...>
6699  <... select resumed> )            = 3 (in [6], out [9 11])
6702  <... read resumed> "ill: but you must fear,\nHis grea"..., 14904) = 14904
6699  write(9, "ledded Polacks on the ice.\n'Tis "..., 808 <unfinished ...>
6704  <... write resumed> )             = 1000
6699  <... write resumed> )             = 808
6704  read(8,  <unfinished ...>
6699  write(11, " witchcraft of his wit, with tra"..., 3000 <unfinished ...>
6702  write(6, "ill: but you must fear,\nHis grea"..., 14904 <unfinished ...>
6699  <... write resumed> )             = 3000
6699  read(6, "ll forms, all pressures past,\nTh"..., 1000) = 1000
6699  select(12, [4 5], [7 9 10], NULL, NULL) = 4 (in [4 5], out [9 10])
6699  read(4, "e, Hamlet,\nTo give these mournin"..., 808) = 808
6699  write(9, "even but now appear'd to us,\nWas"..., 9000) = 9000
6699  read(5, " Hillo, ho, ho, my lord!\nHAMLET\n"..., 3000) = 3000
6699  write(10, "ll forms, all pressures past,\nTh"..., 1000) = 1000
6704  <... read resumed> "ll forms, all pressures past,\nTh"..., 62000) = 1000
6699  select(12, [4 6], [7 11], NULL, NULL <unfinished ...>
6704  write(1, "ll forms, all pressures past,\nTh"..., 1000 <unfinished ...>
6699  <... select resumed> )            = 3 (in [4 6], out [11])
6699  read(4, "y you, throw to earth\nThis unpre"..., 9000) = 9000
6704  <... write resumed> )             = 1000
6699  write(11, " Hillo, ho, ho, my lord!\nHAMLET\n"..., 3000 <unfinished ...>
6704  read(8,  <unfinished ...>
6699  <... write resumed> )             = 3000
6701  <... write resumed> )             = 60520
6699  read(6,  <unfinished ...>
6701  read(6,  <unfinished ...>
6699  <... read resumed> "e think it?\nBut you'll be secret"..., 1000) = 1000
6701  <... read resumed> "sher; as, by the same covenant,\n"..., 7904) = 7904
6699  select(12, [5], [7 9 10], NULL, NULL <unfinished ...>
6701  write(5, "sher; as, by the same covenant,\n"..., 7904 <unfinished ...>
6699  <... select resumed> )            = 4 (in [5], out [7 9 10])
6699  write(7, "ill follow it.\nHORATIO\nDo not, m"..., 14712) = 4096
6699  write(9, "y you, throw to earth\nThis unpre"..., 9000) = 4096
6699  read(5, " and unfold yourself.\nBERNARDO\nL"..., 3000) = 3000
6699  write(10, "e think it?\nBut you'll be secret"..., 1000) = 1000
6704  <... read resumed> "e think it?\nBut you'll be secret"..., 61000) = 1000
6699  select(12, [3 4 6], [7 9 11], NULL, NULL <unfinished ...>
6704  write(1, "e think it?\nBut you'll be secret"..., 1000 <unfinished ...>
6699  <... select resumed> )            = 4 (in [3 4 6], out [11])
6699  read(3,  <unfinished ...>
6704  <... write resumed> )             = 1000
6699  <... read resumed> "TIO\nAs I do live, my honour'd lo"..., 4096) = 4096
6704  read(8,  <unfinished ...>
6699  read(4, "ngracious pastors do,\nShow me th"..., 4096) = 4096
6701  <... write resumed> )             = 7904
6699  write(11, " and unfold yourself.\nBERNARDO\nL"..., 3000 <unfinished ...>
6701  read(6,  <unfinished ...>
6699  <... write resumed> )             = 3000
6699  read(6,  <unfinished ...>
6701  <... read resumed> "ate condolement is a course\nOf i"..., 128000) = 58384
6699  <... read resumed> "t, my lord? we will.\nHAMLET\nNeve"..., 1000) = 1000
6701  write(5, "ate condolement is a course\nOf i"..., 58384 <unfinished ...>
6699  select(12, [5], [7 9 10], NULL, NULL) = 3 (in [5], out [7 10])
6699  write(7, " blood of man\nThat swift as quic"..., 10616) = 10616
6699  read(5, "particular thought to work I kno"..., 3000) = 3000
6699  write(10, "t, my lord? we will.\nHAMLET\nNeve"..., 1000) = 1000
6704  <... read resumed> "t, my lord? we will.\nHAMLET\nNeve"..., 60000) = 1000
6699  select(12, [3 6], [7 9 11], NULL, NULL <unfinished ...>
6704  write(1, "t, my lord? we will.\nHAMLET\nNeve"..., 1000 <unfinished ...>
6699  <... select resumed> )            = 4 (in [3 6], out [7 11])
6699  read(3, "omes.\nEnter POLONIUS\n\nA double b"..., 10616) = 10616
6704  <... write resumed> )             = 1000
6699  write(7, "earth together demonstrated\nUnto"..., 27000 <unfinished ...>
6704  read(8,  <unfinished ...>
6699  <... write resumed> )             = 27000
6699  write(11, "particular thought to work I kno"..., 3000) = 3000
6699  read(6, " welcome.\nThere are more things "..., 1000) = 1000
6699  select(12, [3 5], [9 10], NULL, NULL) = 3 (in [3 5], out [10])
6699  read(3, "ure hour thy uncle stole,\nWith j"..., 27000) = 27000
6699  read(5, "e womb of earth,\nFor which, they"..., 3000) = 3000
6702  <... write resumed> )             = 14904
6699  write(10, " welcome.\nThere are more things "..., 1000 <unfinished ...>
6702  read(8,  <unfinished ...>
6699  <... write resumed> )             = 1000
6704  <... read resumed> " welcome.\nThere are more things "..., 59000) = 1000
6699  select(12, [6], [7 9 11], NULL, NULL <unfinished ...>
6704  write(1, " welcome.\nThere are more things "..., 1000 <unfinished ...>
6699  <... select resumed> )            = 4 (in [6], out [7 9 11])
6702  <... read resumed> "ET\nThere's ne'er a villain dwell"..., 128000) = 57096
6699  write(7, "ure hour thy uncle stole,\nWith j"..., 27000 <unfinished ...>
6702  write(6, "ET\nThere's ne'er a villain dwell"..., 57096 <unfinished ...>
6699  <... write resumed> )             = 24576
6699  write(9, "h,\nIn the dead vast and middle o"..., 4904 <unfinished ...>
6704  <... write resumed> )             = 1000
6699  <... write resumed> )             = 4904
6704  read(8,  <unfinished ...>
6699  write(11, "e womb of earth,\nFor which, they"..., 3000) = 3000
6699  read(6, "Well, good night.\nIf you do meet"..., 1000) = 1000
6699  select(12, [3 4 5], [7 9 10], NULL, NULL) = 5 (in [3 4 5], out [9 10])
6699  read(3, " puff'd and reckless libertine,\n"..., 24576) = 24576
6699  read(4, "T\nThe air bites shrewdly; it is "..., 4904) = 4904
6699  write(9, "ngracious pastors do,\nShow me th"..., 9000) = 9000
6699  read(5, " of meeting:\nThus much the busin"..., 3000) = 3000
6699  write(10, "Well, good night.\nIf you do meet"..., 1000) = 1000
6704  <... read resumed> "Well, good night.\nIf you do meet"..., 58000) = 1000
6699  select(12, [4 6], [7 11], NULL, NULL <unfinished ...>
6704  write(1, "Well, good night.\nIf you do meet"..., 1000 <unfinished ...>
6699  <... select resumed> )            = 3 (in [4 6], out [11])
6699  read(4, "rd\nWould harrow up thy soul, fre"..., 9000) = 9000
6699  write(11, " of meeting:\nThus much the busin"..., 3000) = 3000
6704  <... write resumed> )             = 1000
6699  read(6,  <unfinished ...>
6704  read(8,  <unfinished ...>
6699  <... read resumed> "once again assail your ears,\nTha"..., 1000) = 1000
6699  select(12, [5], [7 9 10], NULL, NULL) = 3 (in [5], out [9 10])
6699  write(9, "rd\nWould harrow up thy soul, fre"..., 9000) = 9000
6699  read(5, "lial obligation for some term\nTo"..., 3000) = 3000
6699  write(10, "once again assail your ears,\nTha"..., 1000) = 1000
6704  <... read resumed> "once again assail your ears,\nTha"..., 57000) = 1000
6699  select(12, [4 6], [7 11], NULL, NULL <unfinished ...>
6704  write(1, "once again assail your ears,\nTha"..., 1000 <unfinished ...>
6699  <... select resumed> )            = 3 (in [4 6], out [11])
6699  read(4, "t a scholar; speak to it, Horati"..., 9000) = 9000
6699  write(11, "lial obligation for some term\nTo"..., 3000 <unfinished ...>
6704  <... write resumed> )             = 1000
6699  <... write resumed> )             = 3000
6704  read(8,  <unfinished ...>
6699  read(6, "e thee, speak!\nExit Ghost\n\nMARCE"..., 1000) = 1000
6699  select(12, [5], [7 9 10], NULL, NULL) = 3 (in [5], out [9 10])
6699  write(9, "t a scholar; speak to it, Horati"..., 9000) = 9000
6699  read(5, "or I must hold my tongue.\nEnter "..., 3000) = 3000
6699  write(10, "e thee, speak!\nExit Ghost\n\nMARCE"..., 1000) = 1000
6704  <... read resumed> "e thee, speak!\nExit Ghost\n\nMARCE"..., 56000) = 1000
6699  select(12, [4 6], [7 11], NULL, NULL <unfinished ...>
6704  write(1, "e thee, speak!\nExit Ghost\n\nMARCE"..., 1000 <unfinished ...>
6699  <... select resumed> )            = 3 (in [4 6], out [11])
6699  read(4, "the clouds still hang on you?\nHA"..., 9000) = 9000
6699  write(11, "or I must hold my tongue.\nEnter "..., 3000) = 3000
6704  <... write resumed> )             = 1000
6699  read(6,  <unfinished ...>
6704  read(8,  <unfinished ...>
6699  <... read resumed> "ar;\nWhy such impress of shipwrig"..., 1000) = 1000
6699  select(12, [5], [7 9 10], NULL, NULL) = 3 (in [5], out [9 10])
6699  write(9, "the clouds still hang on you?\nHA"..., 9000) = 9000
6699  read(5, "S BERNARDO\nWe do, my lord.\nHAMLE"..., 3000) = 3000
6699  write(10, "ar;\nWhy such impress of shipwrig"..., 1000) = 1000
6704  <... read resumed> "ar;\nWhy such impress of shipwrig"..., 55000) = 1000
6699  select(12, [4 6], [7 11], NULL, NULL <unfinished ...>
6704  write(1, "ar;\nWhy such impress of shipwrig"..., 1000 <unfinished ...>
6699  <... select resumed> )            = 3 (in [4 6], out [11])
6699  read(4, "it a fashion and a toy in blood,"..., 9000) = 9000
6699  write(11, "S BERNARDO\nWe do, my lord.\nHAMLE"..., 3000 <unfinished ...>
6704  <... write resumed> )             = 1000
6699  <... write resumed> )             = 3000
6704  read(8,  <unfinished ...>
6699  read(6, "orway here and there\nShark'd up "..., 1000) = 1000
6699  select(12, [5], [7 9 10], NULL, NULL) = 3 (in [5], out [9 10])
6699  write(9, "it a fashion and a toy in blood,"..., 9000) = 9000
6699  read(5, " his unmaster'd importunity.\nFea"..., 3000) = 3000
6699  write(10, "orway here and there\nShark'd up "..., 1000) = 1000
6704  <... read resumed> "orway here and there\nShark'd up "..., 54000) = 1000
6699  select(12, [4 6], [7 11], NULL, NULL <unfinished ...>
6704  write(1, "orway here and there\nShark'd up "..., 1000 <unfinished ...>
6699  <... select resumed> )            = 3 (in [4 6], out [11])
6699  read(4, "lord,\nOr to the dreadful summit "..., 9000) = 9000
6699  write(11, " his unmaster'd importunity.\nFea"..., 3000 <unfinished ...>
6704  <... write resumed> )             = 1000
6699  <... write resumed> )             = 3000
6704  read(8,  <unfinished ...>
6699  read(6, "doomsday with eclipse:\nAnd even "..., 1000) = 1000
6699  select(12, [5], [7 9 10], NULL, NULL) = 3 (in [5], out [9 10])
6699  write(9, "lord,\nOr to the dreadful summit "..., 9000) = 8192
6699  read(5, "e made many tenders\nOf his affec"..., 3000) = 3000
6699  write(10, "doomsday with eclipse:\nAnd even "..., 1000) = 1000
6704  <... read resumed> "doomsday with eclipse:\nAnd even "..., 53000) = 1000
6699  select(12, [4 6], [7 9 11], NULL, NULL <unfinished ...>
6704  write(1, "doomsday with eclipse:\nAnd even "..., 1000 <unfinished ...>
6699  <... select resumed> )            = 3 (in [4 6], out [11])
6699  read(4, "He.\nFRANCISCO\nYou come most care"..., 8192) = 8192
6701  <... write resumed> )             = 58384
6699  write(11, "e made many tenders\nOf his affec"..., 3000 <unfinished ...>
6704  <... write resumed> )             = 1000
6699  <... write resumed> )             = 3000
6704  read(8,  <unfinished ...>
6699  read(6,  <unfinished ...>
6701  read(6,  <unfinished ...>
6699  <... read resumed> "is, as the air, invulnerable,\nAn"..., 1000) = 1000
6699  select(12, [5], [7 9 10], NULL, NULL <unfinished ...>
6701  <... read resumed> " blood of man\nThat swift as quic"..., 69616) = 62192
6699  <... select resumed> )            = 3 (in [5], out [7 10])
6701  write(5, " blood of man\nThat swift as quic"..., 62192 <unfinished ...>
6699  write(7, "loves, as mine to you: farewell."..., 2424) = 2424
6699  read(5, " and forts of reason,\nOr by some"..., 3000) = 3000
6699  write(10, "is, as the air, invulnerable,\nAn"..., 1000) = 1000
6704  <... read resumed> "is, as the air, invulnerable,\nAn"..., 52000) = 1000
6699  select(12, [3 6], [7 9 11], NULL, NULL <unfinished ...>
6704  write(1, "is, as the air, invulnerable,\nAn"..., 1000 <unfinished ...>
6699  <... select resumed> )            = 4 (in [3 6], out [7 11])
6699  read(3, "freely gone\nWith this affair alo"..., 2424) = 2424
6699  write(7, " puff'd and reckless libertine,\n"..., 27000 <unfinished ...>
6704  <... write resumed> )             = 1000
6699  <... write resumed> )             = 27000
6704  read(8,  <unfinished ...>
6699  write(11, " and forts of reason,\nOr by some"..., 3000) = 3000
6699  read(6, ":\nBreak we our watch up; and by "..., 1000) = 1000
6699  select(12, [3 5], [9 10], NULL, NULL) = 3 (in [3 5], out [10])
6699  read(3, "QUEEN GERTRUDE\nGood Hamlet, cast"..., 27000) = 27000
6699  read(5, " me? speak; I'll go no further.\n"..., 3000) = 3000
6699  write(10, ":\nBreak we our watch up; and by "..., 1000) = 1000
6704  <... read resumed> ":\nBreak we our watch up; and by "..., 51000) = 1000
6699  select(12, [6], [7 9 11], NULL, NULL <unfinished ...>
6704  write(1, ":\nBreak we our watch up; and by "..., 1000 <unfinished ...>
6699  <... select resumed> )            = 3 (in [6], out [7 11])
6699  write(7, "QUEEN GERTRUDE\nGood Hamlet, cast"..., 27000) = 27000
6699  write(11, " me? speak; I'll go no further.\n"..., 3000 <unfinished ...>
6704  <... write resumed> )             = 1000
6699  <... write resumed> )             = 3000
6704  read(8,  <unfinished ...>
6699  read(6, "\nWith mirth in funeral and with "..., 1000) = 1000
6699  select(12, [3 5], [9 10], NULL, NULL) = 3 (in [3 5], out [10])
6699  read(3, "welve; get thee to bed, Francisc"..., 27000) = 27000
6700  <... write resumed> )             = 128000
6699  read(5,  <unfinished ...>
6700  read(3,  <unfinished ...>
6699  <... read resumed> " smooth body.\nThus was I, sleepi"..., 3000) = 3000
6699  write(10, "\nWith mirth in funeral and with "..., 1000) = 1000
6704  <... read resumed> "\nWith mirth in funeral and with "..., 50000) = 1000
6699  select(12, [6], [7 9 11], NULL, NULL <unfinished ...>
6704  write(1, "\nWith mirth in funeral and with "..., 1000 <unfinished ...>
6699  <... select resumed> )            = 3 (in [6], out [7 11])
6700  <... read resumed> " least, the whisper goes so. Our"..., 128000) = 128000
6699  write(7, "welve; get thee to bed, Francisc"..., 27000 <unfinished ...>
6700  write(4, " least, the whisper goes so. Our"..., 128000 <unfinished ...>
6699  <... write resumed> )             = 4096
6704  <... write resumed> )             = 1000
6699  write(11, " smooth body.\nThus was I, sleepi"..., 3000 <unfinished ...>
6704  read(8,  <unfinished ...>
6699  <... write resumed> )             = 3000
6699  read(6, "d,\nFor bearers of this greeting "..., 1000) = 1000
6699  select(12, [3 5], [7 9 10], NULL, NULL) = 3 (in [3 5], out [10])
6699  read(3, "nature's livery, or fortune's st"..., 4096) = 4096
6699  read(5, ",\nO'ermaster 't as you may. And "..., 3000) = 3000
6699  write(10, "d,\nFor bearers of this greeting "..., 1000) = 1000
6704  <... read resumed> "d,\nFor bearers of this greeting "..., 49000) = 1000
6699  select(12, [6], [7 9 11], NULL, NULL <unfinished ...>
6704  write(1, "d,\nFor bearers of this greeting "..., 1000 <unfinished ...>
6699  <... select resumed> )            = 2 (in [6], out [11])
6699  write(11, ",\nO'ermaster 't as you may. And "..., 3000) = 3000
6704  <... write resumed> )             = 1000
6699  read(6,  <unfinished ...>
6704  read(8,  <unfinished ...>
6699  <... read resumed> "ow them to your gracious leave a"..., 1000) = 1000
6699  select(12, [5], [7 9 10], NULL, NULL) = 2 (in [5], out [10])
6699  read(5, "s apparition come,\nHe may approv"..., 3000) = 3000
6699  write(10, "ow them to your gracious leave a"..., 1000) = 1000
6704  <... read resumed> "ow them to your gracious leave a"..., 48000) = 1000
6699  select(12, [6], [7 9 11], NULL, NULL <unfinished ...>
6704  write(1, "ow them to your gracious leave a"..., 1000 <unfinished ...>
6699  <... select resumed> )            = 1 (in [6])
6699  read(6, "seems.'\n'Tis not alone my inky c"..., 1000) = 1000
6704  <... write resumed> )             = 1000
6699  select(12, [], [7 9 10 11], NULL, NULL <unfinished ...>
6704  read(8,  <unfinished ...>
6699  <... select resumed> )            = 1 (out [10])
6699  write(10, "seems.'\n'Tis not alone my inky c"..., 1000) = 1000
6704  <... read resumed> "seems.'\n'Tis not alone my inky c"..., 47000) = 1000
6699  select(12, [6], [7 9 11], NULL, NULL <unfinished ...>
6704  write(1, "seems.'\n'Tis not alone my inky c"..., 1000 <unfinished ...>
6699  <... select resumed> )            = 1 (in [6])
6699  read(6, "e,\nWhy should we in our peevish "..., 1000) = 1000
6699  select(12, [], [7 9 10 11], NULL, NULL <unfinished ...>
6704  <... write resumed> )             = 1000
6699  <... select resumed> )            = 1 (out [10])
6704  read(8,  <unfinished ...>
6699  write(10, "e,\nWhy should we in our peevish "..., 1000) = 1000
6704  <... read resumed> "e,\nWhy should we in our peevish "..., 46000) = 1000
6699  select(12, [6], [7 9 11], NULL, NULL <unfinished ...>
6704  write(1, "e,\nWhy should we in our peevish "..., 1000 <unfinished ...>
6699  <... select resumed> )            = 1 (in [6])
6699  read(6, "adam, come;\nThis gentle and unfo"..., 1000) = 1000
6704  <... write resumed> )             = 1000
6699  select(12, [], [7 9 10 11], NULL, NULL <unfinished ...>
6704  read(8,  <unfinished ...>
6699  <... select resumed> )            = 1 (out [10])
6699  write(10, "adam, come;\nThis gentle and unfo"..., 1000) = 1000
6704  <... read resumed> "adam, come;\nThis gentle and unfo"..., 45000) = 1000
6699  select(12, [6], [7 9 11], NULL, NULL <unfinished ...>
6704  write(1, "adam, come;\nThis gentle and unfo"..., 1000 <unfinished ...>
6699  <... select resumed> )            = 1 (in [6])
6699  read(6, "n\nBy what it fed on: and yet, wi"..., 1000) = 1000
6699  select(12, [], [7 9 10 11], NULL, NULL <unfinished ...>
6704  <... write resumed> )             = 1000
6699  <... select resumed> )            = 1 (out [10])
6704  read(8,  <unfinished ...>
6699  write(10, "n\nBy what it fed on: and yet, wi"..., 1000) = 1000
6704  <... read resumed> "n\nBy what it fed on: and yet, wi"..., 44000) = 1000
6699  select(12, [6], [7 9 11], NULL, NULL <unfinished ...>
6704  write(1, "n\nBy what it fed on: and yet, wi"..., 1000 <unfinished ...>
6699  <... select resumed> )            = 1 (in [6])
6699  read(6, "lord--\nHAMLET\nI am very glad to "..., 1000) = 1000
6699  select(12, [], [7 9 10 11], NULL, NULL <unfinished ...>
6704  <... write resumed> )             = 1000
6699  <... select resumed> )            = 1 (out [10])
6704  read(8,  <unfinished ...>
6699  write(10, "lord--\nHAMLET\nI am very glad to "..., 1000) = 1000
6704  <... read resumed> "lord--\nHAMLET\nI am very glad to "..., 43000) = 1000
6699  select(12, [6], [7 9 11], NULL, NULL <unfinished ...>
6704  write(1, "lord--\nHAMLET\nI am very glad to "..., 1000 <unfinished ...>
6699  <... select resumed> )            = 1 (in [6])
6699  read(6, "HORATIO\nMy lord, I think I saw h"..., 1000) = 1000
6699  select(12, [], [7 9 10 11], NULL, NULL <unfinished ...>
6704  <... write resumed> )             = 1000
6699  <... select resumed> )            = 1 (out [10])
6704  read(8,  <unfinished ...>
6699  write(10, "HORATIO\nMy lord, I think I saw h"..., 1000) = 1000
6704  <... read resumed> "HORATIO\nMy lord, I think I saw h"..., 42000) = 1000
6699  select(12, [6], [7 9 11], NULL, NULL <unfinished ...>
6704  write(1, "HORATIO\nMy lord, I think I saw h"..., 1000 <unfinished ...>
6699  <... select resumed> )            = 1 (in [6])
6699  read(6, "our father;\nThese hands are not "..., 1000) = 1000
6699  select(12, [], [7 9 10 11], NULL, NULL <unfinished ...>
6704  <... write resumed> )             = 1000
6699  <... select resumed> )            = 1 (out [10])
6704  read(8,  <unfinished ...>
6699  write(10, "our father;\nThese hands are not "..., 1000) = 1000
6704  <... read resumed> "our father;\nThese hands are not "..., 41000) = 1000
6699  select(12, [6], [7 9 11], NULL, NULL <unfinished ...>
6704  write(1, "our father;\nThese hands are not "..., 1000 <unfinished ...>
6699  <... select resumed> )            = 1 (in [6])
6699  read(6, "\nNay, very pale.\nHAMLET\nAnd fix'"..., 1000) = 1000
6699  select(12, [], [7 9 10 11], NULL, NULL <unfinished ...>
6704  <... write resumed> )             = 1000
6699  <... select resumed> )            = 1 (out [10])
6704  read(8,  <unfinished ...>
6699  write(10, "\nNay, very pale.\nHAMLET\nAnd fix'"..., 1000) = 1000
6704  <... read resumed> "\nNay, very pale.\nHAMLET\nAnd fix'"..., 40000) = 1000
6699  select(12, [6], [7 9 11], NULL, NULL <unfinished ...>
6704  write(1, "\nNay, very pale.\nHAMLET\nAnd fix'"..., 1000 <unfinished ...>
6699  <... select resumed> )            = 1 (in [6])
6699  read(6, "HAMLET\n\nMy father's spirit in ar"..., 1000) = 1000
6699  select(12, [], [7 9 10 11], NULL, NULL) = 1 (out [10])
6699  write(10, "HAMLET\n\nMy father's spirit in ar"..., 1000) = 1000
6699  select(12, [6], [7 9 11], NULL, NULL) = 1 (in [6])
6699  read(6, "igh'd, his will is not his own;\n"..., 1000) = 1000
6699  select(12, [], [7 9 10 11], NULL, NULL) = 1 (out [10])
6699  write(10, "igh'd, his will is not his own;\n"..., 1000) = 1000
6699  select(12, [6], [7 9 11], NULL, NULL) = 1 (in [6])
6699  read(6, "disclosed,\nAnd in the morn and l"..., 1000) = 1000
6699  select(12, [], [7 9 10 11], NULL, NULL) = 1 (out [10])
6699  write(10, "disclosed,\nAnd in the morn and l"..., 1000) = 1000
6699  select(12, [6], [7 9 11], NULL, NULL) = 1 (in [6])
6699  read(6, " adoption tried,\nGrapple them to"..., 1000) = 1000
6699  select(12, [], [7 9 10 11], NULL, NULL) = 1 (out [10])
6699  write(10, " adoption tried,\nGrapple them to"..., 1000) = 1000
6699  select(12, [6], [7 9 11], NULL, NULL) = 1 (in [6])
6699  read(6, " I have said to you.\nOPHELIA\n'Ti"..., 1000) = 1000
6699  select(12, [], [7 9 10 11], NULL, NULL) = 1 (out [10])
6699  write(10, " I have said to you.\nOPHELIA\n'Ti"..., 1000) = 1000
6699  select(12, [6], [7 9 11], NULL, NULL) = 1 (in [6])
6699  read(6, "hich are not sterling. Tender yo"..., 1000) = 1000
6699  select(12, [], [7 9 10 11], NULL, NULL) = 1 (out [10])
6699  write(10, "hich are not sterling. Tender yo"..., 1000) = 1000
6699  select(12, [6], [7 9 11], NULL, NULL) = 1 (in [6])
6699  read(6, "orators of unholy suits,\nBreathi"..., 1000) = 1000
6699  select(12, [], [7 9 10 11], NULL, NULL) = 1 (out [10])
6699  write(10, "orators of unholy suits,\nBreathi"..., 1000) = 1000
6699  select(12, [6], [7 9 11], NULL, NULL) = 1 (in [6])
6699  read(6, "LET\nAy, marry, is't:\nBut to my m"..., 1000) = 1000
6699  select(12, [], [7 9 10 11], NULL, NULL) = 1 (out [10])
6699  write(10, "LET\nAy, marry, is't:\nBut to my m"..., 1000) = 1000
6699  select(12, [6], [7 9 11], NULL, NULL) = 1 (in [6])
6699  read(6, "e dram of eale\nDoth all the nobl"..., 1000) = 1000
6699  select(12, [], [7 9 10 11], NULL, NULL) = 1 (out [10])
6699  write(10, "e dram of eale\nDoth all the nobl"..., 1000) = 1000
6699  select(12, [6], [7 9 11], NULL, NULL) = 1 (in [6])
6699  read(6, " go away with it,\nAs if it some "..., 1000) = 1000
6699  select(12, [], [7 9 10 11], NULL, NULL) = 1 (out [10])
6699  write(10, " go away with it,\nAs if it some "..., 1000) = 1000
6699  select(12, [6], [7 9 11], NULL, NULL) = 1 (in [6])
6699  read(6, "uled; you shall not go.\nHAMLET\nM"..., 1000) = 1000
6699  select(12, [], [7 9 10 11], NULL, NULL) = 1 (out [10])
6699  write(10, "uled; you shall not go.\nHAMLET\nM"..., 1000) = 1000
6699  select(12, [6], [7 9 11], NULL, NULL) = 1 (in [6])
6699  read(6, "?\nGhost\nI am thy father's spirit"..., 1000) = 1000
6699  select(12, [], [7 9 10 11], NULL, NULL) = 1 (out [10])
6699  write(10, "?\nGhost\nI am thy father's spirit"..., 1000) = 1000
6699  select(12, [6], [7 9 11], NULL, NULL) = 1 (in [6])
6699  read(6, "e fat weed\nThat roots itself in "..., 1000) = 1000
6699  select(12, [], [7 9 10 11], NULL, NULL) = 1 (out [10])
6699  write(10, "e fat weed\nThat roots itself in "..., 1000) = 1000
6699  select(12, [6], [7 9 11], NULL, NULL) = 1 (in [6])
6699  read(6, "d,\nAnd prey on garbage.\nBut, sof"..., 1000) = 1000
6699  select(12, [], [7 9 10 11], NULL, NULL) = 1 (out [10])
6699  write(10, "d,\nAnd prey on garbage.\nBut, sof"..., 1000) = 1000
6699  select(12, [6], [7 9 11], NULL, NULL) = 1 (in [6])
6699  read(6, "the royal bed of Denmark be\nA co"..., 1000) = 1000
6699  select(12, [], [7 9 10 11], NULL, NULL) = 1 (out [10])
6699  write(10, "the royal bed of Denmark be\nA co"..., 1000) = 1000
6699  select(12, [6], [7 9 11], NULL, NULL) = 1 (in [6])
6699  read(6, "an!\nO villain, villain, smiling,"..., 1000) = 1000
6699  select(12, [], [7 9 10 11], NULL, NULL) = 1 (out [10])
6699  write(10, "an!\nO villain, villain, smiling,"..., 1000) = 1000
6699  select(12, [6], [7 9 11], NULL, NULL) = 1 (in [6])
6699  read(6, "To tell us this.\nHAMLET\nWhy, rig"..., 1000) = 1000
6699  select(12, [], [7 9 10 11], NULL, NULL) = 1 (out [10])
6699  write(10, "To tell us this.\nHAMLET\nWhy, rig"..., 1000) = 1000
6699  select(12, [6], [7 9 11], NULL, NULL) = 1 (in [6])
6699  read(6, "Upon my sword.\nMARCELLUS\nWe have"..., 1000) = 1000
6699  select(12, [], [7 9 10 11], NULL, NULL) = 1 (out [10])
6699  write(10, "Upon my sword.\nMARCELLUS\nWe have"..., 1000) = 1000
6699  select(12, [6], [7 9 11], NULL, NULL) = 1 (in [6])
6699  read(6, "ter shall think meet\nTo put an a"..., 1000) = 1000
6699  select(12, [], [7 9 10 11], NULL, NULL) = 1 (out [10])
6699  write(10, "ter shall think meet\nTo put an a"..., 1000) = 1000
6699  select(12, [6], [7 9 11], NULL, NULL) = 1 (in [6])
6699  read(6, "\nMARCELLUS\nAnd liegemen to the D"..., 1000) = 1000
6699  select(12, [], [7 9 10 11], NULL, NULL) = 1 (out [10])
6699  write(10, "\nMARCELLUS\nAnd liegemen to the D"..., 1000) = 1000
6699  select(12, [6], [7 9 11], NULL, NULL) = 1 (in [6])
6699  read(6, "at's westward from the pole\nHad "..., 1000) = 1000
6699  select(12, [], [7 9 10 11], NULL, NULL) = 1 (out [10])
6699  write(10, "at's westward from the pole\nHad "..., 1000) = 1000
6699  select(12, [6], [7 9 11], NULL, NULL) = 1 (in [6])
6699  read(6, "not this believe\nWithout the sen"..., 1000) = 1000
6699  select(12, [], [7 9 10 11], NULL, NULL) = 1 (out [10])
6699  write(10, "not this believe\nWithout the sen"..., 1000) = 1000
6699  select(12, [6], [7 9 11], NULL, NULL) = 1 (in [6])
6699  read(6, "?\nHORATIO\nThat can I;\nAt least, "..., 1000) = 1000
6699  select(12, [], [7 9 10 11], NULL, NULL) = 1 (out [10])
6699  write(10, "?\nHORATIO\nThat can I;\nAt least, "..., 1000) = 1000
6699  select(12, [6], [7 9 11], NULL, NULL) = 1 (in [6])
6699  read(6, " hand\nAnd terms compulsatory, th"..., 1000) = 1000
6703  <... write resumed> )             = 46000
6699  select(12, [], [7 9 10 11], NULL, NULL <unfinished ...>
6703  read(10,  <unfinished ...>
6699  <... select resumed> )            = 1 (out [10])
6699  write(10, " hand\nAnd terms compulsatory, th"..., 1000 <unfinished ...>
6703  <... read resumed> " forth again: I'll follow it.\nHO"..., 82000) = 48000
6699  <... write resumed> )             = 1000
6703  write(8, " forth again: I'll follow it.\nHO"..., 48000 <unfinished ...>
6699  select(12, [6], [7 9 11], NULL, NULL) = 2 (in [6], out [11])
6699  write(11, "s apparition come,\nHe may approv"..., 3000) = 3000
6699  read(6, "trymen.--\nBut soft, behold! lo, "..., 1000) = 1000
6699  select(12, [5], [7 9 10], NULL, NULL) = 2 (in [5], out [10])
6699  read(5, "iage of the article design'd,\nHi"..., 3000) = 3000
6699  write(10, "trymen.--\nBut soft, behold! lo, "..., 1000) = 1000
6699  select(12, [6], [7 9 11], NULL, NULL) = 2 (in [6], out [11])
6699  write(11, "iage of the article design'd,\nHi"..., 3000) = 3000
6699  read(6, "that is the trumpet to the morn,"..., 1000) = 1000
6699  select(12, [5], [7 9 10], NULL, NULL) = 2 (in [5], out [10])
6699  read(5, "ATIO\nSo have I heard and do in p"..., 3000) = 3000
6699  write(10, "that is the trumpet to the morn,"..., 1000) = 1000
6699  select(12, [6], [7 9 11], NULL, NULL) = 2 (in [6], out [11])
6699  write(11, "ATIO\nSo have I heard and do in p"..., 3000) = 3000
6699  read(6, "eedful in our loves, fitting our"..., 1000) = 1000
6699  select(12, [5], [7 9 10], NULL, NULL) = 2 (in [5], out [10])
6699  read(5, "mark,\nTo show my duty in your co"..., 3000) = 3000
6699  write(10, "eedful in our loves, fitting our"..., 1000) = 1000
6699  select(12, [6], [7 9 11], NULL, NULL) = 2 (in [6], out [11])
6699  write(11, "mark,\nTo show my duty in your co"..., 3000) = 3000
6699  read(6, " thanks.\nNow follows, that you k"..., 1000) = 1000
6699  select(12, [5], [7 9 10], NULL, NULL) = 2 (in [5], out [10])
6699  read(5, "ittenberg.\nHAMLET\nI shall in all"..., 3000) = 3000
6699  write(10, " thanks.\nNow follows, that you k"..., 1000) = 1000
6699  select(12, [6], [7 9 11], NULL, NULL) = 2 (in [6], out [11])
6699  write(11, "ittenberg.\nHAMLET\nI shall in all"..., 3000) = 3000
6699  read(6, "ORNELIUS VOLTIMAND\nIn that and a"..., 1000) = 1000
6699  select(12, [5], [7 9 10], NULL, NULL) = 2 (in [5], out [10])
6699  read(5, "atio.\nHORATIO\nI saw him once; he"..., 3000) = 3000
6699  write(10, "ORNELIUS VOLTIMAND\nIn that and a"..., 1000) = 1000
6699  select(12, [6], [7 9 11], NULL, NULL) = 2 (in [6], out [11])
6699  write(11, "atio.\nHORATIO\nI saw him once; he"..., 3000) = 3000
6699  read(6, " I seal'd my hard consent:\nI do "..., 1000) = 1000
6699  select(12, [5], [7 9 10], NULL, NULL) = 2 (in [5], out [10])
6699  read(5, "orm, 'twixt eleven and twelve,\nI"..., 3000) = 3000
6699  write(10, " I seal'd my hard consent:\nI do "..., 1000) = 1000
6699  select(12, [6], [7 9 11], NULL, NULL) = 2 (in [6], out [11])
6699  write(11, "orm, 'twixt eleven and twelve,\nI"..., 3000) = 3000
6699  read(6, "with all forms, moods, shapes of"..., 1000) = 1000
