6699  execve("./proxy", ["./proxy", "5", "Hamlet.txt"], 0x7ffd5a3be488 /* 51 vars */) = 0
6699  brk(NULL)                         = 0x562b18d69000
6699  access("/etc/ld.so.nohwcap", F_OK) = -1 ENOENT (No such file or directory)
6699  access("/etc/ld.so.preload", R_OK) = -1 ENOENT (No such file or directory)
6699  openat(AT_FDCWD, "/etc/ld.so.cache", O_RDONLY|O_CLOEXEC) = 3
6699  fstat(3, {st_mode=S_IFREG|0644, st_size=147665, ...}) = 0
6699  mmap(NULL, 147665, PROT_READ, MAP_PRIVATE, 3, 0) = 0x7f9a9da55000
6699  close(3)                          = 0
6699  access("/etc/ld.so.nohwcap", F_OK) = -1 ENOENT (No such file or directory)
6699  openat(AT_FDCWD, "/lib/x86_64-linux-gnu/libc.so.6", O_RDONLY|O_CLOEXEC) = 3
6699  read(3, "\177ELF\2\1\1\3\0\0\0\0\0\0\0\0\3\0>\0\1\0\0\0\260\34\2\0\0\0\0\0"..., 832) = 832
6699  fstat(3, {st_mode=S_IFREG|0755, st_size=2030544, ...}) = 0
6699  mmap(NULL, 8192, PROT_READ|PROT_WRITE, MAP_PRIVATE|MAP_ANONYMOUS, -1, 0) = 0x7f9a9da53000
6699  mmap(NULL, 4131552, PROT_READ|PROT_EXEC, MAP_PRIVATE|MAP_DENYWRITE, 3, 0) = 0x7f9a9d462000
6699  mprotect(0x7f9a9d649000, 2097152, PROT_NONE) = 0
6699  mmap(0x7f9a9d849000, 24576, PROT_READ|PROT_WRITE, MAP_PRIVATE|MAP_FIXED|MAP_DENYWRITE, 3, 0x1e7000) = 0x7f9a9d849000
6699  mmap(0x7f9a9d84f000, 15072, PROT_READ|PROT_WRITE, MAP_PRIVATE|MAP_FIXED|MAP_ANONYMOUS, -1, 0) = 0x7f9a9d84f000
6699  close(3)                          = 0
6699  arch_prctl(ARCH_SET_FS, 0x7f9a9da54500) = 0
6699  mprotect(0x7f9a9d849000, 16384, PROT_READ) = 0
6699  mprotect(0x562b16f79000, 4096, PROT_READ) = 0
6699  mprotect(0x7f9a9da7a000, 4096, PROT_READ) = 0
6699  munmap(0x7f9a9da55000, 147665)    = 0
6699  brk(NULL)                         = 0x562b18d69000
6699  brk(0x562b18d8a000)               = 0x562b18d8a000
6699  pipe2([3, 4], O_NONBLOCK)         = 0
6699  clone(child_stack=NULL, flags=CLONE_CHILD_CLEARTID|CLONE_CHILD_SETTID|SIGCHLD, child_tidptr=0x7f9a9da547d0) = 6700
6699  close(4)                          = 0
6700  close(3 <unfinished ...>
6699  pipe2( <unfinished ...>
6700  <... close resumed> )             = 0
6699  <... pipe2 resumed> [4, 5], O_NONBLOCK) = 0
6700  openat(AT_FDCWD, "Hamlet.txt", O_RDONLY <unfinished ...>
6699  pipe2([6, 7], O_NONBLOCK)         = 0
6700  <... openat resumed> )            = 3
6699  clone( <unfinished ...>
6700  fcntl(4, F_SETFL, O_WRONLY)       = 0
6699  <... clone resumed> child_stack=NULL, flags=CLONE_CHILD_CLEARTID|CLONE_CHILD_SETTID|SIGCHLD, child_tidptr=0x7f9a9da547d0) = 6701
6699  close(6)                          = 0
6701  close(0 <unfinished ...>
6699  close(5 <unfinished ...>
6701  <... close resumed> )             = 0
6699  <... close resumed> )             = 0
6701  close(4 <unfinished ...>
6699  pipe2( <unfinished ...>
6701  <... close resumed> )             = 0
6699  <... pipe2 resumed> [5, 6], O_NONBLOCK) = 0
6701  close(7 <unfinished ...>
6699  pipe2( <unfinished ...>
6701  <... close resumed> )             = 0
6699  <... pipe2 resumed> [8, 9], O_NONBLOCK) = 0
6701  fcntl(6, F_SETFL, O_RDONLY <unfinished ...>
6699  clone( <unfinished ...>
6701  <... fcntl resumed> )             = 0
6700  read(3,  <unfinished ...>
6701  fcntl(5, F_SETFL, O_WRONLY)       = 0
6699  <... clone resumed> child_stack=NULL, flags=CLONE_CHILD_CLEARTID|CLONE_CHILD_SETTID|SIGCHLD, child_tidptr=0x7f9a9da547d0) = 6702
6700  <... read resumed> "\nThe Tragedy of Hamlet, Prince o"..., 128000) = 128000
6699  close(8 <unfinished ...>
6700  write(4, "\nThe Tragedy of Hamlet, Prince o"..., 128000 <unfinished ...>
6699  <... close resumed> )             = 0
6702  close(0 <unfinished ...>
6699  close(6 <unfinished ...>
6702  <... close resumed> )             = 0
6699  <... close resumed> )             = 0
6702  close(7 <unfinished ...>
6699  pipe2( <unfinished ...>
6702  <... close resumed> )             = 0
6699  <... pipe2 resumed> [6, 8], O_NONBLOCK) = 0
6702  close(5 <unfinished ...>
6699  pipe2( <unfinished ...>
6702  <... close resumed> )             = 0
6699  <... pipe2 resumed> [10, 11], O_NONBLOCK) = 0
6702  close(9 <unfinished ...>
6699  clone( <unfinished ...>
6702  <... close resumed> )             = 0
6701  read(6,  <unfinished ...>
6702  fcntl(8, F_SETFL, O_RDONLY)       = 0
6699  <... clone resumed> child_stack=NULL, flags=CLONE_CHILD_CLEARTID|CLONE_CHILD_SETTID|SIGCHLD, child_tidptr=0x7f9a9da547d0) = 6703
6702  fcntl(6, F_SETFL, O_WRONLY <unfinished ...>
6699  close(10 <unfinished ...>
6702  <... fcntl resumed> )             = 0
6699  <... close resumed> )             = 0
6699  close(8)                          = 0
6699  pipe2([8, 10], O_NONBLOCK)        = 0
6702  read(8,  <unfinished ...>
6699  clone(child_stack=NULL, flags=CLONE_CHILD_CLEARTID|CLONE_CHILD_SETTID|SIGCHLD, child_tidptr=0x7f9a9da547d0) = 6704
6704  close(0 <unfinished ...>
6699  close(8 <unfinished ...>
6704  <... close resumed> )             = 0
6699  <... close resumed> )             = 0
6704  close(7)                          = 0
6704  close(9 <unfinished ...>
6699  select(12, [3 4 5 6], [], NULL, NULL <unfinished ...>
6704  <... close resumed> )             = 0
6699  <... select resumed> )            = 1 (in [3])
6704  close(11 <unfinished ...>
6699  read(3,  <unfinished ...>
6704  <... close resumed> )             = 0
6704  close(10 <unfinished ...>
6699  <... read resumed> "\nThe Tragedy of Hamlet, Prince o"..., 27000) = 27000
6704  <... close resumed> )             = 0
6699  select(12, [4 5 6], [7], NULL, NULL <unfinished ...>
6704  fcntl(8, F_SETFL, O_RDONLY <unfinished ...>
6699  <... select resumed> )            = 1 (out [7])
6704  <... fcntl resumed> )             = 0
6699  write(7, "\nThe Tragedy of Hamlet, Prince o"..., 27000 <unfinished ...>
6703  close(0 <unfinished ...>
6699  <... write resumed> )             = 27000
6703  <... close resumed> )             = 0
6699  select(12, [3 4 5 6], [], NULL, NULL <unfinished ...>
6703  close(7 <unfinished ...>
6701  <... read resumed> "\nThe Tragedy of Hamlet, Prince o"..., 128000) = 27000
6699  <... select resumed> )            = 1 (in [3])
6703  <... close resumed> )             = 0
6699  read(3,  <unfinished ...>
6703  close(9 <unfinished ...>
6701  write(5, "\nThe Tragedy of Hamlet, Prince o"..., 27000 <unfinished ...>
6699  <... read resumed> ".\nSo, oft it chances in particul"..., 27000) = 27000
6704  read(8,  <unfinished ...>
6699  select(12, [4 5 6], [7], NULL, NULL <unfinished ...>
6703  <... close resumed> )             = 0
6699  <... select resumed> )            = 2 (in [4], out [7])
6703  close(6 <unfinished ...>
6699  write(7, ".\nSo, oft it chances in particul"..., 27000 <unfinished ...>
6703  <... close resumed> )             = 0
6699  <... write resumed> )             = 27000
6703  close(11 <unfinished ...>
6699  read(4,  <unfinished ...>
6703  <... close resumed> )             = 0
6699  <... read resumed> "\nThe Tragedy of Hamlet, Prince o"..., 9000) = 9000
6703  fcntl(10, F_SETFL, O_RDONLY <unfinished ...>
6699  select(12, [3 5 6], [9], NULL, NULL <unfinished ...>
6703  <... fcntl resumed> )             = 0
6699  <... select resumed> )            = 2 (in [3], out [9])
6703  fcntl(8, F_SETFL, O_WRONLY <unfinished ...>
6699  read(3,  <unfinished ...>
6703  <... fcntl resumed> )             = 0
6701  <... write resumed> )             = 27000
6699  <... read resumed> " the funeral baked meats\nDid col"..., 27000) = 27000
6701  read(6,  <unfinished ...>
6699  write(9, "\nThe Tragedy of Hamlet, Prince o"..., 9000 <unfinished ...>
6700  <... write resumed> )             = 128000
6701  <... read resumed> ".\nSo, oft it chances in particul"..., 101000) = 27000
6699  <... write resumed> )             = 9000
6702  <... read resumed> "\nThe Tragedy of Hamlet, Prince o"..., 128000) = 9000
6699  select(12, [4 5 6], [7], NULL, NULL <unfinished ...>
6702  write(6, "\nThe Tragedy of Hamlet, Prince o"..., 9000 <unfinished ...>
6699  <... select resumed> )            = 2 (in [4], out [7])
6702  <... write resumed> )             = 9000
6699  write(7, " the funeral baked meats\nDid col"..., 27000 <unfinished ...>
6703  read(10,  <unfinished ...>
6702  read(8,  <unfinished ...>
6699  <... write resumed> )             = 27000
6701  write(5, ".\nSo, oft it chances in particul"..., 27000 <unfinished ...>
6699  read(4,  <unfinished ...>
6700  read(3,  <unfinished ...>
6701  <... write resumed> )             = 27000
6699  <... read resumed> "with the dream of his advantage,"..., 9000) = 9000
6701  read(6,  <unfinished ...>
6699  select(12, [3 5 6], [9], NULL, NULL) = 3 (in [3 5], out [9])
6701  <... read resumed> " the funeral baked meats\nDid col"..., 74000) = 27000
6699  read(3,  <unfinished ...>
6701  write(5, " the funeral baked meats\nDid col"..., 27000 <unfinished ...>
6699  <... read resumed> "reets:\nAs stars with trains of f"..., 27000) = 27000
6700  <... read resumed> "t think on't--Frailty, thy name "..., 128000) = 128000
6699  write(9, "with the dream of his advantage,"..., 9000 <unfinished ...>
6700  write(4, "t think on't--Frailty, thy name "..., 128000 <unfinished ...>
6699  <... write resumed> )             = 9000
6702  <... read resumed> "with the dream of his advantage,"..., 119000) = 9000
6699  read(5,  <unfinished ...>
6702  write(6, "with the dream of his advantage,"..., 9000 <unfinished ...>
6699  <... read resumed> "\nThe Tragedy of Hamlet, Prince o"..., 3000) = 3000
6702  <... write resumed> )             = 9000
6699  select(12, [4 6], [7 11], NULL, NULL <unfinished ...>
6702  read(8,  <unfinished ...>
6699  <... select resumed> )            = 3 (in [4], out [7 11])
6699  write(7, "reets:\nAs stars with trains of f"..., 27000) = 27000
6699  read(4, "ur sight.\nHAMLET\n'Tis very stran"..., 9000) = 9000
6701  <... write resumed> )             = 27000
6699  write(11, "\nThe Tragedy of Hamlet, Prince o"..., 3000 <unfinished ...>
6701  read(6,  <unfinished ...>
6699  <... write resumed> )             = 3000
6699  select(12, [3 5 6], [9], NULL, NULL <unfinished ...>
6703  <... read resumed> "\nThe Tragedy of Hamlet, Prince o"..., 128000) = 3000
6699  <... select resumed> )            = 3 (in [3 5], out [9])
6703  write(8, "\nThe Tragedy of Hamlet, Prince o"..., 3000 <unfinished ...>
6699  read(3,  <unfinished ...>
6703  <... write resumed> )             = 3000
6701  <... read resumed> "reets:\nAs stars with trains of f"..., 47000) = 27000
6699  <... read resumed> " virtue, as it never will be mov"..., 27000) = 27000
6703  read(10,  <unfinished ...>
6699  write(9, "ur sight.\nHAMLET\n'Tis very stran"..., 9000 <unfinished ...>
6701  write(5, "reets:\nAs stars with trains of f"..., 27000 <unfinished ...>
6699  <... write resumed> )             = 9000
6702  <... read resumed> "ur sight.\nHAMLET\n'Tis very stran"..., 110000) = 9000
6699  read(5,  <unfinished ...>
6702  write(6, "ur sight.\nHAMLET\n'Tis very stran"..., 9000 <unfinished ...>
6699  <... read resumed> "ous Norway combated;\nSo frown'd "..., 3000) = 3000
6702  <... write resumed> )             = 9000
6699  select(12, [4 6], [7 11], NULL, NULL <unfinished ...>
6702  read(8,  <unfinished ...>
6699  <... select resumed> )            = 4 (in [4 6], out [7 11])
6699  write(7, " virtue, as it never will be mov"..., 27000) = 27000
6699  read(4, ".\nSo, oft it chances in particul"..., 9000) = 9000
6699  write(11, "ous Norway combated;\nSo frown'd "..., 3000) = 3000
6703  <... read resumed> "ous Norway combated;\nSo frown'd "..., 125000) = 3000
6699  read(6,  <unfinished ...>
6703  write(8, "ous Norway combated;\nSo frown'd "..., 3000 <unfinished ...>
6699  <... read resumed> "\nThe Tragedy of Hamlet, Prince o"..., 1000) = 1000
6703  <... write resumed> )             = 3000
6699  select(12, [3 5], [9 10], NULL, NULL <unfinished ...>
6703  read(10,  <unfinished ...>
6699  <... select resumed> )            = 4 (in [3 5], out [9 10])
6699  read(3, "gious blastments are most immine"..., 27000) = 27000
6699  write(9, ".\nSo, oft it chances in particul"..., 9000) = 9000
6702  <... read resumed> ".\nSo, oft it chances in particul"..., 101000) = 9000
6699  read(5,  <unfinished ...>
6702  write(6, ".\nSo, oft it chances in particul"..., 9000 <unfinished ...>
6699  <... read resumed> "ood thing to be done,\nThat may t"..., 3000) = 3000
6702  <... write resumed> )             = 9000
6699  write(10, "\nThe Tragedy of Hamlet, Prince o"..., 1000 <unfinished ...>
6702  read(8,  <unfinished ...>
6699  <... write resumed> )             = 1000
6704  <... read resumed> "\nThe Tragedy of Hamlet, Prince o"..., 128000) = 1000
6699  select(12, [4 6], [7 11], NULL, NULL <unfinished ...>
6704  write(1, "\nThe Tragedy of Hamlet, Prince o"..., 1000 <unfinished ...>
6699  <... select resumed> )            = 4 (in [4 6], out [7 11])
6699  write(7, "gious blastments are most immine"..., 27000 <unfinished ...>
6704  <... write resumed> )             = 1000
6699  <... write resumed> )             = 27000
6704  read(8,  <unfinished ...>
6699  read(4, "ith heartily.\nHORATIO\nThere's no"..., 9000) = 9000
6699  write(11, "ood thing to be done,\nThat may t"..., 3000) = 3000
6699  read(6, "RCELLUS\nHolla! Bernardo!\nBERNARD"..., 1000) = 1000
6703  <... read resumed> "ood thing to be done,\nThat may t"..., 122000) = 3000
6699  select(12, [3 5], [9 10], NULL, NULL) = 4 (in [3 5], out [9 10])
6703  write(8, "ood thing to be done,\nThat may t"..., 3000 <unfinished ...>
6699  read(3, "ave to go.\nKING CLAUDIUS\nTake th"..., 27000) = 27000
6703  <... write resumed> )             = 3000
6699  write(9, "ith heartily.\nHORATIO\nThere's no"..., 9000) = 9000
6703  read(10,  <unfinished ...>
6699  read(5,  <unfinished ...>
6702  <... read resumed> "ith heartily.\nHORATIO\nThere's no"..., 92000) = 9000
6699  <... read resumed> "with the dream of his advantage,"..., 3000) = 3000
6702  write(6, "ith heartily.\nHORATIO\nThere's no"..., 9000 <unfinished ...>
6699  write(10, "RCELLUS\nHolla! Bernardo!\nBERNARD"..., 1000 <unfinished ...>
6702  <... write resumed> )             = 9000
6699  <... write resumed> )             = 1000
6704  <... read resumed> "RCELLUS\nHolla! Bernardo!\nBERNARD"..., 127000) = 1000
6699  select(12, [4 6], [7 11], NULL, NULL <unfinished ...>
6704  write(1, "RCELLUS\nHolla! Bernardo!\nBERNARD"..., 1000 <unfinished ...>
6699  <... select resumed> )            = 4 (in [4 6], out [7 11])
6702  read(8,  <unfinished ...>
6699  write(7, "ave to go.\nKING CLAUDIUS\nTake th"..., 27000 <unfinished ...>
6704  <... write resumed> )             = 1000
6699  <... write resumed> )             = 8192
6704  read(8,  <unfinished ...>
6699  read(4, "ated,\nThe bird of dawning singet"..., 9000) = 9000
6701  <... write resumed> )             = 27000
6699  write(11, "with the dream of his advantage,"..., 3000 <unfinished ...>
6701  read(6,  <unfinished ...>
6699  <... write resumed> )             = 3000
6703  <... read resumed> "with the dream of his advantage,"..., 119000) = 3000
6699  read(6,  <unfinished ...>
6703  write(8, "with the dream of his advantage,"..., 3000 <unfinished ...>
6699  <... read resumed> "f; look, where it comes again!\nB"..., 1000) = 1000
6703  <... write resumed> )             = 3000
6699  select(12, [3 5], [7 9 10], NULL, NULL <unfinished ...>
6703  read(10,  <unfinished ...>
6699  <... select resumed> )            = 5 (in [3 5], out [7 9 10])
6701  <... read resumed> " virtue, as it never will be mov"..., 20000) = 20000
6699  read(3,  <unfinished ...>
6701  write(5, " virtue, as it never will be mov"..., 20000 <unfinished ...>
6699  <... read resumed> " play\nACT I\nSCENE I. Elsinore. A"..., 8192) = 8192
6700  <... write resumed> )             = 128000
6699  write(7, "alk again.\nHORATIO\nI warrant it "..., 18808 <unfinished ...>
6700  read(3,  <unfinished ...>
6699  <... write resumed> )             = 16384
6699  write(9, "ated,\nThe bird of dawning singet"..., 9000) = 9000
6702  <... read resumed> "ated,\nThe bird of dawning singet"..., 83000) = 9000
6699  read(5,  <unfinished ...>
6702  write(6, "ated,\nThe bird of dawning singet"..., 9000 <unfinished ...>
6699  <... read resumed> "ngs and the suits of woe.\nKING C"..., 3000) = 3000
6702  <... write resumed> )             = 9000
6699  write(10, "f; look, where it comes again!\nB"..., 1000 <unfinished ...>
6702  read(8,  <unfinished ...>
6699  <... write resumed> )             = 1000
6704  <... read resumed> "f; look, where it comes again!\nB"..., 126000) = 1000
6699  select(12, [3 4 6], [7 11], NULL, NULL <unfinished ...>
6704  write(1, "f; look, where it comes again!\nB"..., 1000 <unfinished ...>
6699  <... select resumed> )            = 4 (in [3 4 6], out [11])
6700  <... read resumed> "o madness? think of it:\nThe very"..., 128000) = 128000
6699  read(3,  <unfinished ...>
6700  write(4, "o madness? think of it:\nThe very"..., 128000 <unfinished ...>
6699  <... read resumed> " in one brow of woe,\nYet so far "..., 16384) = 16384
6704  <... write resumed> )             = 1000
6699  read(4,  <unfinished ...>
6704  read(8,  <unfinished ...>
6699  <... read resumed> " the funeral baked meats\nDid col"..., 9000) = 9000
6699  write(11, "ngs and the suits of woe.\nKING C"..., 3000) = 3000
6703  <... read resumed> "ngs and the suits of woe.\nKING C"..., 116000) = 3000
6699  read(6,  <unfinished ...>
6703  write(8, "ngs and the suits of woe.\nKING C"..., 3000 <unfinished ...>
6699  <... read resumed> "ous Norway combated;\nSo frown'd "..., 1000) = 1000
6703  <... write resumed> )             = 3000
6699  select(12, [5], [7 9 10], NULL, NULL <unfinished ...>
6703  read(10,  <unfinished ...>
6699  <... select resumed> )            = 3 (in [5], out [9 10])
6699  write(9, " the funeral baked meats\nDid col"..., 9000) = 9000
6699  read(5,  <unfinished ...>
6702  <... read resumed> " the funeral baked meats\nDid col"..., 74000) = 9000
6699  <... read resumed> " a month:\nEre yet the salt of mo"..., 3000) = 3000
6702  write(6, " the funeral baked meats\nDid col"..., 9000 <unfinished ...>
6699  write(10, "ous Norway combated;\nSo frown'd "..., 1000 <unfinished ...>
6702  <... write resumed> )             = 9000
6699  <... write resumed> )             = 1000
6704  <... read resumed> "ous Norway combated;\nSo frown'd "..., 125000) = 1000
6699  select(12, [4 6], [7 11], NULL, NULL <unfinished ...>
6704  write(1, "ous Norway combated;\nSo frown'd "..., 1000 <unfinished ...>
6699  <... select resumed> )            = 3 (in [4 6], out [11])
6702  read(8,  <unfinished ...>
6699  read(4, "for fire. From this time\nBe some"..., 9000) = 9000
6701  <... write resumed> )             = 20000
6699  write(11, " a month:\nEre yet the salt of mo"..., 3000 <unfinished ...>
6704  <... write resumed> )             = 1000
6699  <... write resumed> )             = 3000
6704  read(8,  <unfinished ...>
6699  read(6,  <unfinished ...>
6703  <... read resumed> " a month:\nEre yet the salt of mo"..., 113000) = 3000
6699  <... read resumed> "de,\nDared to the combat; in whic"..., 1000) = 1000
6703  write(8, " a month:\nEre yet the salt of mo"..., 3000 <unfinished ...>
6699  select(12, [5], [7 9 10], NULL, NULL <unfinished ...>
6703  <... write resumed> )             = 3000
6699  <... select resumed> )            = 3 (in [5], out [9 10])
6703  read(10,  <unfinished ...>
6699  write(9, "for fire. From this time\nBe some"..., 9000 <unfinished ...>
6701  read(6,  <unfinished ...>
6699  <... write resumed> )             = 9000
6702  <... read resumed> "for fire. From this time\nBe some"..., 65000) = 9000
6699  read(5,  <unfinished ...>
6702  write(6, "for fire. From this time\nBe some"..., 9000 <unfinished ...>
6699  <... read resumed> "ur sight.\nHAMLET\n'Tis very stran"..., 3000) = 3000
6702  <... write resumed> )             = 9000
6699  write(10, "de,\nDared to the combat; in whic"..., 1000 <unfinished ...>
6702  read(8,  <unfinished ...>
6699  <... write resumed> )             = 1000
6704  <... read resumed> "de,\nDared to the combat; in whic"..., 124000) = 1000
6699  select(12, [4 6], [7 11], NULL, NULL <unfinished ...>
6704  write(1, "de,\nDared to the combat; in whic"..., 1000 <unfinished ...>
6699  <... select resumed> )            = 4 (in [4 6], out [7 11])
6701  <... read resumed> "t think on't--Frailty, thy name "..., 128000) = 58576
6699  write(7, "n, my lord.\nHAMLET\nThere's ne'er"..., 2424 <unfinished ...>
6701  write(5, "t think on't--Frailty, thy name "..., 58576 <unfinished ...>
6699  <... write resumed> )             = 2424
6704  <... write resumed> )             = 1000
6699  read(4,  <unfinished ...>
6704  read(8,  <unfinished ...>
6699  <... read resumed> "hile memory holds a seat\nIn this"..., 9000) = 9000
6699  write(11, "ur sight.\nHAMLET\n'Tis very stran"..., 3000) = 3000
6703  <... read resumed> "ur sight.\nHAMLET\n'Tis very stran"..., 110000) = 3000
6699  read(6,  <unfinished ...>
6703  write(8, "ur sight.\nHAMLET\n'Tis very stran"..., 3000 <unfinished ...>
6699  <... read resumed> "ost-haste and romage in the land"..., 1000) = 1000
6703  <... write resumed> )             = 3000
6699  select(12, [3 5], [7 9 10], NULL, NULL <unfinished ...>
6703  read(10,  <unfinished ...>
6699  <... select resumed> )            = 5 (in [3 5], out [7 9 10])
6699  read(3, "rack the wind of the poor phrase"..., 2424) = 2424
6699  write(7, " play\nACT I\nSCENE I. Elsinore. A"..., 27000) = 27000
6699  write(9, "hile memory holds a seat\nIn this"..., 9000) = 9000
6702  <... read resumed> "hile memory holds a seat\nIn this"..., 56000) = 9000
6699  read(5,  <unfinished ...>
6702  write(6, "hile memory holds a seat\nIn this"..., 9000 <unfinished ...>
6699  <... read resumed> "nd place\nMay give his saying dee"..., 3000) = 3000
6699  write(10, "ost-haste and romage in the land"..., 1000) = 1000
6704  <... read resumed> "ost-haste and romage in the land"..., 123000) = 1000
6699  select(12, [3 4 6], [11], NULL, NULL <unfinished ...>
6704  write(1, "ost-haste and romage in the land"..., 1000 <unfinished ...>
6699  <... select resumed> )            = 4 (in [3 4 6], out [11])
6699  read(3, "them,\nAs, in their birth--wherei"..., 27000) = 27000
6704  <... write resumed> )             = 1000
6699  read(4,  <unfinished ...>
6704  read(8,  <unfinished ...>
6699  <... read resumed> "reets:\nAs stars with trains of f"..., 9000) = 9000
6699  write(11, "nd place\nMay give his saying dee"..., 3000) = 3000
6703  <... read resumed> "nd place\nMay give his saying dee"..., 107000) = 3000
6699  read(6,  <unfinished ...>
6703  write(8, "nd place\nMay give his saying dee"..., 3000 <unfinished ...>
6699  <... read resumed> "ood thing to be done,\nThat may t"..., 1000) = 1000
6703  <... write resumed> )             = 3000
6699  select(12, [5], [7 9 10], NULL, NULL <unfinished ...>
6703  read(10,  <unfinished ...>
6699  <... select resumed> )            = 4 (in [5], out [7 9 10])
6699  write(7, "them,\nAs, in their birth--wherei"..., 27000) = 27000
6699  write(9, "reets:\nAs stars with trains of f"..., 9000) = 9000
6699  read(5, "If it be so, as so 'tis put on m"..., 3000) = 3000
6702  <... write resumed> )             = 9000
6699  write(10, "ood thing to be done,\nThat may t"..., 1000 <unfinished ...>
6702  read(8,  <unfinished ...>
6699  <... write resumed> )             = 1000
6704  <... read resumed> "ood thing to be done,\nThat may t"..., 122000) = 1000
6699  select(12, [3 4 6], [11], NULL, NULL <unfinished ...>
6704  write(1, "ood thing to be done,\nThat may t"..., 1000 <unfinished ...>
6699  <... select resumed> )            = 4 (in [3 4 6], out [11])
6702  <... read resumed> "reets:\nAs stars with trains of f"..., 47000) = 9000
6699  read(3,  <unfinished ...>
6702  write(6, "reets:\nAs stars with trains of f"..., 9000 <unfinished ...>
6699  <... read resumed> "ad met my dearest foe in heaven\n"..., 27000) = 27000
6704  <... write resumed> )             = 1000
6699  read(4,  <unfinished ...>
6704  read(8,  <unfinished ...>
6699  <... read resumed> "ht not beteem the winds of heave"..., 9000) = 9000
6699  write(11, "If it be so, as so 'tis put on m"..., 3000) = 3000
6703  <... read resumed> "If it be so, as so 'tis put on m"..., 104000) = 3000
6699  read(6,  <unfinished ...>
6703  write(8, "If it be so, as so 'tis put on m"..., 3000 <unfinished ...>
6699  <... read resumed> "pirit hies\nTo his confine: and o"..., 1000) = 1000
6703  <... write resumed> )             = 3000
6699  select(12, [5], [7 9 10], NULL, NULL <unfinished ...>
6703  read(10,  <unfinished ...>
6699  <... select resumed> )            = 4 (in [5], out [7 9 10])
6699  write(7, "ad met my dearest foe in heaven\n"..., 27000) = 4096
6699  write(9, "ht not beteem the winds of heave"..., 9000) = 9000
6699  read(5, ".\nSo, oft it chances in particul"..., 3000) = 3000
6699  write(10, "pirit hies\nTo his confine: and o"..., 1000) = 1000
6704  <... read resumed> "pirit hies\nTo his confine: and o"..., 121000) = 1000
6699  select(12, [3 4 6], [7 11], NULL, NULL <unfinished ...>
6704  write(1, "pirit hies\nTo his confine: and o"..., 1000 <unfinished ...>
6699  <... select resumed> )            = 4 (in [3 4 6], out [11])
6699  read(3, " the moist star\nUpon whose influ"..., 4096) = 4096
6704  <... write resumed> )             = 1000
6699  read(4,  <unfinished ...>
6704  read(8,  <unfinished ...>
6699  <... read resumed> "!\nLAERTES\nMost humbly do I take "..., 9000) = 9000
6699  write(11, ".\nSo, oft it chances in particul"..., 3000) = 3000
6703  <... read resumed> ".\nSo, oft it chances in particul"..., 101000) = 3000
6699  read(6,  <unfinished ...>
6703  write(8, ".\nSo, oft it chances in particul"..., 3000 <unfinished ...>
6699  <... read resumed> "ING CLAUDIUS, QUEEN GERTRUDE, HA"..., 1000) = 1000
6703  <... write resumed> )             = 3000
6699  select(12, [5], [7 9 10], NULL, NULL <unfinished ...>
6703  read(10,  <unfinished ...>
6699  <... select resumed> )            = 3 (in [5], out [9 10])
6699  write(9, "!\nLAERTES\nMost humbly do I take "..., 9000) = 9000
6699  read(5, "t issue will this come?\nMARCELLU"..., 3000) = 3000
6702  <... write resumed> )             = 9000
6699  write(10, "ING CLAUDIUS, QUEEN GERTRUDE, HA"..., 1000 <unfinished ...>
6702  read(8,  <unfinished ...>
6699  <... write resumed> )             = 1000
6704  <... read resumed> "ING CLAUDIUS, QUEEN GERTRUDE, HA"..., 120000) = 1000
6699  select(12, [4 6], [7 11], NULL, NULL <unfinished ...>
6704  write(1, "ING CLAUDIUS, QUEEN GERTRUDE, HA"..., 1000 <unfinished ...>
6699  <... select resumed> )            = 3 (in [4 6], out [11])
6702  <... read resumed> "ht not beteem the winds of heave"..., 38000) = 18000
6699  read(4,  <unfinished ...>
6702  write(6, "ht not beteem the winds of heave"..., 18000 <unfinished ...>
6699  <... read resumed> " virtue, as it never will be mov"..., 9000) = 9000
6704  <... write resumed> )             = 1000
6699  write(11, "t issue will this come?\nMARCELLU"..., 3000 <unfinished ...>
6704  read(8,  <unfinished ...>
6699  <... write resumed> )             = 3000
6703  <... read resumed> "t issue will this come?\nMARCELLU"..., 98000) = 3000
6699  read(6,  <unfinished ...>
6703  write(8, "t issue will this come?\nMARCELLU"..., 3000 <unfinished ...>
6699  <... read resumed> "with the dream of his advantage,"..., 1000) = 1000
6703  <... write resumed> )             = 3000
6699  select(12, [5], [7 9 10], NULL, NULL <unfinished ...>
6703  read(10,  <unfinished ...>
6699  <... select resumed> )            = 3 (in [5], out [9 10])
6699  write(9, " virtue, as it never will be mov"..., 9000) = 9000
6699  read(5, " alleys of the body,\nAnd with a "..., 3000) = 3000
6699  write(10, "with the dream of his advantage,"..., 1000) = 1000
6704  <... read resumed> "with the dream of his advantage,"..., 119000) = 1000
6699  select(12, [4 6], [7 11], NULL, NULL <unfinished ...>
6704  write(1, "with the dream of his advantage,"..., 1000 <unfinished ...>
6699  <... select resumed> )            = 3 (in [4 6], out [11])
6699  read(4, "s not divide the Sunday from the"..., 9000) = 9000
6704  <... write resumed> )             = 1000
6699  write(11, " alleys of the body,\nAnd with a "..., 3000 <unfinished ...>
6704  read(8,  <unfinished ...>
6699  <... write resumed> )             = 3000
6703  <... read resumed> " alleys of the body,\nAnd with a "..., 95000) = 3000
6699  read(6,  <unfinished ...>
6703  write(8, " alleys of the body,\nAnd with a "..., 3000 <unfinished ...>
6699  <... read resumed> "u?\nYou told us of some suit; wha"..., 1000) = 1000
6703  <... write resumed> )             = 3000
6699  select(12, [5], [7 9 10], NULL, NULL <unfinished ...>
6703  read(10,  <unfinished ...>
6699  <... select resumed> )            = 3 (in [5], out [9 10])
6701  <... write resumed> )             = 58576
6699  write(9, "s not divide the Sunday from the"..., 9000 <unfinished ...>
6701  read(6,  <unfinished ...>
6699  <... write resumed> )             = 9000
6699  read(5,  <unfinished ...>
6701  <... read resumed> "n, my lord.\nHAMLET\nThere's ne'er"..., 69424) = 60520
6699  <... read resumed> "ith heartily.\nHORATIO\nThere's no"..., 3000) = 3000
6701  write(5, "n, my lord.\nHAMLET\nThere's ne'er"..., 60520 <unfinished ...>
6699  write(10, "u?\nYou told us of some suit; wha"..., 1000) = 1000
6704  <... read resumed> "u?\nYou told us of some suit; wha"..., 118000) = 1000
6699  select(12, [4 6], [7 11], NULL, NULL <unfinished ...>
6704  write(1, "u?\nYou told us of some suit; wha"..., 1000 <unfinished ...>
6699  <... select resumed> )            = 4 (in [4 6], out [7 11])
6699  write(7, " temple waxes,\nThe inward servic"..., 22904) = 22904
6704  <... write resumed> )             = 1000
6699  read(4,  <unfinished ...>
6704  read(8,  <unfinished ...>
6699  <... read resumed> "art? Fie! 'tis a fault to heaven"..., 9000) = 9000
6699  write(11, "ith heartily.\nHORATIO\nThere's no"..., 3000) = 3000
6703  <... read resumed> "ith heartily.\nHORATIO\nThere's no"..., 92000) = 3000
6699  read(6,  <unfinished ...>
6703  write(8, "ith heartily.\nHORATIO\nThere's no"..., 3000 <unfinished ...>
6699  <... read resumed> ", and my son,--\nHAMLET\n[Aside] A"..., 1000) = 1000
6703  <... write resumed> )             = 3000
6699  select(12, [3 5], [7 9 10], NULL, NULL <unfinished ...>
6703  read(10,  <unfinished ...>
6699  <... select resumed> )            = 5 (in [3 5], out [7 9 10])
6699  read(3, "f this greeting to old Norway;\nG"..., 22904) = 22904
6699  write(7, " the moist star\nUpon whose influ"..., 27000) = 27000
6699  write(9, "art? Fie! 'tis a fault to heaven"..., 9000) = 9000
6699  read(5, "nothing.\nMARCELLUS\nHoratio says "..., 3000) = 3000
6699  write(10, ", and my son,--\nHAMLET\n[Aside] A"..., 1000) = 1000
6704  <... read resumed> ", and my son,--\nHAMLET\n[Aside] A"..., 117000) = 1000
6699  select(12, [3 4 6], [11], NULL, NULL <unfinished ...>
6704  write(1, ", and my son,--\nHAMLET\n[Aside] A"..., 1000 <unfinished ...>
6699  <... select resumed> )            = 4 (in [3 4 6], out [11])
6699  read(3, "n,\nSo lust, though to a radiant "..., 27000) = 27000
6704  <... write resumed> )             = 1000
6699  read(4,  <unfinished ...>
6704  read(8,  <unfinished ...>
6699  <... read resumed> "gious blastments are most immine"..., 9000) = 9000
6700  <... write resumed> )             = 128000
6699  write(11, "nothing.\nMARCELLUS\nHoratio says "..., 3000 <unfinished ...>
6700  read(3,  <unfinished ...>
6699  <... write resumed> )             = 3000
6703  <... read resumed> "nothing.\nMARCELLUS\nHoratio says "..., 89000) = 3000
6699  read(6,  <unfinished ...>
6703  write(8, "nothing.\nMARCELLUS\nHoratio says "..., 3000 <unfinished ...>
6699  <... read resumed> "ngs and the suits of woe.\nKING C"..., 1000) = 1000
6703  <... write resumed> )             = 3000
6699  select(12, [5], [7 9 10], NULL, NULL <unfinished ...>
6703  read(10,  <unfinished ...>
6699  <... select resumed> )            = 4 (in [5], out [7 9 10])
6700  <... read resumed> "y avoid, O, speak!\nOr if thou ha"..., 128000) = 128000
6699  write(7, "n,\nSo lust, though to a radiant "..., 27000 <unfinished ...>
6700  write(4, "y avoid, O, speak!\nOr if thou ha"..., 128000 <unfinished ...>
6699  <... write resumed> )             = 12288
6699  write(9, "gious blastments are most immine"..., 9000) = 9000
6699  read(5, "fe, all those his lands\nWhich he"..., 3000) = 3000
6699  write(10, "ngs and the suits of woe.\nKING C"..., 1000) = 1000
6704  <... read resumed> "ngs and the suits of woe.\nKING C"..., 116000) = 1000
6699  select(12, [3 4 6], [7 11], NULL, NULL <unfinished ...>
6704  write(1, "ngs and the suits of woe.\nKING C"..., 1000 <unfinished ...>
6699  <... select resumed> )            = 4 (in [3 4 6], out [11])
6699  read(3, "h to itself rebels, though none "..., 12288) = 12288
6704  <... write resumed> )             = 1000
6699  read(4,  <unfinished ...>
6704  read(8,  <unfinished ...>
6699  <... read resumed> "erm to walk the night,\nAnd for t"..., 9000) = 9000
6699  write(11, "fe, all those his lands\nWhich he"..., 3000) = 3000
6703  <... read resumed> "fe, all those his lands\nWhich he"..., 86000) = 3000
6699  read(6,  <unfinished ...>
6703  write(8, "fe, all those his lands\nWhich he"..., 3000 <unfinished ...>
6699  <... read resumed> "e the most immediate to our thro"..., 1000) = 1000
6703  <... write resumed> )             = 3000
6699  select(12, [5], [7 9 10], NULL, NULL <unfinished ...>
6703  read(10,  <unfinished ...>
6699  <... select resumed> )            = 3 (in [5], out [9 10])
6699  write(9, "erm to walk the night,\nAnd for t"..., 9000) = 9000
6699  read(5, "ated,\nThe bird of dawning singet"..., 3000) = 3000
6699  write(10, "e the most immediate to our thro"..., 1000) = 1000
6704  <... read resumed> "e the most immediate to our thro"..., 115000) = 1000
6699  select(12, [4 6], [7 11], NULL, NULL <unfinished ...>
6704  write(1, "e the most immediate to our thro"..., 1000 <unfinished ...>
6699  <... select resumed> )            = 3 (in [4 6], out [11])
6699  read(4, "e that part of heaven\nWhere now "..., 9000) = 9000
6704  <... write resumed> )             = 1000
6699  write(11, "ated,\nThe bird of dawning singet"..., 3000 <unfinished ...>
6704  read(8,  <unfinished ...>
6699  <... write resumed> )             = 3000
6703  <... read resumed> "ated,\nThe bird of dawning singet"..., 83000) = 3000
6699  read(6,  <unfinished ...>
6703  write(8, "ated,\nThe bird of dawning singet"..., 3000 <unfinished ...>
6699  <... read resumed> "sting had not fix'd\nHis canon 'g"..., 1000) = 1000
6703  <... write resumed> )             = 3000
6699  select(12, [5], [7 9 10], NULL, NULL <unfinished ...>
6703  read(10,  <unfinished ...>
6699  <... select resumed> )            = 3 (in [5], out [9 10])
6699  write(9, "e that part of heaven\nWhere now "..., 9000) = 9000
6699  read(5, "o the heart,\nThe hand more instr"..., 3000) = 3000
6702  <... write resumed> )             = 18000
6699  write(10, "sting had not fix'd\nHis canon 'g"..., 1000 <unfinished ...>
6702  read(8,  <unfinished ...>
6699  <... write resumed> )             = 1000
6704  <... read resumed> "sting had not fix'd\nHis canon 'g"..., 114000) = 1000
6699  select(12, [4 6], [7 11], NULL, NULL <unfinished ...>
6704  write(1, "sting had not fix'd\nHis canon 'g"..., 1000 <unfinished ...>
6699  <... select resumed> )            = 3 (in [4 6], out [11])
6702  <... read resumed> " virtue, as it never will be mov"..., 20000) = 20000
6699  read(4,  <unfinished ...>
6702  write(6, " virtue, as it never will be mov"..., 20000 <unfinished ...>
6699  <... read resumed> "ave to go.\nKING CLAUDIUS\nTake th"..., 9000) = 9000
6704  <... write resumed> )             = 1000
6699  write(11, "o the heart,\nThe hand more instr"..., 3000 <unfinished ...>
6704  read(8,  <unfinished ...>
6699  <... write resumed> )             = 3000
6703  <... read resumed> "o the heart,\nThe hand more instr"..., 80000) = 3000
6699  read(6,  <unfinished ...>
6703  write(8, "o the heart,\nThe hand more instr"..., 3000 <unfinished ...>
6699  <... read resumed> " a month:\nEre yet the salt of mo"..., 1000) = 1000
6703  <... write resumed> )             = 3000
6699  select(12, [5], [7 9 10], NULL, NULL <unfinished ...>
6703  read(10,  <unfinished ...>
6699  <... select resumed> )            = 3 (in [5], out [9 10])
6699  write(9, "ave to go.\nKING CLAUDIUS\nTake th"..., 9000) = 9000
6699  read(5, " to our desire:\nAnd we beseech y"..., 3000) = 3000
6699  write(10, " a month:\nEre yet the salt of mo"..., 1000) = 1000
6704  <... read resumed> " a month:\nEre yet the salt of mo"..., 113000) = 1000
6699  select(12, [4 6], [7 11], NULL, NULL <unfinished ...>
6704  write(1, " a month:\nEre yet the salt of mo"..., 1000 <unfinished ...>
6699  <... select resumed> )            = 3 (in [4 6], out [11])
6699  read(4, "HELIA\nLAERTES\nMy necessaries are"..., 9000) = 9000
6704  <... write resumed> )             = 1000
6699  write(11, " to our desire:\nAnd we beseech y"..., 3000 <unfinished ...>
6704  read(8,  <unfinished ...>
6699  <... write resumed> )             = 3000
6703  <... read resumed> " to our desire:\nAnd we beseech y"..., 77000) = 3000
6699  read(6,  <unfinished ...>
6703  write(8, " to our desire:\nAnd we beseech y"..., 3000 <unfinished ...>
6699  <... read resumed> "ord, I came to see your father's"..., 1000) = 1000
6703  <... write resumed> )             = 3000
6699  select(12, [5], [7 9 10], NULL, NULL <unfinished ...>
6703  read(10,  <unfinished ...>
6699  <... select resumed> )            = 3 (in [5], out [9 10])
6699  write(9, "HELIA\nLAERTES\nMy necessaries are"..., 9000) = 9000
6699  read(5, " the funeral baked meats\nDid col"..., 3000) = 3000
6699  write(10, "ord, I came to see your father's"..., 1000) = 1000
6704  <... read resumed> "ord, I came to see your father's"..., 112000) = 1000
6699  select(12, [4 6], [7 11], NULL, NULL <unfinished ...>
6704  write(1, "ord, I came to see your father's"..., 1000 <unfinished ...>
6699  <... select resumed> )            = 3 (in [4 6], out [11])
6699  read(4, "HAMLET\nWhy, what should be the f"..., 9000) = 9000
6701  <... write resumed> )             = 60520
6699  write(11, " the funeral baked meats\nDid col"..., 3000 <unfinished ...>
6704  <... write resumed> )             = 1000
6699  <... write resumed> )             = 3000
6704  read(8,  <unfinished ...>
6699  read(6,  <unfinished ...>
6703  <... read resumed> " the funeral baked meats\nDid col"..., 74000) = 3000
6699  <... read resumed> "ast and middle of the night,\nBee"..., 1000) = 1000
6703  write(8, " the funeral baked meats\nDid col"..., 3000 <unfinished ...>
6699  select(12, [5], [7 9 10], NULL, NULL <unfinished ...>
6703  <... write resumed> )             = 3000
6699  <... select resumed> )            = 3 (in [5], out [9 10])
6703  read(10,  <unfinished ...>
6699  write(9, "HAMLET\nWhy, what should be the f"..., 9000 <unfinished ...>
6701  read(6,  <unfinished ...>
6699  <... write resumed> )             = 4096
6701  <... read resumed> " temple waxes,\nThe inward servic"..., 8904) = 8904
6699  read(5,  <unfinished ...>
6701  write(5, " temple waxes,\nThe inward servic"..., 8904 <unfinished ...>
6699  <... read resumed> " pray you all,\nIf you have hithe"..., 3000) = 3000
6699  write(10, "ast and middle of the night,\nBee"..., 1000) = 1000
6704  <... read resumed> "ast and middle of the night,\nBee"..., 111000) = 1000
6699  select(12, [4 6], [7 9 11], NULL, NULL <unfinished ...>
6704  write(1, "ast and middle of the night,\nBee"..., 1000 <unfinished ...>
6699  <... select resumed> )            = 4 (in [4 6], out [7 11])
6699  write(7, "s confine: and of the truth here"..., 14712) = 8192
6699  read(4,  <unfinished ...>
6704  <... write resumed> )             = 1000
6699  <... read resumed> " play\nACT I\nSCENE I. Elsinore. A"..., 4096) = 4096
6704  read(8,  <unfinished ...>
6699  write(11, " pray you all,\nIf you have hithe"..., 3000 <unfinished ...>
6701  <... write resumed> )             = 8904
6699  <... write resumed> )             = 3000
6703  <... read resumed> " pray you all,\nIf you have hithe"..., 71000) = 3000
6699  read(6,  <unfinished ...>
6703  write(8, " pray you all,\nIf you have hithe"..., 3000 <unfinished ...>
6699  <... read resumed> "ur sight.\nHAMLET\n'Tis very stran"..., 1000) = 1000
6703  <... write resumed> )             = 3000
6699  select(12, [3 5], [7 9 10], NULL, NULL <unfinished ...>
6703  read(10,  <unfinished ...>
6699  <... select resumed> )            = 3 (in [3 5], out [10])
6701  read(6,  <unfinished ...>
6699  read(3, "l you host of heaven! O earth! w"..., 8192) = 8192
6701  <... read resumed> "o madness? think of it:\nThe very"..., 128000) = 61480
6699  read(5,  <unfinished ...>
6701  write(5, "o madness? think of it:\nThe very"..., 61480 <unfinished ...>
6699  <... read resumed> "a second leave.\nLORD POLONIUS\nYe"..., 3000) = 3000
6699  write(10, "ur sight.\nHAMLET\n'Tis very stran"..., 1000) = 1000
6704  <... read resumed> "ur sight.\nHAMLET\n'Tis very stran"..., 110000) = 1000
6699  select(12, [6], [7 9 11], NULL, NULL <unfinished ...>
6704  write(1, "ur sight.\nHAMLET\n'Tis very stran"..., 1000 <unfinished ...>
6699  <... select resumed> )            = 3 (in [6], out [7 11])
6699  write(7, " to good:\nBut break, my heart; f"..., 6520) = 6520
6699  write(11, "a second leave.\nLORD POLONIUS\nYe"..., 3000) = 3000
6704  <... write resumed> )             = 1000
6699  read(6,  <unfinished ...>
6704  read(8,  <unfinished ...>
6699  <... read resumed> "lver'd.\nHAMLET\nI will watch to-n"..., 1000) = 1000
6703  <... read resumed> "a second leave.\nLORD POLONIUS\nYe"..., 68000) = 3000
6699  select(12, [3 5], [7 9 10], NULL, NULL <unfinished ...>
6703  write(8, "a second leave.\nLORD POLONIUS\nYe"..., 3000 <unfinished ...>
6699  <... select resumed> )            = 4 (in [3 5], out [7 10])
6703  <... write resumed> )             = 3000
6699  read(3,  <unfinished ...>
6703  read(10,  <unfinished ...>
6699  <... read resumed> ", by the same covenant,\nAnd carr"..., 6520) = 6520
6699  write(7, "h to itself rebels, though none "..., 27000) = 27000
6699  read(5, "for fire. From this time\nBe some"..., 3000) = 3000
6699  write(10, "lver'd.\nHAMLET\nI will watch to-n"..., 1000) = 1000
6704  <... read resumed> "lver'd.\nHAMLET\nI will watch to-n"..., 109000) = 1000
6699  select(12, [3 6], [9 11], NULL, NULL <unfinished ...>
6704  write(1, "lver'd.\nHAMLET\nI will watch to-n"..., 1000 <unfinished ...>
6699  <... select resumed> )            = 3 (in [3 6], out [11])
6699  read(3, "t graces spend it at thy will!\nB"..., 27000) = 27000
6699  write(11, "for fire. From this time\nBe some"..., 3000) = 3000
6703  <... read resumed> "for fire. From this time\nBe some"..., 65000) = 3000
6699  read(6,  <unfinished ...>
6703  write(8, "for fire. From this time\nBe some"..., 3000 <unfinished ...>
6699  <... read resumed> "et me hear from you.\nOPHELIA\nDo "..., 1000) = 1000
6703  <... write resumed> )             = 3000
6699  select(12, [5], [7 9 10], NULL, NULL <unfinished ...>
6703  read(10,  <unfinished ...>
6699  <... select resumed> )            = 3 (in [5], out [7 10])
6699  write(7, "t graces spend it at thy will!\nB"..., 27000) = 27000
6699  read(5, "us and marble jaws,\nTo cast thee"..., 3000) = 3000
6702  <... write resumed> )             = 20000
6699  write(10, "et me hear from you.\nOPHELIA\nDo "..., 1000 <unfinished ...>
6702  read(8,  <unfinished ...>
6699  <... write resumed> )             = 1000
6699  select(12, [3 6], [9 11], NULL, NULL <unfinished ...>
6702  <... read resumed> "t think on't--Frailty, thy name "..., 128000) = 56096
6699  <... select resumed> )            = 4 (in [3 6], out [9 11])
6702  write(6, "t think on't--Frailty, thy name "..., 56096 <unfinished ...>
6699  read(3, "st. Enter to him BERNARDO\nBERNAR"..., 27000) = 27000
6699  write(9, "it courses through\nThe natural g"..., 4904) = 4904
6699  write(11, "us and marble jaws,\nTo cast thee"..., 3000) = 3000
6703  <... read resumed> "us and marble jaws,\nTo cast thee"..., 62000) = 3000
6699  read(6,  <unfinished ...>
6703  write(8, "us and marble jaws,\nTo cast thee"..., 3000 <unfinished ...>
6699  <... read resumed> "nd place\nMay give his saying dee"..., 1000) = 1000
6703  <... write resumed> )             = 3000
6699  select(12, [4 5], [7 9 10], NULL, NULL <unfinished ...>
6703  read(10,  <unfinished ...>
6699  <... select resumed> )            = 4 (in [4 5], out [9 10])
6699  read(4, "w and heraldry,\nDid forfeit, wit"..., 4904) = 4904
6699  write(9, " play\nACT I\nSCENE I. Elsinore. A"..., 9000) = 9000
6699  read(5, "st ever thy dear father love--\nH"..., 3000) = 3000
6699  write(10, "nd place\nMay give his saying dee"..., 1000) = 1000
6699  select(12, [4 6], [7 11], NULL, NULL) = 3 (in [4 6], out [11])
6699  read(4, "mporting the surrender of those "..., 9000) = 9000
6699  write(11, "st ever thy dear father love--\nH"..., 3000) = 3000
6703  <... read resumed> "st ever thy dear father love--\nH"..., 59000) = 3000
6699  read(6,  <unfinished ...>
6703  write(8, "st ever thy dear father love--\nH"..., 3000 <unfinished ...>
6699  <... read resumed> "Himself the primrose path of dal"..., 1000) = 1000
6699  select(12, [5], [7 9 10], NULL, NULL) = 3 (in [5], out [9 10])
6699  write(9, "mporting the surrender of those "..., 9000) = 9000
6699  read(5, "hile memory holds a seat\nIn this"..., 3000) = 3000
6699  write(10, "Himself the primrose path of dal"..., 1000) = 1000
6699  select(12, [4 6], [7 11], NULL, NULL) = 3 (in [4 6], out [11])
6699  read(4, " true;\nAnd we did think it writ "..., 9000) = 9000
6699  write(11, "hile memory holds a seat\nIn this"..., 3000) = 3000
6699  read(6, " gaudy;\nFor the apparel oft proc"..., 1000) = 1000
6703  <... write resumed> )             = 3000
6699  select(12, [5], [7 9 10], NULL, NULL <unfinished ...>
6703  read(10,  <unfinished ...>
6699  <... select resumed> )            = 3 (in [5], out [9 10])
6703  <... read resumed> "hile memory holds a seat\nIn this"..., 56000) = 3000
6699  write(9, " true;\nAnd we did think it writ "..., 9000 <unfinished ...>
6703  write(8, "hile memory holds a seat\nIn this"..., 3000 <unfinished ...>
6699  <... write resumed> )             = 9000
6699  read(5, "arth so fast?\nA worthy pioner! O"..., 3000) = 3000
6699  write(10, " gaudy;\nFor the apparel oft proc"..., 1000) = 1000
6699  select(12, [4 6], [7 11], NULL, NULL) = 3 (in [4 6], out [11])
6699  read(4, "them,\nAs, in their birth--wherei"..., 9000) = 9000
6699  write(11, "arth so fast?\nA worthy pioner! O"..., 3000) = 3000
6699  read(6, "If it be so, as so 'tis put on m"..., 1000) = 1000
6699  select(12, [5], [7 9 10], NULL, NULL) = 3 (in [5], out [9 10])
6699  write(9, "them,\nAs, in their birth--wherei"..., 9000) = 9000
6699  read(5, " buried Denmark\nDid sometimes ma"..., 3000) = 3000
6699  write(10, "If it be so, as so 'tis put on m"..., 1000) = 1000
6699  select(12, [4 6], [7 11], NULL, NULL) = 3 (in [4 6], out [11])
6699  read(4, " but there is, Horatio,\nAnd much"..., 9000) = 9000
6699  write(11, " buried Denmark\nDid sometimes ma"..., 3000) = 3000
6699  read(6, "dcocks. I do know,\nWhen the bloo"..., 1000) = 1000
6699  select(12, [5], [7 9 10], NULL, NULL) = 3 (in [5], out [9 10])
6699  write(9, " but there is, Horatio,\nAnd much"..., 9000) = 9000
6699  read(5, "reets:\nAs stars with trains of f"..., 3000) = 3000
6699  write(10, "dcocks. I do know,\nWhen the bloo"..., 1000) = 1000
6699  select(12, [4 6], [7 11], NULL, NULL) = 3 (in [4 6], out [11])
6699  read(4, "dares stir abroad;\nThe nights ar"..., 9000) = 9000
6699  write(11, "reets:\nAs stars with trains of f"..., 3000) = 3000
6699  read(6, "shrewdly; it is very cold.\nHORAT"..., 1000) = 1000
6703  <... write resumed> )             = 3000
6699  select(12, [5], [7 9 10], NULL, NULL <unfinished ...>
6703  read(10,  <unfinished ...>
6699  <... select resumed> )            = 3 (in [5], out [9 10])
6703  <... read resumed> "arth so fast?\nA worthy pioner! O"..., 53000) = 9000
6699  write(9, "dares stir abroad;\nThe nights ar"..., 9000 <unfinished ...>
6703  write(8, "arth so fast?\nA worthy pioner! O"..., 9000 <unfinished ...>
6699  <... write resumed> )             = 8192
6699  read(5, "r sometime sister, now our queen"..., 3000) = 3000
6699  write(10, "shrewdly; it is very cold.\nHORAT"..., 1000) = 1000
6699  select(12, [4 6], [7 9 11], NULL, NULL) = 3 (in [4 6], out [11])
6699  read(4, "ad met my dearest foe in heaven\n"..., 8192) = 8192
6699  write(11, "r sometime sister, now our queen"..., 3000) = 3000
6699  read(6, ".\nSo, oft it chances in particul"..., 1000) = 1000
6699  select(12, [5], [7 9 10], NULL, NULL) = 2 (in [5], out [10])
6699  read(5, " nature to eternity.\nHAMLET\nAy, "..., 3000) = 3000
6699  write(10, ".\nSo, oft it chances in particul"..., 1000) = 1000
6699  select(12, [6], [7 9 11], NULL, NULL) = 2 (in [6], out [11])
6699  write(11, " nature to eternity.\nHAMLET\nAy, "..., 3000) = 3000
6699  read(6, ", royal Dane: O, answer me!\nLet "..., 1000) = 1000
6699  select(12, [5], [7 9 10], NULL, NULL) = 2 (in [5], out [10])
6699  read(5, "ht not beteem the winds of heave"..., 3000) = 3000
6699  write(10, ", royal Dane: O, answer me!\nLet "..., 1000) = 1000
6699  select(12, [6], [7 9 11], NULL, NULL) = 2 (in [6], out [11])
6699  write(11, "ht not beteem the winds of heave"..., 3000) = 3000
6699  read(6, "l as itself?\nIt waves me forth a"..., 1000) = 1000
6699  select(12, [5], [7 9 10], NULL, NULL) = 2 (in [5], out [10])
6699  read(5,  <unfinished ...>
6704  <... write resumed> )             = 1000
6704  read(8,  <unfinished ...>
6699  <... read resumed> "them the third night kept the wa"..., 3000) = 3000
6704  <... read resumed> "et me hear from you.\nOPHELIA\nDo "..., 108000) = 9000
6704  write(1, "et me hear from you.\nOPHELIA\nDo "..., 9000 <unfinished ...>
6699  write(10, "l as itself?\nIt waves me forth a"..., 1000) = 1000
6699  select(12, [6], [7 9 11], NULL, NULL) = 2 (in [6], out [11])
6699  write(11, "them the third night kept the wa"..., 3000) = 3000
6699  read(6, "t issue will this come?\nMARCELLU"..., 1000) = 1000
6699  select(12, [5], [7 9 10], NULL, NULL) = 2 (in [5], out [10])
