6699  select(12, [], [7 9 10 11], NULL, NULL) = 1 (out [10])
6699  write(10, "\nOut of his subject: and we here"..., 1000) = 1000
6704  <... read resumed> "\nOut of his subject: and we here"..., 110000) = 1000
6699  select(12, [6], [7 9 11], NULL, NULL <unfinished ...>
6704  write(1, "\nOut of his subject: and we here"..., 1000 <unfinished ...>
6699  <... select resumed> )            = 1 (in [6])
6699  read(6,  <unfinished ...>
6704  <... write resumed> )             = 1000
6699  <... read resumed> "t confess, that duty done,\nMy th"..., 1000) = 1000
6704  read(8,  <unfinished ...>
6699  select(12, [], [7 9 10 11], NULL, NULL) = 1 (out [10])
6699  write(10, "t confess, that duty done,\nMy th"..., 1000) = 1000
6704  <... read resumed> "t confess, that duty done,\nMy th"..., 109000) = 1000
6699  select(12, [6], [7 9 11], NULL, NULL <unfinished ...>
6704  write(1, "t confess, that duty done,\nMy th"..., 1000 <unfinished ...>
6699  <... select resumed> )            = 1 (in [6])
6699  read(6, "y seems it so particular with th"..., 1000) = 1000
6704  <... write resumed> )             = 1000
6699  select(12, [], [7 9 10 11], NULL, NULL <unfinished ...>
6704  read(8,  <unfinished ...>
6699  <... select resumed> )            = 1 (out [10])
6699  write(10, "y seems it so particular with th"..., 1000) = 1000
6704  <... read resumed> "y seems it so particular with th"..., 108000) = 1000
6699  select(12, [6], [7 9 11], NULL, NULL <unfinished ...>
6704  write(1, "y seems it so particular with th"..., 1000 <unfinished ...>
6699  <... select resumed> )            = 1 (in [6])
6699  read(6,  <unfinished ...>
6704  <... write resumed> )             = 1000
6699  <... read resumed> ":\nFor what we know must be and i"..., 1000) = 1000
6704  read(8,  <unfinished ...>
6699  select(12, [], [7 9 10 11], NULL, NULL) = 1 (out [10])
6699  write(10, ":\nFor what we know must be and i"..., 1000) = 1000
6704  <... read resumed> ":\nFor what we know must be and i"..., 107000) = 1000
6699  select(12, [6], [7 9 11], NULL, NULL <unfinished ...>
6704  write(1, ":\nFor what we know must be and i"..., 1000 <unfinished ...>
6699  <... select resumed> )            = 1 (in [6])
6704  <... write resumed> )             = 1000
6704  read(8,  <unfinished ...>
6699  read(6, ".\nKING CLAUDIUS\nWhy, 'tis a lovi"..., 1000) = 1000
6699  select(12, [], [7 9 10 11], NULL, NULL) = 1 (out [10])
6699  write(10, ".\nKING CLAUDIUS\nWhy, 'tis a lovi"..., 1000) = 1000
6704  <... read resumed> ".\nKING CLAUDIUS\nWhy, 'tis a lovi"..., 106000) = 1000
6699  select(12, [6], [7 9 11], NULL, NULL <unfinished ...>
6704  write(1, ".\nKING CLAUDIUS\nWhy, 'tis a lovi"..., 1000 <unfinished ...>
6699  <... select resumed> )            = 1 (in [6])
6699  read(6,  <unfinished ...>
6704  <... write resumed> )             = 1000
6699  <... read resumed> "Must I remember? why, she would "..., 1000) = 1000
6704  read(8,  <unfinished ...>
6699  select(12, [], [7 9 10 11], NULL, NULL) = 1 (out [10])
6699  write(10, "Must I remember? why, she would "..., 1000) = 1000
6704  <... read resumed> "Must I remember? why, she would "..., 105000) = 1000
6699  select(12, [6], [7 9 11], NULL, NULL <unfinished ...>
6704  write(1, "Must I remember? why, she would "..., 1000 <unfinished ...>
6699  <... select resumed> )            = 1 (in [6])
6699  read(6,  <unfinished ...>
6704  <... write resumed> )             = 1000
6699  <... read resumed> "h you:\nAnd what make you from Wi"..., 1000) = 1000
6704  read(8,  <unfinished ...>
6699  select(12, [], [7 9 10 11], NULL, NULL) = 1 (out [10])
6699  write(10, "h you:\nAnd what make you from Wi"..., 1000) = 1000
6704  <... read resumed> "h you:\nAnd what make you from Wi"..., 104000) = 1000
6699  select(12, [6], [7 9 11], NULL, NULL <unfinished ...>
6704  write(1, "h you:\nAnd what make you from Wi"..., 1000 <unfinished ...>
6699  <... select resumed> )            = 1 (in [6])
6699  read(6, "ET\nHe was a man, take him for al"..., 1000) = 1000
6704  <... write resumed> )             = 1000
6699  select(12, [], [7 9 10 11], NULL, NULL <unfinished ...>
6704  read(8,  <unfinished ...>
6699  <... select resumed> )            = 1 (out [10])
6699  write(10, "ET\nHe was a man, take him for al"..., 1000) = 1000
6704  <... read resumed> "ET\nHe was a man, take him for al"..., 103000) = 1000
6699  select(12, [6], [7 9 11], NULL, NULL <unfinished ...>
6704  write(1, "ET\nHe was a man, take him for al"..., 1000 <unfinished ...>
6699  <... select resumed> )            = 1 (in [6])
6699  read(6, "\nForm of the thing, each word ma"..., 1000) = 1000
6704  <... write resumed> )             = 1000
6699  select(12, [], [7 9 10 11], NULL, NULL <unfinished ...>
6704  read(8,  <unfinished ...>
6699  <... select resumed> )            = 1 (out [10])
6699  write(10, "\nForm of the thing, each word ma"..., 1000) = 1000
6704  <... read resumed> "\nForm of the thing, each word ma"..., 102000) = 1000
6699  select(12, [6], [7 9 11], NULL, NULL <unfinished ...>
6704  write(1, "\nForm of the thing, each word ma"..., 1000 <unfinished ...>
6699  <... select resumed> )            = 1 (in [6])
6699  read(6, "\nHORATIO\nA countenance more in s"..., 1000) = 1000
6699  select(12, [], [7 9 10 11], NULL, NULL) = 1 (out [10])
6704  <... write resumed> )             = 1000
6699  write(10, "\nHORATIO\nA countenance more in s"..., 1000 <unfinished ...>
6704  read(8,  <unfinished ...>
6699  <... write resumed> )             = 1000
6704  <... read resumed> "\nHORATIO\nA countenance more in s"..., 101000) = 1000
6699  select(12, [6], [7 9 11], NULL, NULL <unfinished ...>
6704  write(1, "\nHORATIO\nA countenance more in s"..., 1000 <unfinished ...>
6699  <... select resumed> )            = 1 (in [6])
6699  read(6, "uty to your honour.\nHAMLET\nYour "..., 1000) = 1000
6699  select(12, [], [7 9 10 11], NULL, NULL <unfinished ...>
6704  <... write resumed> )             = 1000
6699  <... select resumed> )            = 1 (out [10])
6704  read(8,  <unfinished ...>
6699  write(10, "uty to your honour.\nHAMLET\nYour "..., 1000) = 1000
6704  <... read resumed> "uty to your honour.\nHAMLET\nYour "..., 100000) = 1000
6699  select(12, [6], [7 9 11], NULL, NULL <unfinished ...>
6704  write(1, "uty to your honour.\nHAMLET\nYour "..., 1000 <unfinished ...>
6699  <... select resumed> )            = 1 (in [6])
6699  read(6, "cautel doth besmirch\nThe virtue "..., 1000) = 1000
6699  select(12, [], [7 9 10 11], NULL, NULL <unfinished ...>
6704  <... write resumed> )             = 1000
6699  <... select resumed> )            = 1 (out [10])
6704  read(8,  <unfinished ...>
6699  write(10, "cautel doth besmirch\nThe virtue "..., 1000) = 1000
6704  <... read resumed> "cautel doth besmirch\nThe virtue "..., 99000) = 1000
6699  select(12, [6], [7 9 11], NULL, NULL <unfinished ...>
6704  write(1, "cautel doth besmirch\nThe virtue "..., 1000 <unfinished ...>
6699  <... select resumed> )            = 1 (in [6])
6699  read(6, "es:\nThe canker galls the infants"..., 1000) = 1000
6704  <... write resumed> )             = 1000
6699  select(12, [], [7 9 10 11], NULL, NULL <unfinished ...>
6704  read(8,  <unfinished ...>
6699  <... select resumed> )            = 1 (out [10])
6703  <... write resumed> )             = 48000
6699  write(10, "es:\nThe canker galls the infants"..., 1000 <unfinished ...>
6703  read(10,  <unfinished ...>
6699  <... write resumed> )             = 1000
6704  <... read resumed> "es:\nThe canker galls the infants"..., 98000) = 1000
6699  select(12, [6], [7 9 11], NULL, NULL <unfinished ...>
6704  write(1, "es:\nThe canker galls the infants"..., 1000 <unfinished ...>
6699  <... select resumed> )            = 2 (in [6], out [11])
6703  <... read resumed> "t graces spend it at thy will!\nB"..., 33000) = 33000
6699  write(11, "dent ear you list his songs,\nOr "..., 3000 <unfinished ...>
6704  <... write resumed> )             = 1000
6699  <... write resumed> )             = 3000
6704  read(8,  <unfinished ...>
6699  read(6,  <unfinished ...>
6703  write(8, "t graces spend it at thy will!\nB"..., 33000 <unfinished ...>
6699  <... read resumed> "ct.\nBe thou familiar, but by no "..., 1000) = 1000
6699  select(12, [5], [7 9 10], NULL, NULL) = 2 (in [5], out [10])
6699  read(5, "our.\nWhat is between you? give m"..., 3000) = 3000
6699  write(10, "ct.\nBe thou familiar, but by no "..., 1000) = 1000
6704  <... read resumed> "ct.\nBe thou familiar, but by no "..., 97000) = 1000
6699  select(12, [6], [7 9 11], NULL, NULL <unfinished ...>
6704  write(1, "ct.\nBe thou familiar, but by no "..., 1000 <unfinished ...>
6699  <... select resumed> )            = 2 (in [6], out [11])
6699  write(11, "our.\nWhat is between you? give m"..., 3000) = 3000
6704  <... write resumed> )             = 1000
6699  read(6,  <unfinished ...>
6704  read(8,  <unfinished ...>
6699  <... read resumed> "s you; go; your servants tend.\nL"..., 1000) = 1000
6699  select(12, [5], [7 9 10], NULL, NULL) = 2 (in [5], out [10])
6699  read(5, "e his origin--\nBy the o'ergrowth"..., 3000) = 3000
6699  write(10, "s you; go; your servants tend.\nL"..., 1000) = 1000
6704  <... read resumed> "s you; go; your servants tend.\nL"..., 96000) = 1000
6699  select(12, [6], [7 9 11], NULL, NULL <unfinished ...>
6704  write(1, "s you; go; your servants tend.\nL"..., 1000 <unfinished ...>
6699  <... select resumed> )            = 2 (in [6], out [11])
6699  write(11, "e his origin--\nBy the o'ergrowth"..., 3000) = 3000
6704  <... write resumed> )             = 1000
6699  read(6,  <unfinished ...>
6704  read(8,  <unfinished ...>
6699  <... read resumed> "ch you: think yourself a baby;\nT"..., 1000) = 1000
6699  select(12, [5], [7 9 10], NULL, NULL) = 2 (in [5], out [10])
6699  read(5, "Another part of the platform.\nEn"..., 3000) = 3000
6699  write(10, "ch you: think yourself a baby;\nT"..., 1000) = 1000
6704  <... read resumed> "ch you: think yourself a baby;\nT"..., 95000) = 1000
6699  select(12, [6], [7 9 11], NULL, NULL <unfinished ...>
6704  write(1, "ch you: think yourself a baby;\nT"..., 1000 <unfinished ...>
6699  <... select resumed> )            = 2 (in [6], out [11])
6699  write(11, "Another part of the platform.\nEn"..., 3000) = 3000
6704  <... write resumed> )             = 1000
6699  read(6,  <unfinished ...>
6704  read(8,  <unfinished ...>
6699  <... read resumed> "or they are brokers,\nNot of that"..., 1000) = 1000
6699  select(12, [5], [7 9 10], NULL, NULL) = 2 (in [5], out [10])
6699  read(5, "tant tetter bark'd about,\nMost l"..., 3000) = 3000
6699  write(10, "or they are brokers,\nNot of that"..., 1000) = 1000
6704  <... read resumed> "or they are brokers,\nNot of that"..., 94000) = 1000
6699  select(12, [6], [7 9 11], NULL, NULL <unfinished ...>
6704  write(1, "or they are brokers,\nNot of that"..., 1000 <unfinished ...>
6699  <... select resumed> )            = 2 (in [6], out [11])
6699  write(11, "tant tetter bark'd about,\nMost l"..., 3000) = 3000
6704  <... write resumed> )             = 1000
6699  read(6,  <unfinished ...>
6704  read(8,  <unfinished ...>
6699  <... read resumed> "and trumpet thus bray out\nThe tr"..., 1000) = 1000
6699  select(12, [5], [7 9 10], NULL, NULL) = 2 (in [5], out [10])
6699  read(5, "n honest ghost, that let me tell"..., 3000) = 3000
6699  write(10, "and trumpet thus bray out\nThe tr"..., 1000) = 1000
6704  <... read resumed> "and trumpet thus bray out\nThe tr"..., 93000) = 1000
6699  select(12, [6], [7 9 11], NULL, NULL <unfinished ...>
6704  write(1, "and trumpet thus bray out\nThe tr"..., 1000 <unfinished ...>
6699  <... select resumed> )            = 2 (in [6], out [11])
6699  write(11, "n honest ghost, that let me tell"..., 3000) = 3000
6704  <... write resumed> )             = 1000
6699  read(6,  <unfinished ...>
6704  read(8,  <unfinished ...>
6699  <... read resumed> "go--\nShall in the general censur"..., 1000) = 1000
6699  select(12, [5], [7 9 10], NULL, NULL) = 2 (in [5], out [10])
6699  read(5, "ntreated him along\nWith us to wa"..., 3000) = 3000
6699  write(10, "go--\nShall in the general censur"..., 1000) = 1000
6704  <... read resumed> "go--\nShall in the general censur"..., 92000) = 1000
6699  select(12, [6], [7 9 11], NULL, NULL <unfinished ...>
6704  write(1, "go--\nShall in the general censur"..., 1000 <unfinished ...>
6699  <... select resumed> )            = 2 (in [6], out [11])
6699  write(11, "ntreated him along\nWith us to wa"..., 3000) = 3000
6704  <... write resumed> )             = 1000
6699  read(6,  <unfinished ...>
6704  read(8,  <unfinished ...>
6699  <... read resumed> "s? wherefore? what should we do?"..., 1000) = 1000
6699  select(12, [5], [7 9 10], NULL, NULL) = 2 (in [5], out [10])
6699  read(5, "itance of Fortinbras,\nHad he bee"..., 3000) = 3000
6699  write(10, "s? wherefore? what should we do?"..., 1000) = 1000
6704  <... read resumed> "s? wherefore? what should we do?"..., 91000) = 1000
6699  select(12, [6], [7 9 11], NULL, NULL <unfinished ...>
6704  write(1, "s? wherefore? what should we do?"..., 1000 <unfinished ...>
6699  <... select resumed> )            = 2 (in [6], out [11])
6699  write(11, "itance of Fortinbras,\nHad he bee"..., 3000 <unfinished ...>
6704  <... write resumed> )             = 1000
6699  <... write resumed> )             = 3000
6704  read(8,  <unfinished ...>
6699  read(6, "e.\nMARCELLUS\nYou shall not go, m"..., 1000) = 1000
6699  select(12, [5], [7 9 10], NULL, NULL) = 2 (in [5], out [10])
6699  read(5, "kes, nor witch hath power to cha"..., 3000) = 3000
6699  write(10, "e.\nMARCELLUS\nYou shall not go, m"..., 1000) = 1000
6704  <... read resumed> "e.\nMARCELLUS\nYou shall not go, m"..., 90000) = 1000
6699  select(12, [6], [7 9 11], NULL, NULL <unfinished ...>
6704  write(1, "e.\nMARCELLUS\nYou shall not go, m"..., 1000 <unfinished ...>
6699  <... select resumed> )            = 2 (in [6], out [11])
6699  write(11, "kes, nor witch hath power to cha"..., 3000) = 3000
6704  <... write resumed> )             = 1000
6699  read(6,  <unfinished ...>
6704  read(8,  <unfinished ...>
6699  <... read resumed> "m bound to hear.\nGhost\nSo art th"..., 1000) = 1000
6699  select(12, [5], [7 9 10], NULL, NULL) = 2 (in [5], out [10])
6699  read(5, "leave and favour to return to Fr"..., 3000) = 3000
6699  write(10, "m bound to hear.\nGhost\nSo art th"..., 1000) = 1000
6704  <... read resumed> "m bound to hear.\nGhost\nSo art th"..., 89000) = 1000
6699  select(12, [6], [7 9 11], NULL, NULL <unfinished ...>
6704  write(1, "m bound to hear.\nGhost\nSo art th"..., 1000 <unfinished ...>
6699  <... select resumed> )            = 2 (in [6], out [11])
6699  write(11, "leave and favour to return to Fr"..., 3000) = 3000
6704  <... write resumed> )             = 1000
6699  read(6,  <unfinished ...>
6704  read(8,  <unfinished ...>
6699  <... read resumed> " sweep to my revenge.\nGhost\nI fi"..., 1000) = 1000
6699  select(12, [5], [7 9 10], NULL, NULL) = 2 (in [5], out [10])
6699  read(5, " not thy mother lose her prayers"..., 3000) = 3000
6699  write(10, " sweep to my revenge.\nGhost\nI fi"..., 1000) = 1000
6704  <... read resumed> " sweep to my revenge.\nGhost\nI fi"..., 88000) = 1000
6699  select(12, [6], [7 9 11], NULL, NULL <unfinished ...>
6704  write(1, " sweep to my revenge.\nGhost\nI fi"..., 1000 <unfinished ...>
6699  <... select resumed> )            = 2 (in [6], out [11])
6699  write(11, " not thy mother lose her prayers"..., 3000) = 3000
6704  <... write resumed> )             = 1000
6699  read(6,  <unfinished ...>
6704  read(8,  <unfinished ...>
6699  <... read resumed> "n,\nSo lust, though to a radiant "..., 1000) = 1000
6699  select(12, [5], [7 9 10], NULL, NULL) = 2 (in [5], out [10])
6699  read(5, "--methinks I see my father.\nHORA"..., 3000) = 3000
6702  <... write resumed> )             = 54808
6699  write(10, "n,\nSo lust, though to a radiant "..., 1000 <unfinished ...>
6702  read(8,  <unfinished ...>
6699  <... write resumed> )             = 1000
6704  <... read resumed> "n,\nSo lust, though to a radiant "..., 87000) = 1000
6699  select(12, [6], [7 9 11], NULL, NULL <unfinished ...>
6704  write(1, "n,\nSo lust, though to a radiant "..., 1000 <unfinished ...>
6699  <... select resumed> )            = 2 (in [6], out [9])
6702  <... read resumed> "?\nHORATIO\nThat can I;\nAt least, "..., 17000) = 17000
6699  write(9, "y\nAs it behoves my daughter and "..., 4904 <unfinished ...>
6704  <... write resumed> )             = 1000
6699  <... write resumed> )             = 4904
6704  read(8,  <unfinished ...>
6699  read(6,  <unfinished ...>
6702  write(6, "?\nHORATIO\nThat can I;\nAt least, "..., 17000 <unfinished ...>
6699  <... read resumed> "! O, horrible! most horrible!\nIf"..., 1000) = 1000
6699  select(12, [4], [7 9 10 11], NULL, NULL) = 3 (in [4], out [9 10])
6699  read(4, "me blood: so did it mine;\nAnd a "..., 4904) = 4904
6699  write(9, " forth again: I'll follow it.\nHO"..., 9000) = 9000
6699  write(10, "! O, horrible! most horrible!\nIf"..., 1000) = 1000
6704  <... read resumed> "! O, horrible! most horrible!\nIf"..., 86000) = 1000
6699  select(12, [4 6], [7 11], NULL, NULL <unfinished ...>
6704  write(1, "! O, horrible! most horrible!\nIf"..., 1000 <unfinished ...>
6699  <... select resumed> )            = 2 (in [4 6])
6699  read(4, " and unfold yourself.\nBERNARDO\nL"..., 9000) = 9000
6704  <... write resumed> )             = 1000
6699  read(6,  <unfinished ...>
6704  read(8,  <unfinished ...>
6699  <... read resumed> "me of my brain,\nUnmix'd with bas"..., 1000) = 1000
6701  <... write resumed> )             = 62192
6699  select(12, [], [7 9 10 11], NULL, NULL <unfinished ...>
6701  read(6,  <unfinished ...>
6699  <... select resumed> )            = 1 (out [10])
6701  <... read resumed> "t do not go with it.\nHORATIO\nNo,"..., 6712) = 6712
6699  write(10, "me of my brain,\nUnmix'd with bas"..., 1000 <unfinished ...>
6701  write(5, "t do not go with it.\nHORATIO\nNo,"..., 6712 <unfinished ...>
6699  <... write resumed> )             = 1000
6704  <... read resumed> "me of my brain,\nUnmix'd with bas"..., 85000) = 1000
6699  select(12, [6], [7 9 11], NULL, NULL <unfinished ...>
6704  write(1, "me of my brain,\nUnmix'd with bas"..., 1000 <unfinished ...>
6699  <... select resumed> )            = 2 (in [6], out [7])
6701  <... write resumed> )             = 6712
6699  write(7, "l:\nHoratio,--or I do forget myse"..., 6520 <unfinished ...>
6701  read(6,  <unfinished ...>
6699  <... write resumed> )             = 4096
6704  <... write resumed> )             = 1000
6699  read(6,  <unfinished ...>
6704  read(8,  <unfinished ...>
6699  <... read resumed> "e's an arrant knave.\nHORATIO\nThe"..., 1000) = 1000
6701  <... read resumed> "ET\nThere's ne'er a villain dwell"..., 128000) = 59576
6699  select(12, [3], [7 9 10 11], NULL, NULL <unfinished ...>
6701  write(5, "ET\nThere's ne'er a villain dwell"..., 59576 <unfinished ...>
6699  <... select resumed> )            = 3 (in [3], out [7 10])
6699  read(3, "rts of Norway here and there\nSha"..., 4096) = 4096
6699  write(7, "ixt eleven and twelve,\nI'll visi"..., 2424) = 2424
6699  write(10, "e's an arrant knave.\nHORATIO\nThe"..., 1000) = 1000
6704  <... read resumed> "e's an arrant knave.\nHORATIO\nThe"..., 84000) = 1000
6699  select(12, [3 6], [7 9 11], NULL, NULL <unfinished ...>
6704  write(1, "e's an arrant knave.\nHORATIO\nThe"..., 1000 <unfinished ...>
6699  <... select resumed> )            = 3 (in [3 6], out [7])
6699  read(3,  <unfinished ...>
6704  <... write resumed> )             = 1000
6699  <... read resumed> "ole,--\nTaken to wife: nor have w"..., 2424) = 2424
6704  read(8,  <unfinished ...>
6699  write(7, "ngracious pastors do,\nShow me th"..., 27000) = 27000
6699  read(6, "t.\nHORATIO\nIn faith,\nMy lord, no"..., 1000) = 1000
6699  select(12, [3], [9 10 11], NULL, NULL) = 2 (in [3], out [10])
6699  read(3, "the clouds still hang on you?\nHA"..., 27000) = 27000
6699  write(10, "t.\nHORATIO\nIn faith,\nMy lord, no"..., 1000) = 1000
6704  <... read resumed> "t.\nHORATIO\nIn faith,\nMy lord, no"..., 83000) = 1000
6699  select(12, [6], [7 9 11], NULL, NULL <unfinished ...>
6704  write(1, "t.\nHORATIO\nIn faith,\nMy lord, no"..., 1000 <unfinished ...>
6699  <... select resumed> )            = 2 (in [6], out [7])
6699  write(7, "the clouds still hang on you?\nHA"..., 27000 <unfinished ...>
6704  <... write resumed> )             = 1000
6699  <... write resumed> )             = 27000
6704  read(8,  <unfinished ...>
6699  read(6, "o help you mercy,\nHow strange or"..., 1000) = 1000
6699  select(12, [3], [9 10 11], NULL, NULL) = 2 (in [3], out [10])
6699  read(3, "He.\nFRANCISCO\nYou come most care"..., 27000) = 27000
6699  write(10, "o help you mercy,\nHow strange or"..., 1000) = 1000
6704  <... read resumed> "o help you mercy,\nHow strange or"..., 82000) = 1000
6699  select(12, [6], [7 9 11], NULL, NULL <unfinished ...>
6704  write(1, "o help you mercy,\nHow strange or"..., 1000 <unfinished ...>
6699  <... select resumed> )            = 2 (in [6], out [7])
6699  write(7, "He.\nFRANCISCO\nYou come most care"..., 27000) = 4096
6704  <... write resumed> )             = 1000
6699  read(6,  <unfinished ...>
6704  read(8,  <unfinished ...>
6699  <... read resumed> "d, ho! Who's there?\nEnter HORATI"..., 1000) = 1000
6699  select(12, [3], [7 9 10 11], NULL, NULL) = 2 (in [3], out [10])
6699  read(3, "ausive manners, that these men,\n"..., 4096) = 4096
6699  write(10, "d, ho! Who's there?\nEnter HORATI"..., 1000) = 1000
6704  <... read resumed> "d, ho! Who's there?\nEnter HORATI"..., 81000) = 1000
6699  select(12, [6], [7 9 11], NULL, NULL <unfinished ...>
6704  write(1, "d, ho! Who's there?\nEnter HORATI"..., 1000 <unfinished ...>
6699  <... select resumed> )            = 1 (in [6])
6699  read(6, " hear Bernardo speak of this.\nBE"..., 1000) = 1000
6704  <... write resumed> )             = 1000
6699  select(12, [], [7 9 10 11], NULL, NULL <unfinished ...>
6704  read(8,  <unfinished ...>
6699  <... select resumed> )            = 1 (out [10])
6699  write(10, " hear Bernardo speak of this.\nBE"..., 1000) = 1000
6704  <... read resumed> " hear Bernardo speak of this.\nBE"..., 80000) = 1000
6699  select(12, [6], [7 9 11], NULL, NULL <unfinished ...>
6704  write(1, " hear Bernardo speak of this.\nBE"..., 1000 <unfinished ...>
6699  <... select resumed> )            = 1 (in [6])
6699  read(6, "omething more than fantasy?\nWhat"..., 1000) = 1000
6704  <... write resumed> )             = 1000
6699  select(12, [], [7 9 10 11], NULL, NULL <unfinished ...>
6704  read(8,  <unfinished ...>
6699  <... select resumed> )            = 1 (out [10])
6699  write(10, "omething more than fantasy?\nWhat"..., 1000) = 1000
6704  <... read resumed> "omething more than fantasy?\nWhat"..., 79000) = 1000
6699  select(12, [6], [7 9 11], NULL, NULL <unfinished ...>
6704  write(1, "omething more than fantasy?\nWhat"..., 1000 <unfinished ...>
6699  <... select resumed> )            = 1 (in [6])
6699  read(6,  <unfinished ...>
6704  <... write resumed> )             = 1000
6699  <... read resumed> "ste\nDoth make the night joint-la"..., 1000) = 1000
6704  read(8,  <unfinished ...>
6699  select(12, [], [7 9 10 11], NULL, NULL) = 1 (out [10])
6699  write(10, "ste\nDoth make the night joint-la"..., 1000) = 1000
6704  <... read resumed> "ste\nDoth make the night joint-la"..., 78000) = 1000
6699  select(12, [6], [7 9 11], NULL, NULL <unfinished ...>
6704  write(1, "ste\nDoth make the night joint-la"..., 1000 <unfinished ...>
6699  <... select resumed> )            = 1 (in [6])
6699  read(6,  <unfinished ...>
6704  <... write resumed> )             = 1000
6699  <... read resumed> " other--\nAs it doth well appear "..., 1000) = 1000
6704  read(8,  <unfinished ...>
6699  select(12, [], [7 9 10 11], NULL, NULL) = 1 (out [10])
6699  write(10, " other--\nAs it doth well appear "..., 1000) = 1000
6704  <... read resumed> " other--\nAs it doth well appear "..., 77000) = 1000
6699  select(12, [6], [7 9 11], NULL, NULL <unfinished ...>
6704  write(1, " other--\nAs it doth well appear "..., 1000 <unfinished ...>
6699  <... select resumed> )            = 1 (in [6])
6699  read(6,  <unfinished ...>
6704  <... write resumed> )             = 1000
6699  <... read resumed> "ing on,\nHave heaven and earth to"..., 1000) = 1000
6704  read(8,  <unfinished ...>
6699  select(12, [], [7 9 10 11], NULL, NULL) = 1 (out [10])
6699  write(10, "ing on,\nHave heaven and earth to"..., 1000) = 1000
6704  <... read resumed> "ing on,\nHave heaven and earth to"..., 76000) = 1000
6699  select(12, [6], [7 9 11], NULL, NULL <unfinished ...>
6704  write(1, "ing on,\nHave heaven and earth to"..., 1000 <unfinished ...>
6699  <... select resumed> )            = 1 (in [6])
6699  read(6,  <unfinished ...>
6704  <... write resumed> )             = 1000
6699  <... read resumed> " it started like a guilty thing\n"..., 1000) = 1000
6704  read(8,  <unfinished ...>
6699  select(12, [], [7 9 10 11], NULL, NULL) = 1 (out [10])
6699  write(10, " it started like a guilty thing\n"..., 1000) = 1000
6704  <... read resumed> " it started like a guilty thing\n"..., 75000) = 1000
6699  select(12, [6], [7 9 11], NULL, NULL <unfinished ...>
6704  write(1, " it started like a guilty thing\n"..., 1000 <unfinished ...>
6699  <... select resumed> )            = 1 (in [6])
6699  read(6, "umb to us, will speak to him.\nDo"..., 1000) = 1000
6704  <... write resumed> )             = 1000
6699  select(12, [], [7 9 10 11], NULL, NULL <unfinished ...>
6704  read(8,  <unfinished ...>
6699  <... select resumed> )            = 1 (out [10])
6699  write(10, "umb to us, will speak to him.\nDo"..., 1000) = 1000
6704  <... read resumed> "umb to us, will speak to him.\nDo"..., 74000) = 1000
6699  select(12, [6], [7 9 11], NULL, NULL <unfinished ...>
6704  write(1, "umb to us, will speak to him.\nDo"..., 1000 <unfinished ...>
6699  <... select resumed> )            = 1 (in [6])
6699  read(6, "Your better wisdoms, which have "..., 1000) = 1000
6704  <... write resumed> )             = 1000
6699  select(12, [], [7 9 10 11], NULL, NULL <unfinished ...>
6704  read(8,  <unfinished ...>
6699  <... select resumed> )            = 1 (out [10])
6699  write(10, "Your better wisdoms, which have "..., 1000) = 1000
6704  <... read resumed> "Your better wisdoms, which have "..., 73000) = 1000
6699  select(12, [6], [7 9 11], NULL, NULL <unfinished ...>
6704  write(1, "Your better wisdoms, which have "..., 1000 <unfinished ...>
6699  <... select resumed> )            = 1 (in [6])
6704  <... write resumed> )             = 1000
6699  read(6,  <unfinished ...>
6704  read(8,  <unfinished ...>
6699  <... read resumed> " these delated articles allow.\nF"..., 1000) = 1000
6699  select(12, [], [7 9 10 11], NULL, NULL) = 1 (out [10])
6699  write(10, " these delated articles allow.\nF"..., 1000) = 1000
6704  <... read resumed> " these delated articles allow.\nF"..., 72000) = 1000
6699  select(12, [6], [7 9 11], NULL, NULL <unfinished ...>
6704  write(1, " these delated articles allow.\nF"..., 1000 <unfinished ...>
6699  <... select resumed> )            = 1 (in [6])
6699  read(6, "d, wrung from me my slow leave\nB"..., 1000) = 1000
6704  <... write resumed> )             = 1000
6699  select(12, [], [7 9 10 11], NULL, NULL <unfinished ...>
6704  read(8,  <unfinished ...>
6699  <... select resumed> )            = 1 (out [10])
6699  write(10, "d, wrung from me my slow leave\nB"..., 1000) = 1000
6704  <... read resumed> "d, wrung from me my slow leave\nB"..., 71000) = 1000
6699  select(12, [6], [7 9 11], NULL, NULL <unfinished ...>
6704  write(1, "d, wrung from me my slow leave\nB"..., 1000 <unfinished ...>
6699  <... select resumed> )            = 1 (in [6])
6699  read(6, "the fruitful river in the eye,\nN"..., 1000) = 1000
6704  <... write resumed> )             = 1000
6699  select(12, [], [7 9 10 11], NULL, NULL <unfinished ...>
6704  read(8,  <unfinished ...>
6699  <... select resumed> )            = 1 (out [10])
6699  write(10, "the fruitful river in the eye,\nN"..., 1000) = 1000
6704  <... read resumed> "the fruitful river in the eye,\nN"..., 70000) = 1000
6699  select(12, [6], [7 9 11], NULL, NULL <unfinished ...>
6704  write(1, "the fruitful river in the eye,\nN"..., 1000 <unfinished ...>
6699  <... select resumed> )            = 1 (in [6])
6699  read(6,  <unfinished ...>
6704  <... write resumed> )             = 1000
6699  <... read resumed> "o reason most absurd: whose comm"..., 1000) = 1000
6704  read(8,  <unfinished ...>
6699  select(12, [], [7 9 10 11], NULL, NULL) = 1 (out [10])
6699  write(10, "o reason most absurd: whose comm"..., 1000) = 1000
6704  <... read resumed> "o reason most absurd: whose comm"..., 69000) = 1000
6699  select(12, [6], [7 9 11], NULL, NULL <unfinished ...>
6704  write(1, "o reason most absurd: whose comm"..., 1000 <unfinished ...>
6699  <... select resumed> )            = 1 (in [6])
6699  read(6,  <unfinished ...>
6704  <... write resumed> )             = 1000
6699  <... read resumed> "o-day,\nBut the great cannon to t"..., 1000) = 1000
6704  read(8,  <unfinished ...>
6699  select(12, [], [7 9 10 11], NULL, NULL) = 1 (out [10])
6699  write(10, "o-day,\nBut the great cannon to t"..., 1000) = 1000
6704  <... read resumed> "o-day,\nBut the great cannon to t"..., 68000) = 1000
6699  select(12, [6], [7 9 11], NULL, NULL <unfinished ...>
6704  write(1, "o-day,\nBut the great cannon to t"..., 1000 <unfinished ...>
6699  <... select resumed> )            = 1 (in [6])
6699  read(6,  <unfinished ...>
6704  <... write resumed> )             = 1000
6699  <... read resumed> "ere old\nWith which she follow'd "..., 1000) = 1000
6704  read(8,  <unfinished ...>
6699  select(12, [], [7 9 10 11], NULL, NULL) = 1 (out [10])
6699  write(10, "ere old\nWith which she follow'd "..., 1000) = 1000
6704  <... read resumed> "ere old\nWith which she follow'd "..., 67000) = 1000
6699  select(12, [6], [7 9 11], NULL, NULL <unfinished ...>
6704  write(1, "ere old\nWith which she follow'd "..., 1000 <unfinished ...>
6699  <... select resumed> )            = 1 (in [6])
6699  read(6,  <unfinished ...>
6704  <... write resumed> )             = 1000
6699  <... read resumed> "d my lord.\nHAMLET\nI would not he"..., 1000) = 1000
6704  read(8,  <unfinished ...>
6699  select(12, [], [7 9 10 11], NULL, NULL) = 1 (out [10])
6699  write(10, "d my lord.\nHAMLET\nI would not he"..., 1000) = 1000
6704  <... read resumed> "d my lord.\nHAMLET\nI would not he"..., 66000) = 1000
6699  select(12, [6], [7 9 11], NULL, NULL <unfinished ...>
6704  write(1, "d my lord.\nHAMLET\nI would not he"..., 1000 <unfinished ...>
6699  <... select resumed> )            = 1 (in [6])
6699  read(6, "IO\nSeason your admiration for aw"..., 1000) = 1000
6704  <... write resumed> )             = 1000
6699  select(12, [], [7 9 10 11], NULL, NULL <unfinished ...>
6704  read(8,  <unfinished ...>
6699  <... select resumed> )            = 1 (out [10])
6703  <... write resumed> )             = 33000
6699  write(10, "IO\nSeason your admiration for aw"..., 1000 <unfinished ...>
6703  read(10,  <unfinished ...>
6699  <... write resumed> )             = 1000
6704  <... read resumed> "IO\nSeason your admiration for aw"..., 65000) = 1000
6699  select(12, [6], [7 9 11], NULL, NULL <unfinished ...>
6704  write(1, "IO\nSeason your admiration for aw"..., 1000 <unfinished ...>
6699  <... select resumed> )            = 2 (in [6], out [11])
6703  <... read resumed> "y avoid, O, speak!\nOr if thou ha"..., 128000) = 48000
6699  write(11, "--methinks I see my father.\nHORA"..., 3000 <unfinished ...>
6704  <... write resumed> )             = 1000
6699  <... write resumed> )             = 3000
6704  read(8,  <unfinished ...>
6699  read(6,  <unfinished ...>
6703  write(8, "y avoid, O, speak!\nOr if thou ha"..., 48000 <unfinished ...>
6699  <... read resumed> "you not speak to it?\nHORATIO\nMy "..., 1000) = 1000
6699  select(12, [5], [7 9 10], NULL, NULL) = 2 (in [5], out [10])
6699  read(5, "ing, but no tongue:\nI will requi"..., 3000) = 3000
6699  write(10, "you not speak to it?\nHORATIO\nMy "..., 1000) = 1000
6704  <... read resumed> "you not speak to it?\nHORATIO\nMy "..., 64000) = 1000
6699  select(12, [6], [7 9 11], NULL, NULL <unfinished ...>
6704  write(1, "you not speak to it?\nHORATIO\nMy "..., 1000 <unfinished ...>
6699  <... select resumed> )            = 2 (in [6], out [11])
6699  write(11, "ing, but no tongue:\nI will requi"..., 3000) = 3000
6704  <... write resumed> )             = 1000
6699  read(6,  <unfinished ...>
6704  read(8,  <unfinished ...>
6699  <... read resumed> "h amazed you.\nHAMLET\nVery like, "..., 1000) = 1000
6699  select(12, [5], [7 9 10], NULL, NULL) = 2 (in [5], out [10])
6699  read(5, "ng with thee!\nAnd these few prec"..., 3000) = 3000
6699  write(10, "h amazed you.\nHAMLET\nVery like, "..., 1000) = 1000
6704  <... read resumed> "h amazed you.\nHAMLET\nVery like, "..., 63000) = 1000
6699  select(12, [6], [7 9 11], NULL, NULL <unfinished ...>
6704  write(1, "h amazed you.\nHAMLET\nVery like, "..., 1000 <unfinished ...>
6699  <... select resumed> )            = 2 (in [6], out [11])
6699  write(11, "ng with thee!\nAnd these few prec"..., 3000 <unfinished ...>
6704  <... write resumed> )             = 1000
6699  <... write resumed> )             = 3000
6704  read(8,  <unfinished ...>
6699  read(6, "ul deeds will rise,\nThough all t"..., 1000) = 1000
6699  select(12, [5], [7 9 10], NULL, NULL) = 2 (in [5], out [10])
6699  read(5, "so much in him, that he is young"..., 3000) = 3000
6699  write(10, "ul deeds will rise,\nThough all t"..., 1000) = 1000
6704  <... read resumed> "ul deeds will rise,\nThough all t"..., 62000) = 1000
6699  select(12, [6], [7 9 11], NULL, NULL <unfinished ...>
6704  write(1, "ul deeds will rise,\nThough all t"..., 1000 <unfinished ...>
6699  <... select resumed> )            = 2 (in [6], out [11])
6699  write(11, "so much in him, that he is young"..., 3000) = 3000
6704  <... write resumed> )             = 1000
6699  read(6,  <unfinished ...>
6704  read(8,  <unfinished ...>
6699  <... read resumed> "s choice depends\nThe safety and "..., 1000) = 1000
6699  select(12, [5], [7 9 10], NULL, NULL) = 2 (in [5], out [10])
6699  read(5, "ight hideous; and we fools of na"..., 3000) = 3000
6699  write(10, "s choice depends\nThe safety and "..., 1000) = 1000
6704  <... read resumed> "s choice depends\nThe safety and "..., 61000) = 1000
6699  select(12, [6], [7 9 11], NULL, NULL <unfinished ...>
6704  write(1, "s choice depends\nThe safety and "..., 1000 <unfinished ...>
6699  <... select resumed> )            = 2 (in [6], out [11])
6699  write(11, "ight hideous; and we fools of na"..., 3000 <unfinished ...>
6704  <... write resumed> )             = 1000
6699  <... write resumed> )             = 3000
6704  read(8,  <unfinished ...>
6699  read(6, "h to itself rebels, though none "..., 1000) = 1000
6699  select(12, [5], [7 9 10], NULL, NULL) = 2 (in [5], out [10])
6699  read(5, "this most foul, strange and unna"..., 3000) = 3000
6702  <... write resumed> )             = 17000
6699  write(10, "h to itself rebels, though none "..., 1000 <unfinished ...>
6702  read(8,  <unfinished ...>
6699  <... write resumed> )             = 1000
6704  <... read resumed> "h to itself rebels, though none "..., 60000) = 1000
6699  select(12, [6], [7 9 11], NULL, NULL <unfinished ...>
6704  write(1, "h to itself rebels, though none "..., 1000 <unfinished ...>
6699  <... select resumed> )            = 3 (in [6], out [9 11])
6702  <... read resumed> "is choice be circumscribed\nUnto "..., 128000) = 55000
6699  write(9, " and unfold yourself.\nBERNARDO\nL"..., 9000 <unfinished ...>
6702  write(6, "is choice be circumscribed\nUnto "..., 55000 <unfinished ...>
6699  <... write resumed> )             = 9000
6704  <... write resumed> )             = 1000
6699  write(11, "this most foul, strange and unna"..., 3000 <unfinished ...>
6704  read(8,  <unfinished ...>
6699  <... write resumed> )             = 3000
6699  read(6, "d comrade. Beware\nOf entrance to"..., 1000) = 1000
6699  select(12, [4 5], [7 10], NULL, NULL) = 3 (in [4 5], out [10])
6699  read(4, " of meeting:\nThus much the busin"..., 9000) = 9000
6699  read(5, "ll forms, all pressures past,\nTh"..., 3000) = 3000
6699  write(10, "d comrade. Beware\nOf entrance to"..., 1000) = 1000
6704  <... read resumed> "d comrade. Beware\nOf entrance to"..., 59000) = 1000
6699  select(12, [6], [7 9 11], NULL, NULL <unfinished ...>
6704  write(1, "d comrade. Beware\nOf entrance to"..., 1000 <unfinished ...>
6699  <... select resumed> )            = 3 (in [6], out [9 11])
6699  write(9, " of meeting:\nThus much the busin"..., 9000 <unfinished ...>
6704  <... write resumed> )             = 1000
6699  <... write resumed> )             = 9000
6704  read(8,  <unfinished ...>
6699  write(11, "ll forms, all pressures past,\nTh"..., 3000) = 3000
6699  read(6, "What is't, Ophelia, be hath said"..., 1000) = 1000
6699  select(12, [4 5], [7 10], NULL, NULL) = 3 (in [4 5], out [10])
6699  read(4, "S BERNARDO\nWe do, my lord.\nHAMLE"..., 9000) = 9000
6699  read(5, " welcome.\nThere are more things "..., 3000) = 3000
6699  write(10, "What is't, Ophelia, be hath said"..., 1000) = 1000
6704  <... read resumed> "What is't, Ophelia, be hath said"..., 58000) = 1000
6699  select(12, [6], [7 9 11], NULL, NULL <unfinished ...>
6704  write(1, "What is't, Ophelia, be hath said"..., 1000 <unfinished ...>
6699  <... select resumed> )            = 3 (in [6], out [9 11])
6699  write(9, "S BERNARDO\nWe do, my lord.\nHAMLE"..., 9000) = 9000
6704  <... write resumed> )             = 1000
6699  write(11, " welcome.\nThere are more things "..., 3000 <unfinished ...>
6704  read(8,  <unfinished ...>
6699  <... write resumed> )             = 3000
6699  read(6, "ol.\nOPHELIA\nMy lord, he hath imp"..., 1000) = 1000
6699  select(12, [4 5], [7 10], NULL, NULL) = 3 (in [4 5], out [10])
6699  read(4, " and forts of reason,\nOr by some"..., 9000) = 9000
6699  read(5, "e thee, speak!\nExit Ghost\n\nMARCE"..., 3000) = 3000
6699  write(10, "ol.\nOPHELIA\nMy lord, he hath imp"..., 1000) = 1000
6704  <... read resumed> "ol.\nOPHELIA\nMy lord, he hath imp"..., 57000) = 1000
6699  select(12, [6], [7 9 11], NULL, NULL <unfinished ...>
6704  write(1, "ol.\nOPHELIA\nMy lord, he hath imp"..., 1000 <unfinished ...>
6699  <... select resumed> )            = 3 (in [6], out [9 11])
6699  write(9, " and forts of reason,\nOr by some"..., 9000 <unfinished ...>
6704  <... write resumed> )             = 1000
6699  <... write resumed> )             = 9000
6704  read(8,  <unfinished ...>
6699  write(11, "e thee, speak!\nExit Ghost\n\nMARCE"..., 3000) = 3000
6699  read(6, " from this time forth,\nHave you "..., 1000) = 1000
6699  select(12, [4 5], [7 10], NULL, NULL) = 3 (in [4 5], out [10])
6699  read(4, ",\nO'ermaster 't as you may. And "..., 9000) = 9000
6699  read(5, "doomsday with eclipse:\nAnd even "..., 3000) = 3000
6699  write(10, " from this time forth,\nHave you "..., 1000) = 1000
6704  <... read resumed> " from this time forth,\nHave you "..., 56000) = 1000
6699  select(12, [6], [7 9 11], NULL, NULL <unfinished ...>
6704  write(1, " from this time forth,\nHave you "..., 1000 <unfinished ...>
6699  <... select resumed> )            = 3 (in [6], out [9 11])
6699  write(9, ",\nO'ermaster 't as you may. And "..., 9000) = 9000
6704  <... write resumed> )             = 1000
6699  write(11, "doomsday with eclipse:\nAnd even "..., 3000 <unfinished ...>
6704  read(8,  <unfinished ...>
6699  <... write resumed> )             = 3000
6699  read(6, " observance.\nThis heavy-headed r"..., 1000) = 1000
6699  select(12, [4 5], [7 10], NULL, NULL) = 3 (in [4 5], out [10])
6699  read(4, "ATIO\nSo have I heard and do in p"..., 9000) = 9000
6699  read(5, "\nWith mirth in funeral and with "..., 3000) = 3000
6699  write(10, " observance.\nThis heavy-headed r"..., 1000) = 1000
6704  <... read resumed> " observance.\nThis heavy-headed r"..., 55000) = 1000
6699  select(12, [6], [7 9 11], NULL, NULL <unfinished ...>
6704  write(1, " observance.\nThis heavy-headed r"..., 1000 <unfinished ...>
6699  <... select resumed> )            = 3 (in [6], out [9 11])
6699  write(9, "ATIO\nSo have I heard and do in p"..., 9000 <unfinished ...>
6704  <... write resumed> )             = 1000
6699  <... write resumed> )             = 9000
6704  read(8,  <unfinished ...>
6699  write(11, "\nWith mirth in funeral and with "..., 3000) = 3000
6699  read(6, "nd ministers of grace defend us!"..., 1000) = 1000
6699  select(12, [4 5], [7 10], NULL, NULL) = 3 (in [4 5], out [10])
6699  read(4, "atio.\nHORATIO\nI saw him once; he"..., 9000) = 9000
6699  read(5, "seems.'\n'Tis not alone my inky c"..., 3000) = 3000
6699  write(10, "nd ministers of grace defend us!"..., 1000) = 1000
6704  <... read resumed> "nd ministers of grace defend us!"..., 54000) = 1000
6699  select(12, [6], [7 9 11], NULL, NULL <unfinished ...>
6704  write(1, "nd ministers of grace defend us!"..., 1000 <unfinished ...>
6699  <... select resumed> )            = 3 (in [6], out [9 11])
6699  write(9, "atio.\nHORATIO\nI saw him once; he"..., 9000 <unfinished ...>
6704  <... write resumed> )             = 1000
6699  <... write resumed> )             = 4096
6704  read(8,  <unfinished ...>
6699  write(11, "seems.'\n'Tis not alone my inky c"..., 3000) = 3000
6699  read(6, "moved ground:\nBut do not go with"..., 1000) = 1000
6699  select(12, [4 5], [7 9 10], NULL, NULL) = 3 (in [4 5], out [10])
6699  read(4, "e given you: in few, Ophelia,\nDo"..., 4096) = 4096
6699  read(5, "n\nBy what it fed on: and yet, wi"..., 3000) = 3000
6699  write(10, "moved ground:\nBut do not go with"..., 1000) = 1000
6704  <... read resumed> "moved ground:\nBut do not go with"..., 53000) = 1000
6699  select(12, [6], [7 9 11], NULL, NULL <unfinished ...>
6704  write(1, "moved ground:\nBut do not go with"..., 1000 <unfinished ...>
6699  <... select resumed> )            = 2 (in [6], out [11])
6699  write(11, "n\nBy what it fed on: and yet, wi"..., 3000) = 3000
6704  <... write resumed> )             = 1000
6699  read(6,  <unfinished ...>
6704  read(8,  <unfinished ...>
6699  <... read resumed> " I call'd. Unhand me, gentlemen."..., 1000) = 1000
6699  select(12, [5], [7 9 10], NULL, NULL) = 2 (in [5], out [10])
6699  read(5, "our father;\nThese hands are not "..., 3000) = 3000
6699  write(10, " I call'd. Unhand me, gentlemen."..., 1000) = 1000
6704  <... read resumed> " I call'd. Unhand me, gentlemen."..., 52000) = 1000
6699  select(12, [6], [7 9 11], NULL, NULL <unfinished ...>
6704  write(1, " I call'd. Unhand me, gentlemen."..., 1000 <unfinished ...>
6699  <... select resumed> )            = 2 (in [6], out [11])
6699  write(11, "our father;\nThese hands are not "..., 3000) = 3000
6704  <... write resumed> )             = 1000
6699  read(6,  <unfinished ...>
6704  read(8,  <unfinished ...>
6699  <... read resumed> "crimes done in my days of nature"..., 1000) = 1000
6699  select(12, [5], [7 9 10], NULL, NULL) = 2 (in [5], out [10])
6699  read(5, "igh'd, his will is not his own;\n"..., 3000) = 3000
6699  write(10, "crimes done in my days of nature"..., 1000) = 1000
6704  <... read resumed> "crimes done in my days of nature"..., 51000) = 1000
6699  select(12, [6], [7 9 11], NULL, NULL <unfinished ...>
6704  write(1, "crimes done in my days of nature"..., 1000 <unfinished ...>
6699  <... select resumed> )            = 2 (in [6], out [11])
6699  write(11, "igh'd, his will is not his own;\n"..., 3000 <unfinished ...>
6704  <... write resumed> )             = 1000
6699  <... write resumed> )             = 3000
6704  read(8,  <unfinished ...>
6699  read(6, "my orchard,\nA serpent stung me; "..., 1000) = 1000
6699  select(12, [5], [7 9 10], NULL, NULL) = 2 (in [5], out [10])
6699  read(5, " I have said to you.\nOPHELIA\n'Ti"..., 3000) = 3000
6699  write(10, "my orchard,\nA serpent stung me; "..., 1000) = 1000
6704  <... read resumed> "my orchard,\nA serpent stung me; "..., 50000) = 1000
6699  select(12, [6], [7 9 11], NULL, NULL <unfinished ...>
6704  write(1, "my orchard,\nA serpent stung me; "..., 1000 <unfinished ...>
6699  <... select resumed> )            = 2 (in [6], out [11])
6699  write(11, " I have said to you.\nOPHELIA\n'Ti"..., 3000 <unfinished ...>
6704  <... write resumed> )             = 1000
6699  <... write resumed> )             = 3000
6704  read(8,  <unfinished ...>
6699  read(6, "e afternoon,\nUpon my secure hour"..., 1000) = 1000
6699  select(12, [5], [7 9 10], NULL, NULL) = 2 (in [5], out [10])
6699  read(5, "LET\nAy, marry, is't:\nBut to my m"..., 3000) = 3000
6699  write(10, "e afternoon,\nUpon my secure hour"..., 1000) = 1000
6704  <... read resumed> "e afternoon,\nUpon my secure hour"..., 49000) = 1000
6699  select(12, [6], [7 9 11], NULL, NULL <unfinished ...>
6704  write(1, "e afternoon,\nUpon my secure hour"..., 1000 <unfinished ...>
6699  <... select resumed> )            = 1 (in [6])
6699  read(6,  <unfinished ...>
6704  <... write resumed> )             = 1000
6699  <... read resumed> " soul contrive\nAgainst thy mothe"..., 1000) = 1000
6704  read(8,  <unfinished ...>
6699  select(12, [], [7 9 10 11], NULL, NULL) = 1 (out [10])
6699  write(10, " soul contrive\nAgainst thy mothe"..., 1000) = 1000
6704  <... read resumed> " soul contrive\nAgainst thy mothe"..., 48000) = 1000
6699  select(12, [6], [7 9 11], NULL, NULL <unfinished ...>
6704  write(1, " soul contrive\nAgainst thy mothe"..., 1000 <unfinished ...>
6699  <... select resumed> )            = 1 (in [6])
6699  read(6, "At least I'm sure it may be so i"..., 1000) = 1000
6704  <... write resumed> )             = 1000
6699  select(12, [], [7 9 10 11], NULL, NULL <unfinished ...>
6704  read(8,  <unfinished ...>
6699  <... select resumed> )            = 1 (out [10])
6699  write(10, "At least I'm sure it may be so i"..., 1000) = 1000
6704  <... read resumed> "At least I'm sure it may be so i"..., 47000) = 1000
6699  select(12, [6], [7 9 11], NULL, NULL <unfinished ...>
6704  write(1, "At least I'm sure it may be so i"..., 1000 <unfinished ...>
6699  <... select resumed> )            = 1 (in [6])
6699  read(6, "d part:\nYou, as your business an"..., 1000) = 1000
6704  <... write resumed> )             = 1000
6699  select(12, [], [7 9 10 11], NULL, NULL <unfinished ...>
6704  read(8,  <unfinished ...>
6699  <... select resumed> )            = 1 (out [10])
6699  write(10, "d part:\nYou, as your business an"..., 1000) = 1000
6704  <... read resumed> "d part:\nYou, as your business an"..., 46000) = 1000
6699  select(12, [6], [7 9 11], NULL, NULL <unfinished ...>
6704  write(1, "d part:\nYou, as your business an"..., 1000 <unfinished ...>
6699  <... select resumed> )            = 1 (in [6])
6699  read(6, "y! say'st thou so? art thou ther"..., 1000) = 1000
6704  <... write resumed> )             = 1000
6699  select(12, [], [7 9 10 11], NULL, NULL <unfinished ...>
6704  read(8,  <unfinished ...>
6699  <... select resumed> )            = 1 (out [10])
6699  write(10, "y! say'st thou so? art thou ther"..., 1000) = 1000
6704  <... read resumed> "y! say'st thou so? art thou ther"..., 45000) = 1000
6699  select(12, [6], [7 9 11], NULL, NULL <unfinished ...>
6704  write(1, "y! say'st thou so? art thou ther"..., 1000 <unfinished ...>
6699  <... select resumed> )            = 1 (in [6])
6699  read(6, "headshake,\nOr by pronouncing of "..., 1000) = 1000
6704  <... write resumed> )             = 1000
6699  select(12, [], [7 9 10 11], NULL, NULL <unfinished ...>
6704  read(8,  <unfinished ...>
6699  <... select resumed> )            = 1 (out [10])
6699  write(10, "headshake,\nOr by pronouncing of "..., 1000) = 1000
6704  <... read resumed> "headshake,\nOr by pronouncing of "..., 44000) = 1000
6699  select(12, [6], [7 9 11], NULL, NULL <unfinished ...>
6704  write(1, "headshake,\nOr by pronouncing of "..., 1000 <unfinished ...>
6699  <... select resumed> )            = 1 (in [6])
6699  read(6, "SCO\nBernardo has my place.\nGive "..., 1000) = 1000
6704  <... write resumed> )             = 1000
6699  select(12, [], [7 9 10 11], NULL, NULL <unfinished ...>
6704  read(8,  <unfinished ...>
6699  <... select resumed> )            = 1 (out [10])
6699  write(10, "SCO\nBernardo has my place.\nGive "..., 1000) = 1000
6704  <... read resumed> "SCO\nBernardo has my place.\nGive "..., 43000) = 1000
6699  select(12, [6], [7 9 11], NULL, NULL <unfinished ...>
6704  write(1, "SCO\nBernardo has my place.\nGive "..., 1000 <unfinished ...>
6699  <... select resumed> )            = 1 (in [6])
6699  read(6, "ating one,--\nEnter Ghost\n\nMARCEL"..., 1000) = 1000
6704  <... write resumed> )             = 1000
6699  select(12, [], [7 9 10 11], NULL, NULL <unfinished ...>
6704  read(8,  <unfinished ...>
6699  <... select resumed> )            = 1 (out [10])
6699  write(10, "ating one,--\nEnter Ghost\n\nMARCEL"..., 1000) = 1000
6704  <... read resumed> "ating one,--\nEnter Ghost\n\nMARCEL"..., 42000) = 1000
6699  select(12, [6], [7 9 11], NULL, NULL <unfinished ...>
6704  write(1, "ating one,--\nEnter Ghost\n\nMARCEL"..., 1000 <unfinished ...>
6699  <... select resumed> )            = 1 (in [6])
6699  read(6, "f:\nSuch was the very armour he h"..., 1000) = 1000
6704  <... write resumed> )             = 1000
6699  select(12, [], [7 9 10 11], NULL, NULL <unfinished ...>
6704  read(8,  <unfinished ...>
6699  <... select resumed> )            = 1 (out [10])
6699  write(10, "f:\nSuch was the very armour he h"..., 1000) = 1000
6704  <... read resumed> "f:\nSuch was the very armour he h"..., 41000) = 1000
6699  select(12, [6], [7 9 11], NULL, NULL <unfinished ...>
6704  write(1, "f:\nSuch was the very armour he h"..., 1000 <unfinished ...>
6699  <... select resumed> )            = 1 (in [6])
6699  read(6,  <unfinished ...>
6704  <... write resumed> )             = 1000
6699  <... read resumed> "bras of Norway,\nThereto prick'd "..., 1000) = 1000
6704  read(8,  <unfinished ...>
6699  select(12, [], [7 9 10 11], NULL, NULL) = 1 (out [10])
6699  write(10, "bras of Norway,\nThereto prick'd "..., 1000) = 1000
