6699  select(12, [5], [7 9 10], NULL, NULL) = 2 (in [5], out [10])
6699  read(5, "thoughts no tongue,\nNor any unpr"..., 3000) = 3000
6699  write(10, "with all forms, moods, shapes of"..., 1000) = 1000
6699  select(12, [6], [7 9 11], NULL, NULL) = 2 (in [6], out [11])
6699  write(11, "thoughts no tongue,\nNor any unpr"..., 3000) = 3000
6699  read(6, " cried,\nFrom the first corse til"..., 1000) = 1000
6699  select(12, [5], [7 9 10], NULL, NULL) = 2 (in [5], out [10])
6699  read(5, "e given you: in few, Ophelia,\nDo"..., 3000) = 3000
6699  write(10, " cried,\nFrom the first corse til"..., 1000) = 1000
6699  select(12, [6], [7 9 11], NULL, NULL) = 2 (in [6], out [11])
6699  write(11, "e given you: in few, Ophelia,\nDo"..., 3000) = 3000
6699  read(6, "eavens all bruit again,\nRe-speak"..., 1000) = 1000
6699  select(12, [5], [7 9 10], NULL, NULL) = 2 (in [5], out [10])
6699  read(5, "houghts beyond the reaches of ou"..., 3000) = 3000
6699  write(10, "eavens all bruit again,\nRe-speak"..., 1000) = 1000
6699  select(12, [6], [7 9 11], NULL, NULL <unfinished ...>
6702  <... write resumed> )             = 57096
6699  <... select resumed> )            = 2 (in [6], out [11])
6702  read(8,  <unfinished ...>
6699  write(11, "houghts beyond the reaches of ou"..., 3000) = 3000
6699  read(6,  <unfinished ...>
6702  <... read resumed> "h,\nIn the dead vast and middle o"..., 70904) = 58096
6699  <... read resumed> "hy she, even she--\nO, God! a bea"..., 1000) = 1000
6702  write(6, "h,\nIn the dead vast and middle o"..., 58096 <unfinished ...>
6699  select(12, [5], [7 9 10], NULL, NULL) = 3 (in [5], out [9 10])
6699  write(9, " night, but this is wondrous str"..., 808) = 808
6699  read(5, "ings as swift\nAs meditation or t"..., 3000) = 3000
6699  write(10, "hy she, even she--\nO, God! a bea"..., 1000) = 1000
6699  select(12, [4 6], [7 9 11], NULL, NULL) = 4 (in [4 6], out [9 11])
6699  read(4, "Have we, as 'twere with a defeat"..., 808) = 808
6699  write(9, "He.\nFRANCISCO\nYou come most care"..., 9000) = 9000
6699  write(11, "ings as swift\nAs meditation or t"..., 3000) = 3000
6699  read(6, "that violence,\nTo make it truste"..., 1000) = 1000
6699  select(12, [4 5], [7 10], NULL, NULL) = 3 (in [4 5], out [10])
6699  read(4, "ung Fortinbras,--\nWho, impotent "..., 9000) = 9000
6699  read(5, "ommandment all alone shall live\n"..., 3000) = 3000
6699  write(10, "that violence,\nTo make it truste"..., 1000) = 1000
6699  select(12, [6], [7 9 11], NULL, NULL) = 3 (in [6], out [9 11])
6699  write(9, "ung Fortinbras,--\nWho, impotent "..., 9000) = 9000
6699  write(11, "ommandment all alone shall live\n"..., 3000) = 3000
6699  read(6, "n the witness of these gentlemen"..., 1000) = 1000
6699  select(12, [4 5], [7 10], NULL, NULL) = 3 (in [4 5], out [10])
6699  read(4, "ord.\nHAMLET\nFrom top to toe?\nMAR"..., 9000) = 9000
6699  read(5, " in your philosophy. But come;\nH"..., 3000) = 3000
6699  write(10, "n the witness of these gentlemen"..., 1000) = 1000
6699  select(12, [6], [7 9 11], NULL, NULL) = 3 (in [6], out [9 11])
6699  write(9, "ord.\nHAMLET\nFrom top to toe?\nMAR"..., 9000) = 9000
6699  write(11, " in your philosophy. But come;\nH"..., 3000) = 3000
6699  read(6, "ethought\nIt lifted up its head a"..., 1000) = 1000
6699  select(12, [4 5], [7 10], NULL, NULL) = 3 (in [4 5], out [10])
6699  read(4, "ausive manners, that these men,\n"..., 9000) = 9000
6699  read(5, "w now, Horatio! you tremble and "..., 3000) = 3000
6699  write(10, "ethought\nIt lifted up its head a"..., 1000) = 1000
6699  select(12, [6], [7 9 11], NULL, NULL) = 3 (in [6], out [9 11])
6699  write(9, "ausive manners, that these men,\n"..., 9000) = 9000
6699  write(11, "w now, Horatio! you tremble and "..., 3000) = 3000
6699  read(6, "h moderate haste might tell a hu"..., 1000) = 1000
6699  select(12, [4 5], [7 10], NULL, NULL) = 3 (in [4 5], out [10])
6699  read(4, "and soldiers,\nGive me one poor r"..., 9000) = 9000
6699  read(5, "s preceding still the fates\nAnd "..., 3000) = 3000
6699  write(10, "h moderate haste might tell a hu"..., 1000) = 1000
6699  select(12, [6], [7 9 11], NULL, NULL) = 3 (in [6], out [9 11])
6699  write(9, "and soldiers,\nGive me one poor r"..., 9000) = 9000
6699  write(11, "s preceding still the fates\nAnd "..., 3000) = 3000
6699  read(6, "ENE III. A room in Polonius' hou"..., 1000) = 1000
6699  select(12, [4 5], [7 10], NULL, NULL) = 3 (in [4 5], out [10])
6699  read(4, "antle clad,\nWalks o'er the dew o"..., 9000) = 9000
6699  read(5, "ht and dole,--\nTaken to wife: no"..., 3000) = 3000
6699  write(10, "ENE III. A room in Polonius' hou"..., 1000) = 1000
6699  select(12, [6], [7 9 11], NULL, NULL) = 3 (in [6], out [9 11])
6699  write(9, "antle clad,\nWalks o'er the dew o"..., 9000) = 9000
6699  write(11, "ht and dole,--\nTaken to wife: no"..., 3000) = 3000
6699  read(6, "is choice be circumscribed\nUnto "..., 1000) = 1000
6699  select(12, [4 5], [7 10], NULL, NULL) = 3 (in [4 5], out [10])
6699  read(4, "m for all in all,\nI shall not lo"..., 9000) = 9000
6699  read(5, " black,\nNor windy suspiration of"..., 3000) = 3000
6699  write(10, "is choice be circumscribed\nUnto "..., 1000) = 1000
6699  select(12, [6], [7 9 11], NULL, NULL) = 1 (in [6])
6699  read(6, "od lesson keep,\nAs watchman to m"..., 1000) = 1000
6699  select(12, [], [7 9 10 11], NULL, NULL) = 1 (out [10])
6699  write(10, "od lesson keep,\nAs watchman to m"..., 1000) = 1000
6699  select(12, [6], [7 9 11], NULL, NULL) = 1 (in [6])
6699  read(6, "d may beware of thee.\nGive every"..., 1000) = 1000
6699  select(12, [], [7 9 10 11], NULL, NULL) = 1 (out [10])
6699  write(10, "d may beware of thee.\nGive every"..., 1000) = 1000
6699  select(12, [6], [7 9 11], NULL, NULL) = 1 (in [6])
6699  read(6, "ng the Lord Hamlet.\nLORD POLONIU"..., 1000) = 1000
6699  select(12, [], [7 9 10 11], NULL, NULL) = 1 (out [10])
6699  write(10, "ng the Lord Hamlet.\nLORD POLONIU"..., 1000) = 1000
6699  select(12, [6], [7 9 11], NULL, NULL) = 1 (in [6])
6699  read(6, " POLONIUS\nAy, fashion you may ca"..., 1000) = 1000
6699  select(12, [], [7 9 10 11], NULL, NULL) = 1 (out [10])
6699  write(10, " POLONIUS\nAy, fashion you may ca"..., 1000) = 1000
6699  select(12, [6], [7 9 11], NULL, NULL) = 1 (in [6])
6699  read(6, "or talk with the Lord Hamlet.\nLo"..., 1000) = 1000
6699  select(12, [], [7 9 10 11], NULL, NULL) = 1 (out [10])
6699  write(10, "or talk with the Lord Hamlet.\nLo"..., 1000) = 1000
6699  select(12, [6], [7 9 11], NULL, NULL) = 1 (in [6])
6699  read(6, "f other nations:\nThey clepe us d"..., 1000) = 1000
6699  select(12, [], [7 9 10 11], NULL, NULL) = 1 (out [10])
6699  write(10, "f other nations:\nThey clepe us d"..., 1000) = 1000
6699  select(12, [6], [7 9 11], NULL, NULL) = 1 (in [6])
6699  read(6, "ing with thee airs from heaven o"..., 1000) = 1000
6699  select(12, [], [7 9 10 11], NULL, NULL) = 1 (out [10])
6699  write(10, "ing with thee airs from heaven o"..., 1000) = 1000
6699  select(12, [6], [7 9 11], NULL, NULL) = 1 (in [6])
6699  read(6, " speak; then I will follow it.\nH"..., 1000) = 1000
6699  select(12, [], [7 9 10 11], NULL, NULL) = 1 (out [10])
6699  write(10, " speak; then I will follow it.\nH"..., 1000) = 1000
6699  select(12, [6], [7 9 11], NULL, NULL) = 1 (in [6])
6699  read(6, "e!\nI say, away! Go on; I'll foll"..., 1000) = 1000
6699  select(12, [], [7 9 10 11], NULL, NULL) = 1 (out [10])
6699  write(10, "e!\nI say, away! Go on; I'll foll"..., 1000) = 1000
6699  select(12, [6], [7 9 11], NULL, NULL) = 1 (in [6])
6699  read(6, "\nTo tell the secrets of my priso"..., 1000) = 1000
6699  select(12, [], [7 9 10 11], NULL, NULL) = 1 (out [10])
6699  write(10, "\nTo tell the secrets of my priso"..., 1000) = 1000
6699  select(12, [6], [7 9 11], NULL, NULL) = 1 (in [6])
6699  read(6, "ss of my death\nRankly abused: bu"..., 1000) = 1000
6699  select(12, [], [7 9 10 11], NULL, NULL) = 1 (out [10])
6699  write(10, "ss of my death\nRankly abused: bu"..., 1000) = 1000
6699  select(12, [6], [7 9 11], NULL, NULL) = 1 (in [6])
6699  read(6, "n a vial,\nAnd in the porches of "..., 1000) = 1000
6699  select(12, [], [7 9 10 11], NULL, NULL) = 1 (out [10])
6699  write(10, "n a vial,\nAnd in the porches of "..., 1000) = 1000
6699  select(12, [6], [7 9 11], NULL, NULL) = 1 (in [6])
6699  read(6, " that in her bosom lodge,\nTo pri"..., 1000) = 1000
6699  select(12, [], [7 9 10 11], NULL, NULL) = 1 (out [10])
6699  write(10, " that in her bosom lodge,\nTo pri"..., 1000) = 1000
6699  select(12, [6], [7 9 11], NULL, NULL) = 1 (in [6])
6699  read(6, "w to my word;\nIt is 'Adieu, adie"..., 1000) = 1000
6699  select(12, [], [7 9 10 11], NULL, NULL) = 1 (out [10])
6699  write(10, "w to my word;\nIt is 'Adieu, adie"..., 1000) = 1000
6699  select(12, [6], [7 9 11], NULL, NULL) = 1 (in [6])
6699  read(6, "ness and desire,\nSuch as it is; "..., 1000) = 1000
6699  select(12, [], [7 9 10 11], NULL, NULL) = 1 (out [10])
6699  write(10, "ness and desire,\nSuch as it is; "..., 1000) = 1000
6699  select(12, [6], [7 9 11], NULL, NULL) = 1 (in [6])
6699  read(6, "he cellarage--\nConsent to swear."..., 1000) = 1000
6699  select(12, [], [7 9 10 11], NULL, NULL) = 1 (out [10])
6699  write(10, "he cellarage--\nConsent to swear."..., 1000) = 1000
6699  select(12, [6], [7 9 11], NULL, NULL) = 1 (in [6])
6699  read(6, "Prince of Denmark\nShakespeare ho"..., 1000) = 1000
6699  select(12, [], [7 9 10 11], NULL, NULL) = 1 (out [10])
6699  write(10, "Prince of Denmark\nShakespeare ho"..., 1000) = 1000
6699  select(12, [6], [7 9 11], NULL, NULL) = 1 (in [6])
6699  read(6, "\nBERNARDO\nSay,\nWhat, is Horatio "..., 1000) = 1000
6699  select(12, [], [7 9 10 11], NULL, NULL) = 1 (out [10])
6699  write(10, "\nBERNARDO\nSay,\nWhat, is Horatio "..., 1000) = 1000
6699  select(12, [6], [7 9 11], NULL, NULL) = 1 (in [6])
6699  read(6, "again!\nBERNARDO\nIn the same figu"..., 1000) = 1000
6699  select(12, [], [7 9 10 11], NULL, NULL) = 1 (out [10])
6699  write(10, "again!\nBERNARDO\nIn the same figu"..., 1000) = 1000
6699  select(12, [6], [7 9 11], NULL, NULL) = 1 (in [6])
6699  read(6, "frown'd he once, when, in an ang"..., 1000) = 1000
6699  select(12, [], [7 9 10 11], NULL, NULL) = 1 (out [10])
6699  write(10, "frown'd he once, when, in an ang"..., 1000) = 1000
6699  select(12, [6], [7 9 11], NULL, NULL) = 1 (in [6])
6699  read(6, " in which our valiant Hamlet--\nF"..., 1000) = 1000
6699  select(12, [], [7 9 10 11], NULL, NULL) = 1 (out [10])
6699  write(10, " in which our valiant Hamlet--\nF"..., 1000) = 1000
6699  select(12, [6], [7 9 11], NULL, NULL) = 1 (in [6])
6699  read(6, "the land.\nBERNARDO\nI think it be"..., 1000) = 1000
6699  select(12, [], [7 9 10 11], NULL, NULL <unfinished ...>
6704  <... write resumed> )             = 1000
6704  read(8, "HAMLET\n\nMy father's spirit in ar"..., 39000) = 39000
6699  <... select resumed> )            = 1 (out [10])
6704  write(1, "HAMLET\n\nMy father's spirit in ar"..., 39000 <unfinished ...>
6699  write(10, "the land.\nBERNARDO\nI think it be"..., 1000) = 1000
6699  select(12, [6], [7 9 11], NULL, NULL) = 1 (in [6])
6699  read(6, "at may to thee do ease and grace"..., 1000) = 1000
6699  select(12, [], [7 9 10 11], NULL, NULL) = 1 (out [10])
6699  write(10, "at may to thee do ease and grace"..., 1000) = 1000
6699  select(12, [6], [7 9 11], NULL, NULL) = 1 (in [6])
6699  read(6, "e: and of the truth herein\nThis "..., 1000) = 1000
6699  select(12, [], [7 9 10 11], NULL, NULL) = 1 (out [10])
6699  write(10, "e: and of the truth herein\nThis "..., 1000) = 1000
6699  select(12, [6], [7 9 11], NULL, NULL) = 1 (in [6])
6699  read(6, "RUDE, HAMLET, POLONIUS, LAERTES,"..., 1000) = 1000
6699  select(12, [], [7 9 10 11], NULL, NULL) = 1 (out [10])
6699  write(10, "RUDE, HAMLET, POLONIUS, LAERTES,"..., 1000) = 1000
6699  select(12, [6], [7 9 11], NULL, NULL) = 1 (in [6])
6699  read(6, "vantage,\nHe hath not fail'd to p"..., 1000) = 1000
6699  select(12, [], [7 9 10 11], NULL, NULL) = 1 (out [10])
6699  write(10, "vantage,\nHe hath not fail'd to p"..., 1000) = 1000
6699  select(12, [6], [7 9 11], NULL, NULL) = 1 (in [6])
6699  read(6, "uit; what is't, Laertes?\nYou can"..., 1000) = 1000
6699  select(12, [], [7 9 10 11], NULL, NULL) = 1 (out [10])
6699  write(10, "uit; what is't, Laertes?\nYou can"..., 1000) = 1000
6699  select(12, [6], [7 9 11], NULL, NULL) = 1 (in [6])
6699  read(6, "Aside] A little more than kin, a"..., 1000) = 1000
6703  <... write resumed> )             = 48000
6699  select(12, [], [7 9 10 11], NULL, NULL <unfinished ...>
6704  <... write resumed> )             = 39000
6699  <... select resumed> )            = 1 (out [10])
6704  read(8,  <unfinished ...>
6699  write(10, "Aside] A little more than kin, a"..., 1000 <unfinished ...>
6703  read(10,  <unfinished ...>
6699  <... write resumed> )             = 1000
6704  <... read resumed> "is choice be circumscribed\nUnto "..., 128000) = 28000
6699  select(12, [6], [7 9 11], NULL, NULL <unfinished ...>
6704  write(1, "is choice be circumscribed\nUnto "..., 28000 <unfinished ...>
6699  <... select resumed> )            = 2 (in [6], out [11])
6703  <... read resumed> "s apparition come,\nHe may approv"..., 34000) = 34000
6699  write(11, " black,\nNor windy suspiration of"..., 3000 <unfinished ...>
6703  write(8, "s apparition come,\nHe may approv"..., 34000 <unfinished ...>
6699  <... write resumed> )             = 3000
6699  read(6, ".\nKING CLAUDIUS\n'Tis sweet and c"..., 1000) = 1000
6699  select(12, [5], [7 9 10], NULL, NULL) = 2 (in [5], out [10])
6699  read(5, "hy name is woman!--\nA little mon"..., 3000) = 3000
6699  write(10, ".\nKING CLAUDIUS\n'Tis sweet and c"..., 1000) = 1000
6699  select(12, [6], [7 9 11], NULL, NULL) = 2 (in [6], out [11])
6699  write(11, "hy name is woman!--\nA little mon"..., 3000) = 3000
6699  read(6, "our throne;\nAnd with no less nob"..., 1000) = 1000
6699  select(12, [5], [7 9 10], NULL, NULL) = 2 (in [5], out [10])
6699  read(5, "My lord, upon the platform where"..., 3000) = 3000
6699  write(10, "our throne;\nAnd with no less nob"..., 1000) = 1000
6699  select(12, [6], [7 9 11], NULL, NULL) = 2 (in [6], out [11])
6699  write(11, "My lord, upon the platform where"..., 3000) = 3000
6699  read(6, "canon 'gainst self-slaughter! O "..., 1000) = 1000
6699  select(12, [5], [7 9 10], NULL, NULL) = 2 (in [5], out [10])
6704  <... write resumed> )             = 28000
6699  read(5,  <unfinished ...>
6704  read(8,  <unfinished ...>
6699  <... read resumed> "ot, as unvalued persons do,\nCarv"..., 3000) = 3000
6699  write(10, "canon 'gainst self-slaughter! O "..., 1000 <unfinished ...>
6704  <... read resumed> "Aside] A little more than kin, a"..., 100000) = 3000
6699  <... write resumed> )             = 1000
6699  select(12, [6], [7 9 11], NULL, NULL <unfinished ...>
6704  write(1, "Aside] A little more than kin, a"..., 3000 <unfinished ...>
6699  <... select resumed> )            = 2 (in [6], out [11])
6699  write(11, "ot, as unvalued persons do,\nCarv"..., 3000) = 3000
6704  <... write resumed> )             = 3000
6699  read(6,  <unfinished ...>
6704  read(8,  <unfinished ...>
6699  <... read resumed> "lt of most unrighteous tears\nHad"..., 1000) = 1000
6704  <... read resumed> "canon 'gainst self-slaughter! O "..., 97000) = 1000
6699  select(12, [5], [7 9 10], NULL, NULL <unfinished ...>
6704  write(1, "canon 'gainst self-slaughter! O "..., 1000 <unfinished ...>
6699  <... select resumed> )            = 2 (in [5], out [10])
6699  read(5,  <unfinished ...>
6704  <... write resumed> )             = 1000
6699  <... read resumed> "ep the key of it.\nLAERTES\nFarewe"..., 3000) = 3000
6704  read(8,  <unfinished ...>
6699  write(10, "lt of most unrighteous tears\nHad"..., 1000) = 1000
6704  <... read resumed> "lt of most unrighteous tears\nHad"..., 96000) = 1000
6699  select(12, [6], [7 9 11], NULL, NULL <unfinished ...>
6704  write(1, "lt of most unrighteous tears\nHad"..., 1000 <unfinished ...>
6699  <... select resumed> )            = 2 (in [6], out [11])
6699  write(11, "ep the key of it.\nLAERTES\nFarewe"..., 3000) = 3000
6704  <... write resumed> )             = 1000
6699  read(6,  <unfinished ...>
6704  read(8,  <unfinished ...>
6699  <... read resumed> "father's funeral.\nHAMLET\nI pray "..., 1000) = 1000
6699  select(12, [5], [7 9 10], NULL, NULL) = 2 (in [5], out [10])
6699  read(5, "orn, it is a custom\nMore honour'"..., 3000) = 3000
6699  write(10, "father's funeral.\nHAMLET\nI pray "..., 1000) = 1000
6704  <... read resumed> "father's funeral.\nHAMLET\nI pray "..., 95000) = 1000
6699  select(12, [6], [7 9 11], NULL, NULL <unfinished ...>
6704  write(1, "father's funeral.\nHAMLET\nI pray "..., 1000 <unfinished ...>
6699  <... select resumed> )            = 2 (in [6], out [11])
6699  write(11, "orn, it is a custom\nMore honour'"..., 3000) = 3000
6699  read(6,  <unfinished ...>
6704  <... write resumed> )             = 1000
6699  <... read resumed> "ght,\nBeen thus encounter'd. A fi"..., 1000) = 1000
6704  read(8,  <unfinished ...>
6699  select(12, [5], [7 9 10], NULL, NULL) = 2 (in [5], out [10])
6699  read(5, " this body\nAs hardy as the Nemea"..., 3000) = 3000
6699  write(10, "ght,\nBeen thus encounter'd. A fi"..., 1000) = 1000
6704  <... read resumed> "ght,\nBeen thus encounter'd. A fi"..., 94000) = 1000
6699  select(12, [6], [7 9 11], NULL, NULL <unfinished ...>
6704  write(1, "ght,\nBeen thus encounter'd. A fi"..., 1000 <unfinished ...>
6699  <... select resumed> )            = 2 (in [6], out [11])
6699  write(11, " this body\nAs hardy as the Nemea"..., 3000) = 3000
6704  <... write resumed> )             = 1000
6699  read(6,  <unfinished ...>
6704  read(8,  <unfinished ...>
6699  <... read resumed> "ry strange.\nHORATIO\nAs I do live"..., 1000) = 1000
6699  select(12, [5], [7 9 10], NULL, NULL) = 2 (in [5], out [10])
6699  read(5, "e be. Sleeping within my orchard"..., 3000) = 3000
6699  write(10, "ry strange.\nHORATIO\nAs I do live"..., 1000) = 1000
6704  <... read resumed> "ry strange.\nHORATIO\nAs I do live"..., 93000) = 1000
6699  select(12, [6], [7 9 11], NULL, NULL <unfinished ...>
6704  write(1, "ry strange.\nHORATIO\nAs I do live"..., 1000 <unfinished ...>
6699  <... select resumed> )            = 2 (in [6], out [11])
6699  write(11, "e be. Sleeping within my orchard"..., 3000) = 3000
6704  <... write resumed> )             = 1000
6699  read(6,  <unfinished ...>
6704  read(8,  <unfinished ...>
6699  <... read resumed> "tch to-night;\nPerchance 'twill w"..., 1000) = 1000
6699  select(12, [5], [7 9 10], NULL, NULL) = 2 (in [5], out [10])
6699  read(5, "ircumstance at all,\nI hold it fi"..., 3000) = 3000
6699  write(10, "tch to-night;\nPerchance 'twill w"..., 1000) = 1000
6704  <... read resumed> "tch to-night;\nPerchance 'twill w"..., 92000) = 1000
6699  select(12, [6], [7 9 11], NULL, NULL <unfinished ...>
6704  write(1, "tch to-night;\nPerchance 'twill w"..., 1000 <unfinished ...>
6699  <... select resumed> )            = 2 (in [6], out [11])
6704  <... write resumed> )             = 1000
6699  write(11, "ircumstance at all,\nI hold it fi"..., 3000 <unfinished ...>
6704  read(8,  <unfinished ...>
6699  <... write resumed> )             = 3000
6699  read(6, "ELIA\nDo you doubt that?\nLAERTES\n"..., 1000) = 1000
6699  select(12, [5], [7 9 10], NULL, NULL) = 2 (in [5], out [10])
6699  read(5, " farewell, honest soldier:\nWho h"..., 3000) = 3000
6699  write(10, "ELIA\nDo you doubt that?\nLAERTES\n"..., 1000) = 1000
6704  <... read resumed> "ELIA\nDo you doubt that?\nLAERTES\n"..., 91000) = 1000
6699  select(12, [6], [7 9 11], NULL, NULL <unfinished ...>
6704  write(1, "ELIA\nDo you doubt that?\nLAERTES\n"..., 1000 <unfinished ...>
6699  <... select resumed> )            = 2 (in [6], out [11])
6699  write(11, " farewell, honest soldier:\nWho h"..., 3000 <unfinished ...>
6704  <... write resumed> )             = 1000
6699  <... write resumed> )             = 3000
6704  read(8,  <unfinished ...>
6699  read(6, "ying deed; which is no further\nT"..., 1000) = 1000
6699  select(12, [5], [7 9 10], NULL, NULL) = 2 (in [5], out [10])
6699  read(5, "even but now appear'd to us,\nWas"..., 3000) = 3000
6699  write(10, "ying deed; which is no further\nT"..., 1000) = 1000
6704  <... read resumed> "ying deed; which is no further\nT"..., 90000) = 1000
6699  select(12, [6], [7 9 11], NULL, NULL <unfinished ...>
6704  write(1, "ying deed; which is no further\nT"..., 1000 <unfinished ...>
6699  <... select resumed> )            = 2 (in [6], out [11])
6699  write(11, "even but now appear'd to us,\nWas"..., 3000 <unfinished ...>
6704  <... write resumed> )             = 1000
6699  <... write resumed> )             = 3000
6704  read(8,  <unfinished ...>
6699  read(6, "h of dalliance treads,\nAnd recks"..., 1000) = 1000
6699  select(12, [5], [7 9 10], NULL, NULL) = 2 (in [5], out [10])
6699  read(5, "Awake the god of day; and, at hi"..., 3000) = 3000
6699  write(10, "h of dalliance treads,\nAnd recks"..., 1000) = 1000
6704  <... read resumed> "h of dalliance treads,\nAnd recks"..., 89000) = 1000
6699  select(12, [6], [7 9 11], NULL, NULL <unfinished ...>
6704  write(1, "h of dalliance treads,\nAnd recks"..., 1000 <unfinished ...>
6699  <... select resumed> )            = 1 (in [6])
6699  read(6,  <unfinished ...>
6704  <... write resumed> )             = 1000
6699  <... read resumed> "oft proclaims the man,\nAnd they "..., 1000) = 1000
6704  read(8,  <unfinished ...>
6699  select(12, [], [7 9 10 11], NULL, NULL) = 1 (out [10])
6699  write(10, "oft proclaims the man,\nAnd they "..., 1000) = 1000
6704  <... read resumed> "oft proclaims the man,\nAnd they "..., 88000) = 1000
6699  select(12, [6], [7 9 11], NULL, NULL <unfinished ...>
6704  write(1, "oft proclaims the man,\nAnd they "..., 1000 <unfinished ...>
6699  <... select resumed> )            = 1 (in [6])
6699  read(6, "put on me,\nAnd that in way of ca"..., 1000) = 1000
6699  select(12, [], [7 9 10 11], NULL, NULL <unfinished ...>
6704  <... write resumed> )             = 1000
6699  <... select resumed> )            = 1 (out [10])
6704  read(8,  <unfinished ...>
6699  write(10, "put on me,\nAnd that in way of ca"..., 1000) = 1000
6704  <... read resumed> "put on me,\nAnd that in way of ca"..., 87000) = 1000
6699  select(12, [6], [7 9 11], NULL, NULL <unfinished ...>
6704  write(1, "put on me,\nAnd that in way of ca"..., 1000 <unfinished ...>
6699  <... select resumed> )            = 1 (in [6])
6699  read(6,  <unfinished ...>
6704  <... write resumed> )             = 1000
6699  <... read resumed> "the blood burns, how prodigal th"..., 1000) = 1000
6704  read(8,  <unfinished ...>
6699  select(12, [], [7 9 10 11], NULL, NULL) = 1 (out [10])
6699  write(10, "the blood burns, how prodigal th"..., 1000) = 1000
6704  <... read resumed> "the blood burns, how prodigal th"..., 86000) = 1000
6699  select(12, [6], [7 9 11], NULL, NULL <unfinished ...>
6704  write(1, "the blood burns, how prodigal th"..., 1000 <unfinished ...>
6699  <... select resumed> )            = 1 (in [6])
6699  read(6, "d.\nHORATIO\nIt is a nipping and a"..., 1000) = 1000
6704  <... write resumed> )             = 1000
6699  select(12, [], [7 9 10 11], NULL, NULL <unfinished ...>
6704  read(8,  <unfinished ...>
6699  <... select resumed> )            = 1 (out [10])
6699  write(10, "d.\nHORATIO\nIt is a nipping and a"..., 1000) = 1000
6704  <... read resumed> "d.\nHORATIO\nIt is a nipping and a"..., 85000) = 1000
6699  select(12, [6], [7 9 11], NULL, NULL <unfinished ...>
6704  write(1, "d.\nHORATIO\nIt is a nipping and a"..., 1000 <unfinished ...>
6699  <... select resumed> )            = 1 (in [6])
6699  read(6, "particular men,\nThat for some vi"..., 1000) = 1000
6704  <... write resumed> )             = 1000
6699  select(12, [], [7 9 10 11], NULL, NULL <unfinished ...>
6704  read(8,  <unfinished ...>
6699  <... select resumed> )            = 1 (out [10])
6699  write(10, "particular men,\nThat for some vi"..., 1000) = 1000
6704  <... read resumed> "particular men,\nThat for some vi"..., 84000) = 1000
6699  select(12, [6], [7 9 11], NULL, NULL <unfinished ...>
6704  write(1, "particular men,\nThat for some vi"..., 1000 <unfinished ...>
6699  <... select resumed> )            = 1 (in [6])
6699  read(6, "me!\nLet me not burst in ignoranc"..., 1000) = 1000
6704  <... write resumed> )             = 1000
6699  select(12, [], [7 9 10 11], NULL, NULL <unfinished ...>
6704  read(8,  <unfinished ...>
6699  <... select resumed> )            = 1 (out [10])
6699  write(10, "me!\nLet me not burst in ignoranc"..., 1000) = 1000
6704  <... read resumed> "me!\nLet me not burst in ignoranc"..., 83000) = 1000
6699  select(12, [6], [7 9 11], NULL, NULL <unfinished ...>
6704  write(1, "me!\nLet me not burst in ignoranc"..., 1000 <unfinished ...>
6699  <... select resumed> )            = 1 (in [6])
6699  read(6, " forth again: I'll follow it.\nHO"..., 1000) = 1000
6704  <... write resumed> )             = 1000
6699  select(12, [], [7 9 10 11], NULL, NULL <unfinished ...>
6704  read(8,  <unfinished ...>
6699  <... select resumed> )            = 1 (out [10])
6699  write(10, " forth again: I'll follow it.\nHO"..., 1000) = 1000
6704  <... read resumed> " forth again: I'll follow it.\nHO"..., 82000) = 1000
6699  select(12, [6], [7 9 11], NULL, NULL <unfinished ...>
6704  write(1, " forth again: I'll follow it.\nHO"..., 1000 <unfinished ...>
6699  <... select resumed> )            = 1 (in [6])
6699  read(6, "MARCELLUS\nSomething is rotten in"..., 1000) = 1000
6699  select(12, [], [7 9 10 11], NULL, NULL <unfinished ...>
6704  <... write resumed> )             = 1000
6699  <... select resumed> )            = 1 (out [10])
6704  read(8,  <unfinished ...>
6699  write(10, "MARCELLUS\nSomething is rotten in"..., 1000) = 1000
6704  <... read resumed> "MARCELLUS\nSomething is rotten in"..., 81000) = 1000
6699  select(12, [6], [7 9 11], NULL, NULL <unfinished ...>
6704  write(1, "MARCELLUS\nSomething is rotten in"..., 1000 <unfinished ...>
6699  <... select resumed> )            = 1 (in [6])
6699  read(6, "ocks to part\nAnd each particular"..., 1000) = 1000
6699  select(12, [], [7 9 10 11], NULL, NULL <unfinished ...>
6704  <... write resumed> )             = 1000
6699  <... select resumed> )            = 1 (out [10])
6704  read(8,  <unfinished ...>
6699  write(10, "ocks to part\nAnd each particular"..., 1000) = 1000
6704  <... read resumed> "ocks to part\nAnd each particular"..., 80000) = 1000
6699  select(12, [6], [7 9 11], NULL, NULL <unfinished ...>
6704  write(1, "ocks to part\nAnd each particular"..., 1000 <unfinished ...>
6699  <... select resumed> )            = 1 (in [6])
6699  read(6, " witchcraft of his wit, with tra"..., 1000) = 1000
6699  select(12, [], [7 9 10 11], NULL, NULL <unfinished ...>
6704  <... write resumed> )             = 1000
6699  <... select resumed> )            = 1 (out [10])
6704  read(8,  <unfinished ...>
6699  write(10, " witchcraft of his wit, with tra"..., 1000) = 1000
6704  <... read resumed> " witchcraft of his wit, with tra"..., 79000) = 1000
6699  select(12, [6], [7 9 11], NULL, NULL <unfinished ...>
6704  write(1, " witchcraft of his wit, with tra"..., 1000 <unfinished ...>
6699  <... select resumed> )            = 1 (in [6])
6699  read(6, " with a sudden vigour doth posse"..., 1000) = 1000
6704  <... write resumed> )             = 1000
6699  select(12, [], [7 9 10 11], NULL, NULL <unfinished ...>
6704  read(8,  <unfinished ...>
6699  <... select resumed> )            = 1 (out [10])
6699  write(10, " with a sudden vigour doth posse"..., 1000) = 1000
6704  <... read resumed> " with a sudden vigour doth posse"..., 78000) = 1000
6699  select(12, [6], [7 9 11], NULL, NULL <unfinished ...>
6704  write(1, " with a sudden vigour doth posse"..., 1000 <unfinished ...>
6699  <... select resumed> )            = 1 (in [6])
6699  read(6, "st of heaven! O earth! what else"..., 1000) = 1000
6704  <... write resumed> )             = 1000
6699  select(12, [], [7 9 10 11], NULL, NULL <unfinished ...>
6704  read(8,  <unfinished ...>
6699  <... select resumed> )            = 1 (out [10])
6699  write(10, "st of heaven! O earth! what else"..., 1000) = 1000
6704  <... read resumed> "st of heaven! O earth! what else"..., 77000) = 1000
6699  select(12, [6], [7 9 11], NULL, NULL <unfinished ...>
6704  write(1, "st of heaven! O earth! what else"..., 1000 <unfinished ...>
6699  <... select resumed> )            = 1 (in [6])
6699  read(6, " Hillo, ho, ho, my lord!\nHAMLET\n"..., 1000) = 1000
6699  select(12, [], [7 9 10 11], NULL, NULL <unfinished ...>
6704  <... write resumed> )             = 1000
6699  <... select resumed> )            = 1 (out [10])
6704  read(8,  <unfinished ...>
6699  write(10, " Hillo, ho, ho, my lord!\nHAMLET\n"..., 1000) = 1000
6704  <... read resumed> " Hillo, ho, ho, my lord!\nHAMLET\n"..., 76000) = 1000
6699  select(12, [6], [7 9 11], NULL, NULL <unfinished ...>
6704  write(1, " Hillo, ho, ho, my lord!\nHAMLET\n"..., 1000 <unfinished ...>
6699  <... select resumed> )            = 1 (in [6])
6699  read(6, "ere's no offence, my lord.\nHAMLE"..., 1000) = 1000
6699  select(12, [], [7 9 10 11], NULL, NULL <unfinished ...>
6704  <... write resumed> )             = 1000
6699  <... select resumed> )            = 1 (out [10])
6704  read(8,  <unfinished ...>
6699  write(10, "ere's no offence, my lord.\nHAMLE"..., 1000) = 1000
6704  <... read resumed> "ere's no offence, my lord.\nHAMLE"..., 75000) = 1000
6699  select(12, [6], [7 9 11], NULL, NULL <unfinished ...>
6704  write(1, "ere's no offence, my lord.\nHAMLE"..., 1000 <unfinished ...>
6699  <... select resumed> )            = 1 (in [6])
6699  read(6, "hither, gentlemen,\nAnd lay your "..., 1000) = 1000
6699  select(12, [], [7 9 10 11], NULL, NULL <unfinished ...>
6704  <... write resumed> )             = 1000
6699  <... select resumed> )            = 1 (out [10])
6704  read(8,  <unfinished ...>
6699  write(10, "hither, gentlemen,\nAnd lay your "..., 1000) = 1000
6704  <... read resumed> "hither, gentlemen,\nAnd lay your "..., 74000) = 1000
6699  select(12, [6], [7 9 11], NULL, NULL <unfinished ...>
6704  write(1, "hither, gentlemen,\nAnd lay your "..., 1000 <unfinished ...>
6699  <... select resumed> )            = 1 (in [6])
6699  read(6, " and unfold yourself.\nBERNARDO\nL"..., 1000) = 1000
6699  select(12, [], [7 9 10 11], NULL, NULL <unfinished ...>
6704  <... write resumed> )             = 1000
6699  <... select resumed> )            = 1 (out [10])
6704  read(8,  <unfinished ...>
6699  write(10, " and unfold yourself.\nBERNARDO\nL"..., 1000) = 1000
6704  <... read resumed> " and unfold yourself.\nBERNARDO\nL"..., 73000) = 1000
6699  select(12, [6], [7 9 11], NULL, NULL <unfinished ...>
6704  write(1, " and unfold yourself.\nBERNARDO\nL"..., 1000 <unfinished ...>
6699  <... select resumed> )            = 1 (in [6])
6699  read(6, "io says 'tis but our fantasy,\nAn"..., 1000) = 1000
6699  select(12, [], [7 9 10 11], NULL, NULL <unfinished ...>
6704  <... write resumed> )             = 1000
6699  <... select resumed> )            = 1 (out [10])
6704  read(8,  <unfinished ...>
6699  write(10, "io says 'tis but our fantasy,\nAn"..., 1000) = 1000
6704  <... read resumed> "io says 'tis but our fantasy,\nAn"..., 72000) = 1000
6699  select(12, [6], [7 9 11], NULL, NULL <unfinished ...>
6704  write(1, "io says 'tis but our fantasy,\nAn"..., 1000 <unfinished ...>
6699  <... select resumed> )            = 1 (in [6])
6699  read(6, " wonder.\nBERNARDO\nIt would be sp"..., 1000) = 1000
6704  <... write resumed> )             = 1000
6699  select(12, [], [7 9 10 11], NULL, NULL <unfinished ...>
6704  read(8,  <unfinished ...>
6699  <... select resumed> )            = 1 (out [10])
6699  write(10, " wonder.\nBERNARDO\nIt would be sp"..., 1000) = 1000
6704  <... read resumed> " wonder.\nBERNARDO\nIt would be sp"..., 71000) = 1000
6699  select(12, [6], [7 9 11], NULL, NULL <unfinished ...>
6704  write(1, " wonder.\nBERNARDO\nIt would be sp"..., 1000 <unfinished ...>
6699  <... select resumed> )            = 1 (in [6])
6699  read(6, "particular thought to work I kno"..., 1000) = 1000
6699  select(12, [], [7 9 10 11], NULL, NULL <unfinished ...>
6704  <... write resumed> )             = 1000
6699  <... select resumed> )            = 1 (out [10])
6704  read(8,  <unfinished ...>
6699  write(10, "particular thought to work I kno"..., 1000) = 1000
6704  <... read resumed> "particular thought to work I kno"..., 70000) = 1000
6699  select(12, [6], [7 9 11], NULL, NULL <unfinished ...>
6704  write(1, "particular thought to work I kno"..., 1000 <unfinished ...>
6699  <... select resumed> )            = 1 (in [6])
6699  read(6, "Which he stood seized of, to the"..., 1000) = 1000
6704  <... write resumed> )             = 1000
6699  select(12, [], [7 9 10 11], NULL, NULL <unfinished ...>
6704  read(8,  <unfinished ...>
6699  <... select resumed> )            = 1 (out [10])
6699  write(10, "Which he stood seized of, to the"..., 1000) = 1000
6704  <... read resumed> "Which he stood seized of, to the"..., 69000) = 1000
6699  select(12, [6], [7 9 11], NULL, NULL <unfinished ...>
6704  write(1, "Which he stood seized of, to the"..., 1000 <unfinished ...>
6699  <... select resumed> )            = 1 (in [6])
6699  read(6,  <unfinished ...>
6704  <... write resumed> )             = 1000
6699  <... read resumed> "trouble the mind's eye.\nIn the m"..., 1000) = 1000
6704  read(8,  <unfinished ...>
6699  select(12, [], [7 9 10 11], NULL, NULL) = 1 (out [10])
6699  write(10, "trouble the mind's eye.\nIn the m"..., 1000) = 1000
6704  <... read resumed> "trouble the mind's eye.\nIn the m"..., 68000) = 1000
6699  select(12, [6], [7 9 11], NULL, NULL <unfinished ...>
6704  write(1, "trouble the mind's eye.\nIn the m"..., 1000 <unfinished ...>
6699  <... select resumed> )            = 1 (in [6])
6699  read(6, "e womb of earth,\nFor which, they"..., 1000) = 1000
6704  <... write resumed> )             = 1000
6699  select(12, [], [7 9 10 11], NULL, NULL <unfinished ...>
6704  read(8,  <unfinished ...>
6699  <... select resumed> )            = 1 (out [10])
6699  write(10, "e womb of earth,\nFor which, they"..., 1000) = 1000
6704  <... read resumed> "e womb of earth,\nFor which, they"..., 67000) = 1000
6699  select(12, [6], [7 9 11], NULL, NULL <unfinished ...>
6704  write(1, "e womb of earth,\nFor which, they"..., 1000 <unfinished ...>
6699  <... select resumed> )            = 1 (in [6])
6699  read(6, "g singeth all night long:\nAnd th"..., 1000) = 1000
6704  <... write resumed> )             = 1000
6699  select(12, [], [7 9 10 11], NULL, NULL <unfinished ...>
6704  read(8,  <unfinished ...>
6699  <... select resumed> )            = 1 (out [10])
6699  write(10, "g singeth all night long:\nAnd th"..., 1000) = 1000
6704  <... read resumed> "g singeth all night long:\nAnd th"..., 66000) = 1000
6699  select(12, [6], [7 9 11], NULL, NULL <unfinished ...>
6704  write(1, "g singeth all night long:\nAnd th"..., 1000 <unfinished ...>
6699  <... select resumed> )            = 1 (in [6])
6699  read(6, "r whole kingdom\nTo be contracted"..., 1000) = 1000
6704  <... write resumed> )             = 1000
6699  select(12, [], [7 9 10 11], NULL, NULL <unfinished ...>
6704  read(8,  <unfinished ...>
6699  <... select resumed> )            = 1 (out [10])
6699  write(10, "r whole kingdom\nTo be contracted"..., 1000) = 1000
6704  <... read resumed> "r whole kingdom\nTo be contracted"..., 65000) = 1000
6699  select(12, [6], [7 9 11], NULL, NULL <unfinished ...>
6704  write(1, "r whole kingdom\nTo be contracted"..., 1000 <unfinished ...>
6699  <... select resumed> )            = 1 (in [6])
6699  read(6, " of meeting:\nThus much the busin"..., 1000) = 1000
6704  <... write resumed> )             = 1000
6699  select(12, [], [7 9 10 11], NULL, NULL <unfinished ...>
6704  read(8,  <unfinished ...>
6699  <... select resumed> )            = 1 (out [10])
6699  write(10, " of meeting:\nThus much the busin"..., 1000) = 1000
6704  <... read resumed> " of meeting:\nThus much the busin"..., 64000) = 1000
6699  select(12, [6], [7 9 11], NULL, NULL <unfinished ...>
6704  write(1, " of meeting:\nThus much the busin"..., 1000 <unfinished ...>
6699  <... select resumed> )            = 1 (in [6])
6699  read(6, "re instrumental to the mouth,\nTh"..., 1000) = 1000
6704  <... write resumed> )             = 1000
6699  select(12, [], [7 9 10 11], NULL, NULL <unfinished ...>
6704  read(8,  <unfinished ...>
6699  <... select resumed> )            = 1 (out [10])
6703  <... write resumed> )             = 34000
6699  write(10, "re instrumental to the mouth,\nTh"..., 1000 <unfinished ...>
6703  read(10,  <unfinished ...>
6699  <... write resumed> )             = 1000
6704  <... read resumed> "re instrumental to the mouth,\nTh"..., 63000) = 1000
6699  select(12, [6], [7 9 11], NULL, NULL <unfinished ...>
6704  write(1, "re instrumental to the mouth,\nTh"..., 1000 <unfinished ...>
6699  <... select resumed> )            = 2 (in [6], out [11])
6703  <... read resumed> "ET\nThere's ne'er a villain dwell"..., 128000) = 47000
6703  write(8, "ET\nThere's ne'er a villain dwell"..., 47000 <unfinished ...>
6704  <... write resumed> )             = 1000
6699  write(11, "Awake the god of day; and, at hi"..., 3000 <unfinished ...>
6704  read(8,  <unfinished ...>
6699  <... write resumed> )             = 3000
6699  read(6, "\nAnd let thine eye look like a f"..., 1000) = 1000
6699  select(12, [5], [7 9 10], NULL, NULL) = 2 (in [5], out [10])
6699  read(5, "e doubt it nothing: heartily far"..., 3000) = 3000
6699  write(10, "\nAnd let thine eye look like a f"..., 1000) = 1000
6704  <... read resumed> "\nAnd let thine eye look like a f"..., 62000) = 1000
6699  select(12, [6], [7 9 11], NULL, NULL <unfinished ...>
6704  write(1, "\nAnd let thine eye look like a f"..., 1000 <unfinished ...>
6699  <... select resumed> )            = 2 (in [6], out [11])
6699  write(11, "e doubt it nothing: heartily far"..., 3000) = 3000
6704  <... write resumed> )             = 1000
6699  read(6,  <unfinished ...>
6704  read(8,  <unfinished ...>
6699  <... read resumed> "lial obligation for some term\nTo"..., 1000) = 1000
6699  select(12, [5], [7 9 10], NULL, NULL) = 2 (in [5], out [10])
6699  read(5, "y you, throw to earth\nThis unpre"..., 3000) = 3000
6702  <... write resumed> )             = 58096
6699  write(10, "lial obligation for some term\nTo"..., 1000 <unfinished ...>
6702  read(8,  <unfinished ...>
6699  <... write resumed> )             = 1000
6704  <... read resumed> "lial obligation for some term\nTo"..., 61000) = 1000
6699  select(12, [6], [7 9 11], NULL, NULL <unfinished ...>
6704  write(1, "lial obligation for some term\nTo"..., 1000 <unfinished ...>
6699  <... select resumed> )            = 3 (in [6], out [9 11])
6702  <... read resumed> " night, but this is wondrous str"..., 12808) = 12808
6699  write(9, "m for all in all,\nI shall not lo"..., 9000 <unfinished ...>
6704  <... write resumed> )             = 1000
6699  <... write resumed> )             = 9000
6704  read(8,  <unfinished ...>
6699  write(11, "y you, throw to earth\nThis unpre"..., 3000 <unfinished ...>
6702  write(6, " night, but this is wondrous str"..., 12808 <unfinished ...>
6699  <... write resumed> )             = 3000
6699  read(6, "eseech you, bend you to remain\nH"..., 1000) = 1000
6699  select(12, [4 5], [7 10], NULL, NULL) = 3 (in [4 5], out [10])
6699  read(4, " of that dye which their investm"..., 9000) = 9000
6701  <... write resumed> )             = 62192
6699  read(5,  <unfinished ...>
6701  read(6,  <unfinished ...>
6699  <... read resumed> "u are no truant.\nBut what is you"..., 3000) = 3000
6701  <... read resumed> "loves, as mine to you: farewell."..., 7424) = 7424
6699  write(10, "eseech you, bend you to remain\nH"..., 1000 <unfinished ...>
6701  write(5, "loves, as mine to you: farewell."..., 7424 <unfinished ...>
6699  <... write resumed> )             = 1000
6704  <... read resumed> "eseech you, bend you to remain\nH"..., 60000) = 1000
6699  select(12, [6], [7 9 11], NULL, NULL <unfinished ...>
6704  write(1, "eseech you, bend you to remain\nH"..., 1000 <unfinished ...>
6699  <... select resumed> )            = 4 (in [6], out [7 9 11])
6699  write(7, "o Hamlet. Now, sir, young Fortin"..., 22904) = 8192
6704  <... write resumed> )             = 1000
6699  write(9, " of that dye which their investm"..., 9000 <unfinished ...>
6704  read(8,  <unfinished ...>
6699  <... write resumed> )             = 4096
6699  write(11, "u are no truant.\nBut what is you"..., 3000) = 3000
6699  read(6, "\nPossess it merely. That it shou"..., 1000) = 1000
6699  select(12, [3 4 5], [7 9 10], NULL, NULL) = 4 (in [3 4 5], out [10])
6699  read(3, "hts of love,\nMay sweep to my rev"..., 8192) = 8192
6699  read(4, "with baser matter: yes, by heave"..., 4096) = 4096
6701  <... write resumed> )             = 7424
6699  read(5,  <unfinished ...>
6701  read(6,  <unfinished ...>
6699  <... read resumed> "O\nNot when I saw't.\nHAMLET\nHis b"..., 3000) = 3000
6699  write(10, "\nPossess it merely. That it shou"..., 1000 <unfinished ...>
6701  <... read resumed> "pith and marrow of our attribute"..., 128000) = 61288
6699  <... write resumed> )             = 1000
6704  <... read resumed> "\nPossess it merely. That it shou"..., 59000) = 1000
6699  select(12, [6], [7 9 11], NULL, NULL <unfinished ...>
6704  write(1, "\nPossess it merely. That it shou"..., 1000 <unfinished ...>
6699  <... select resumed> )            = 3 (in [6], out [7 11])
6701  write(5, "pith and marrow of our attribute"..., 61288 <unfinished ...>
6699  write(7, "t against the dead, a fault to n"..., 14712 <unfinished ...>
6704  <... write resumed> )             = 1000
6699  <... write resumed> )             = 14712
6704  read(8,  <unfinished ...>
6699  write(11, "O\nNot when I saw't.\nHAMLET\nHis b"..., 3000) = 3000
6699  read(6, "or I must hold my tongue.\nEnter "..., 1000) = 1000
6699  select(12, [3 5], [7 9 10], NULL, NULL) = 4 (in [3 5], out [7 10])
6699  read(3, ", Marcellus and myself,\nThe bell"..., 14712) = 14712
6699  write(7, "nature's livery, or fortune's st"..., 27000) = 27000
6699  read(5, "ngracious pastors do,\nShow me th"..., 3000) = 3000
6699  write(10, "or I must hold my tongue.\nEnter "..., 1000) = 1000
6704  <... read resumed> "or I must hold my tongue.\nEnter "..., 58000) = 1000
6699  select(12, [3 6], [9 11], NULL, NULL <unfinished ...>
6704  write(1, "or I must hold my tongue.\nEnter "..., 1000 <unfinished ...>
6699  <... select resumed> )            = 3 (in [3 6], out [11])
6699  read(3, " I saw him yesternight.\nHAMLET\nS"..., 27000) = 27000
6704  <... write resumed> )             = 1000
6699  write(11, "ngracious pastors do,\nShow me th"..., 3000 <unfinished ...>
6704  read(8,  <unfinished ...>
6699  <... write resumed> )             = 3000
6699  read(6, "\nDid coldly furnish forth the ma"..., 1000) = 1000
6699  select(12, [5], [7 9 10], NULL, NULL) = 3 (in [5], out [7 10])
6699  write(7, " I saw him yesternight.\nHAMLET\nS"..., 27000) = 20480
6699  read(5, "tenance to his speech, my lord,\n"..., 3000) = 3000
6702  <... write resumed> )             = 12808
6699  write(10, "\nDid coldly furnish forth the ma"..., 1000 <unfinished ...>
6702  read(8,  <unfinished ...>
6699  <... write resumed> )             = 1000
6704  <... read resumed> "\nDid coldly furnish forth the ma"..., 57000) = 1000
6699  select(12, [3 6], [7 9 11], NULL, NULL <unfinished ...>
6704  write(1, "\nDid coldly furnish forth the ma"..., 1000 <unfinished ...>
6699  <... select resumed> )            = 4 (in [3 6], out [9 11])
6702  <... read resumed> "ate condolement is a course\nOf i"..., 128000) = 55096
6699  read(3,  <unfinished ...>
6702  write(6, "ate condolement is a course\nOf i"..., 55096 <unfinished ...>
6704  <... write resumed> )             = 1000
6699  <... read resumed> "ld! lo, where it comes again!\nRe"..., 20480) = 20480
6704  read(8,  <unfinished ...>
6699  write(9, "ries out,\nAnd makes each petty a"..., 4904) = 4904
6699  write(11, "tenance to his speech, my lord,\n"..., 3000) = 3000
6699  read(6, "d eyes,\nWithin his truncheon's l"..., 1000) = 1000
6699  select(12, [4 5], [7 9 10], NULL, NULL) = 4 (in [4 5], out [9 10])
6699  read(4, "NCISCO\nGive you good night.\nMARC"..., 4904) = 4904
6699  write(9, "with baser matter: yes, by heave"..., 9000) = 9000
6699  read(5, "ritable,\nThou comest in such a q"..., 3000) = 3000
6699  write(10, "d eyes,\nWithin his truncheon's l"..., 1000) = 1000
6704  <... read resumed> "d eyes,\nWithin his truncheon's l"..., 56000) = 1000
6699  select(12, [4 6], [7 11], NULL, NULL <unfinished ...>
6704  write(1, "d eyes,\nWithin his truncheon's l"..., 1000 <unfinished ...>
6699  <... select resumed> )            = 3 (in [4 6], out [11])
6699  read(4, "earth together demonstrated\nUnto"..., 9000) = 9000
6704  <... write resumed> )             = 1000
6699  write(11, "ritable,\nThou comest in such a q"..., 3000 <unfinished ...>
6704  read(8,  <unfinished ...>
6699  <... write resumed> )             = 3000
6699  read(6, "S BERNARDO\nWe do, my lord.\nHAMLE"..., 1000) = 1000
6699  select(12, [5], [7 9 10], NULL, NULL) = 3 (in [5], out [9 10])
6699  write(9, "earth together demonstrated\nUnto"..., 9000) = 9000
6699  read(5, "rd\nWould harrow up thy soul, fre"..., 3000) = 3000
6699  write(10, "S BERNARDO\nWe do, my lord.\nHAMLE"..., 1000) = 1000
6704  <... read resumed> "S BERNARDO\nWe do, my lord.\nHAMLE"..., 55000) = 1000
6699  select(12, [4 6], [7 11], NULL, NULL <unfinished ...>
6704  write(1, "S BERNARDO\nWe do, my lord.\nHAMLE"..., 1000 <unfinished ...>
6699  <... select resumed> )            = 3 (in [4 6], out [11])
6699  read(4, "ollow'd my poor father's body,\nL"..., 9000) = 9000
6699  write(11, "rd\nWould harrow up thy soul, fre"..., 3000 <unfinished ...>
6704  <... write resumed> )             = 1000
6699  <... write resumed> )             = 3000
6704  read(8,  <unfinished ...>
6699  read(6, "ve hitherto conceal'd this sight"..., 1000) = 1000
6699  select(12, [5], [7 9 10], NULL, NULL) = 3 (in [5], out [9 10])
6699  write(9, "ollow'd my poor father's body,\nL"..., 9000) = 9000
6699  read(5, "ow-worm shows the matin to be ne"..., 3000) = 3000
6699  write(10, "ve hitherto conceal'd this sight"..., 1000) = 1000
6704  <... read resumed> "ve hitherto conceal'd this sight"..., 54000) = 1000
6699  select(12, [4 6], [7 11], NULL, NULL <unfinished ...>
6704  write(1, "ve hitherto conceal'd this sight"..., 1000 <unfinished ...>
6699  <... select resumed> )            = 3 (in [4 6], out [11])
6699  read(4, "ath said to you?\nOPHELIA\nSo plea"..., 9000) = 9000
6704  <... write resumed> )             = 1000
6699  write(11, "ow-worm shows the matin to be ne"..., 3000 <unfinished ...>
6704  read(8,  <unfinished ...>
6699  <... write resumed> )             = 3000
6699  read(6, "liance of a minute; No more.\nOPH"..., 1000) = 1000
6699  select(12, [5], [7 9 10], NULL, NULL) = 3 (in [5], out [9 10])
6699  write(9, "ath said to you?\nOPHELIA\nSo plea"..., 9000) = 9000
6699  read(5, " to speak of this that you have "..., 3000) = 3000
6699  write(10, "liance of a minute; No more.\nOPH"..., 1000) = 1000
6704  <... read resumed> "liance of a minute; No more.\nOPH"..., 53000) = 1000
6699  select(12, [4 6], [7 11], NULL, NULL <unfinished ...>
6704  write(1, "liance of a minute; No more.\nOPH"..., 1000 <unfinished ...>
6699  <... select resumed> )            = 3 (in [4 6], out [11])
6699  read(4, "ure hour thy uncle stole,\nWith j"..., 9000) = 9000
6704  <... write resumed> )             = 1000
6699  write(11, " to speak of this that you have "..., 3000 <unfinished ...>
6704  read(8,  <unfinished ...>
6699  <... write resumed> )             = 3000
6699  read(6, " his unmaster'd importunity.\nFea"..., 1000) = 1000
6699  select(12, [5], [7 9 10], NULL, NULL) = 3 (in [5], out [9 10])
6699  write(9, "ure hour thy uncle stole,\nWith j"..., 9000) = 9000
6699  read(5, "t a scholar; speak to it, Horati"..., 3000) = 3000
6699  write(10, " his unmaster'd importunity.\nFea"..., 1000) = 1000
6704  <... read resumed> " his unmaster'd importunity.\nFea"..., 52000) = 1000
6699  select(12, [4 6], [7 11], NULL, NULL <unfinished ...>
6704  write(1, " his unmaster'd importunity.\nFea"..., 1000 <unfinished ...>
6699  <... select resumed> )            = 3 (in [4 6], out [11])
6699  read(4,  <unfinished ...>
6704  <... write resumed> )             = 1000
6699  <... read resumed> "prick'd on by a most emulate pri"..., 9000) = 9000
6704  read(8,  <unfinished ...>
6699  write(11, "t a scholar; speak to it, Horati"..., 3000) = 3000
6699  read(6, "ONIUS\nYet here, Laertes! aboard,"..., 1000) = 1000
6699  select(12, [5], [7 9 10], NULL, NULL) = 3 (in [5], out [9 10])
6699  write(9, "prick'd on by a most emulate pri"..., 9000) = 8192
6699  read(5, "s portentous figure\nComes armed "..., 3000) = 3000
6699  write(10, "ONIUS\nYet here, Laertes! aboard,"..., 1000) = 1000
6704  <... read resumed> "ONIUS\nYet here, Laertes! aboard,"..., 51000) = 1000
6699  select(12, [4 6], [7 9 11], NULL, NULL <unfinished ...>
6704  write(1, "ONIUS\nYet here, Laertes! aboard,"..., 1000 <unfinished ...>
6699  <... select resumed> )            = 3 (in [4 6], out [11])
6699  read(4,  <unfinished ...>
6704  <... write resumed> )             = 1000
6699  <... read resumed> " let the world take note,\nYou ar"..., 8192) = 8192
6704  read(8,  <unfinished ...>
6699  write(11, "s portentous figure\nComes armed "..., 3000) = 3000
6699  read(6, "ls the edge of husbandry.\nThis a"..., 1000) = 1000
6699  select(12, [5], [7 9 10], NULL, NULL) = 2 (in [5], out [10])
6699  read(5, "G CLAUDIUS\nThough yet of Hamlet "..., 3000) = 3000
6699  write(10, "ls the edge of husbandry.\nThis a"..., 1000) = 1000
6704  <... read resumed> "ls the edge of husbandry.\nThis a"..., 50000) = 1000
6699  select(12, [6], [7 9 11], NULL, NULL <unfinished ...>
6704  write(1, "ls the edge of husbandry.\nThis a"..., 1000 <unfinished ...>
6699  <... select resumed> )            = 2 (in [6], out [11])
